10-31 10:49:27.792  1785  1800 E ActivityManager:  +0% 6693/com.android.chrome: 0% user + 0% kernel
10-31 10:49:27.792  1785  1800 E ActivityManager: 98% TOTAL: 5.8% user + 5.6% kernel + 86% iowait + 0% softirq
10-31 10:49:27.792  1785  1800 E ActivityManager: CPU usage from 1318892ms to 1318892ms ago (1970-01-01 03:00:00.000 to 1970-01-01 03:00:00.000) with 0% awake:
10-31 10:49:27.792  1785  1800 E ActivityManager: 0% TOTAL: 0% user + 0% kernel
10-31 10:49:27.817  1785  1800 I ActivityManager: Killing 5032:com.google.android.googlequicksearchbox:search/u0a29 (adj 100): bg anr
10-31 10:49:27.846  1785  1800 W BroadcastQueue: Background execution not allowed: receiving Intent { act=android.intent.action.DROPBOX_ENTRY_ADDED flg=0x10 (has extras) } to com.google.android.gms/.chimera.GmsIntentOperationService$PersistentTrustedReceiver
10-31 10:49:27.918  1785  1785 I Telecom : DefaultDialerCache: Refreshing default dialer for user 0: now com.google.android.dialer: DDC.oR@AHI
10-31 10:49:28.077  1785  3529 W ActivityManager: Scheduling restart of crashed service com.google.android.googlequicksearchbox/com.google.android.apps.gsa.tasks.BackgroundTasksJobService in 1000ms
10-31 10:49:28.078  1785  3529 W ActivityManager: Scheduling restart of crashed service com.google.android.googlequicksearchbox/com.google.android.apps.gsa.shared.util.keepalive.StandaloneKeepAlive$KeepAliveService in 10999ms
10-31 10:49:28.079  1785  3529 I ActivityManager: Killing 5018:com.google.android.apps.nexuslauncher/u0a21 (adj 0): depends on provider com.google.android.googlequicksearchbox/com.google.android.apps.gsa.staticplugins.publiccontent.GsaPublicContentProvider in dying proc com.google.android.googlequicksearchbox:search (adj 100)
10-31 10:49:28.094  1785  3529 W ActivityManager: Slow operation: 215ms so far, now at startProcess: done killing old proc
10-31 10:49:28.094  1785  3529 W ActivityManager: Slow operation: 216ms so far, now at startProcess: added package to existing proc
10-31 10:49:28.094  1785  3529 W ActivityManager: Slow operation: 217ms so far, now at startProcess: stepping in to startProcess
10-31 10:49:28.096  1785  3529 W ActivityManager: Slow operation: 218ms so far, now at startProcess: done starting proc!
10-31 10:49:28.134  1785  1802 I ActivityManager: Start proc 6738:com.google.android.googlequicksearchbox:search/u0a29 for broadcast com.google.android.googlequicksearchbox/com.google.android.apps.gsa.broadcastreceiver.CommonBroadcastReceiver
10-31 10:49:28.175  1785  3458 I WindowManager: WIN DEATH: Window{832a7df u0 com.google.android.apps.nexuslauncher/com.google.android.apps.nexuslauncher.NexusLauncherActivity}
10-31 10:49:28.190  1785  4987 D NotificationListeners: Removing active service ComponentInfo{com.google.android.apps.nexuslauncher/com.android.launcher3.notification.NotificationListener}
10-31 10:49:28.886  1785  2485 W ActivityManager: Slow operation: 702ms so far, now at attachApplicationLocked: after mServices.attachApplicationLocked
10-31 10:49:28.888  1785  2485 W ActivityManager: Slow operation: 704ms so far, now at attachApplicationLocked: after sendPendingBroadcastsLocked
10-31 10:49:28.889  1785  2616 W ActivityManager: Scheduling restart of crashed service com.google.android.apps.nexuslauncher/com.android.launcher3.notification.NotificationListener in 20188ms
10-31 10:49:28.889  1785  2616 W ActivityManager: Scheduling restart of crashed service com.google.android.apps.nexuslauncher/com.android.quickstep.TouchInteractionService in 30187ms
10-31 10:49:29.395  1785  1785 W Looper  : Slow dispatch took 1476ms main h=com.android.server.notification.NotificationManagerService$WorkerHandler c=null m=3
10-31 10:49:29.395  1785  1785 W Looper  : Slow delivery took 1305ms main h=android.os.Handler c=com.android.server.statusbar.StatusBarManagerService$4@5abdf7c m=0
10-31 10:49:29.396  1785  1785 V NotificationListeners: notification listener connection lost: ComponentInfo{com.google.android.apps.nexuslauncher/com.android.launcher3.notification.NotificationListener}
10-31 10:49:29.417  1785  5729 D ConnectivityService: ConnectivityService NetworkRequestInfo binderDied(NetworkRequest [ TRACK_DEFAULT id=22, [ Capabilities: INTERNET&NOT_RESTRICTED&TRUSTED Unwanted:  Uid: 10029] ], android.os.BinderProxy@e2e2005)
10-31 10:49:29.417  1785  5729 D ConnectivityService: ConnectivityService NetworkRequestInfo binderDied(NetworkRequest [ LISTEN id=23, [ Capabilities: INTERNET&NOT_RESTRICTED&TRUSTED Unwanted:  Uid: 10029] ], android.os.BinderProxy@43585a)
10-31 10:49:29.418  1785  1873 D ConnectivityService: releasing NetworkRequest [ TRACK_DEFAULT id=22, [ Capabilities: INTERNET&NOT_RESTRICTED&TRUSTED Unwanted:  Uid: 10029] ] (release request)
10-31 10:49:29.454  1785  1802 I ActivityManager: Start proc 6757:com.google.android.apps.nexuslauncher/u0a21 for service com.google.android.apps.nexuslauncher/com.android.quickstep.TouchInteractionService
10-31 10:49:29.825  1785  1806 W Looper  : Slow dispatch took 336ms android.fg h=com.android.server.AppStateTracker$MyHandler c=null m=0
10-31 10:49:29.825  1785  1806 W Looper  : Slow delivery took 336ms android.fg h=com.android.server.AppStateTracker$MyHandler c=null m=1
10-31 10:49:29.825  1785  1785 W Looper  : Drained
10-31 10:49:29.825  1785  1785 W Looper  : Slow dispatch took 408ms main h=android.app.ActivityThread$H c=android.app.LoadedApk$ServiceDispatcher$RunConnection@d29f467 m=0
10-31 10:49:29.831  1785  1785 W Looper  : Slow delivery took 409ms main h=android.app.ActivityThread$H c=android.app.LoadedApk$ServiceDispatcher$RunConnection@e454abd m=0
10-31 10:49:29.836  1785  1785 W Looper  : Drained
10-31 10:49:30.345  1785  1806 W Looper  : Drained
10-31 10:49:30.448  1785  1808 W ActivityManager: setHasOverlayUi called on unknown pid: 5018
10-31 10:49:36.481  1785  1785 W Looper  : Slow dispatch took 143ms main h=android.app.ActivityThread$H c=android.app.-$$Lambda$LoadedApk$ReceiverDispatcher$Args$_BumDX2UKsnxLVrE6UJsJZkotuA@430d196 m=0
10-31 10:49:36.567  1785  1785 I Telecom : DefaultDialerCache: Refreshing default dialer for user 0: now com.google.android.dialer: DDC.oR@AHM
10-31 10:49:36.568  1785  1785 W Looper  : Slow delivery took 239ms main h=android.app.ActivityThread$H c=android.app.-$$Lambda$LoadedApk$ReceiverDispatcher$Args$_BumDX2UKsnxLVrE6UJsJZkotuA@49e9964 m=0
10-31 10:49:38.532  1785  1785 W Looper  : Slow dispatch took 1961ms main h=com.android.server.notification.NotificationManagerService$WorkerHandler c=null m=3
10-31 10:49:38.918  1785  1800 W BroadcastQueue: Timeout of broadcast BroadcastRecord{c290b4c u0 com.google.android.apps.gsa.smartspace.ENABLE_UPDATE} - receiver=android.os.BinderProxy@7b6e0e8, started 10002ms ago
10-31 10:49:38.918  1785  1800 W BroadcastQueue: Receiver during timeout of BroadcastRecord{c290b4c u0 com.google.android.apps.gsa.smartspace.ENABLE_UPDATE} : ResolveInfo{cd4a301 com.google.android.googlequicksearchbox/com.google.android.apps.gsa.broadcastreceiver.external.PixelLauncherBroadcastReceiver m=0x108000}
10-31 10:49:38.981  1785  1785 W Looper  : Drained
--------- beginning of main
10-31 10:49:41.739  1660  1660 I /system/bin/tombstoned: found intercept fd 512 for pid 6738 and type kDebuggerdJavaBacktrace
10-31 10:49:41.741  1785  1800 E ActivityManager: ANR in com.google.android.googlequicksearchbox:search
10-31 10:49:41.741  1785  1800 E ActivityManager: PID: 6738
10-31 10:49:41.741  1785  1800 E ActivityManager: Reason: Broadcast of Intent { act=com.google.android.apps.gsa.smartspace.ENABLE_UPDATE flg=0x10000010 pkg=com.google.android.googlequicksearchbox cmp=com.google.android.googlequicksearchbox/com.google.android.apps.gsa.broadcastreceiver.external.PixelLauncherBroadcastReceiver }
10-31 10:49:41.741  1785  1800 E ActivityManager: Load: 0.0 / 0.0 / 0.0
10-31 10:49:41.741  1785  1800 E ActivityManager: CPU usage from 11295ms to 0ms ago (2019-10-31 10:49:27.624 to 2019-10-31 10:49:38.918):
10-31 10:49:41.741  1785  1800 E ActivityManager:   20% 1785/system_server: 15% user + 4.7% kernel / faults: 2895 minor 28 major
10-31 10:49:41.741  1785  1800 E ActivityManager:   4.2% 2441/com.google.android.gms: 2.5% user + 1.6% kernel / faults: 1290 minor 45 major
10-31 10:49:41.741  1785  1800 E ActivityManager:   3.8% 3910/host.exp.exponent: 2.7% user + 1% kernel / faults: 321 minor 2 major
10-31 10:49:41.741  1785  1800 E ActivityManager:   2.8% 1634/surfaceflinger: 1.5% user + 1.2% kernel / faults: 1 minor
10-31 10:49:41.741  1785  1800 E ActivityManager:   2.7% 5923/com.google.android.gms.persistent: 1.7% user + 0.9% kernel / faults: 1215 minor 7 major
10-31 10:49:41.741  1785  1800 E ActivityManager:   1% 1537/android.hardware.sensors@1.0-service: 0% user + 1% kernel
10-31 10:49:41.741  1785  1800 E ActivityManager:   1% 1664/android.hardware.graphics.composer@2.1-service: 0% user + 1% kernel
10-31 10:49:41.741  1785  1800 E ActivityManager:   0.9% 2002/com.android.phone: 0.6% user + 0.3% kernel / faults: 510 minor 3 major
10-31 10:49:41.741  1785  1800 E ActivityManager:   0.5% 1570/kworker/u5:2: 0% user + 0.5% kernel
10-31 10:49:41.741  1785  1800 E ActivityManager:   0.5% 2015/com.android.systemui: 0.3% user + 0.1% kernel / faults: 233 minor 23 major
10-31 10:49:41.741  1785  1800 E ActivityManager:   0.4% 1563/kworker/u5:0: 0% user + 0.4% kernel
10-31 10:49:41.741  1785  1800 E ActivityManager:   0.4% 2383/adbd: 0% user + 0.4% kernel / faults: 2660 minor
10-31 10:49:41.741  1785  1800 E ActivityManager:   0.2% 921/kworker/u4:3: 0% user + 0.2% kernel
10-31 10:49:41.741  1785  1800 E ActivityManager:   0.1% 6693/com.android.chrome: 0.1% user + 0% kernel / faults: 78 minor 12 major
10-31 10:49:41.741  1785  1800 E ActivityManager:   0% 1//init: 0% user + 0% kernel / faults: 1 major
10-31 10:49:41.741  1785  1800 E ActivityManager:   0% 7/rcu_preempt: 0% user + 0% kernel
10-31 10:49:41.741  1785  1800 E ActivityManager:   0% 621/kswapd0: 0% user + 0% kernel
10-31 10:49:41.741  1785  1800 E ActivityManager:   0% 1468/logd: 0% user + 0% kernel
10-31 10:49:41.741  1785  1800 E ActivityManager:   0% 1635/zygote: 0% user + 0% kernel / faults: 309 minor
10-31 10:49:41.741  1785  1800 E ActivityManager:   0% 1645/netd: 0% user + 0% kernel / faults: 1 minor
10-31 10:49:41.741  1785  1800 E ActivityManager:   0% 2400/com.google.process.gservices: 0% user + 0% kernel / faults: 6 minor
10-31 10:49:41.741  1785  1800 E ActivityManager:   0% 3262/com.android.providers.calendar: 0% user + 0% kernel / faults: 44 minor
10-31 10:49:41.741  1785  1800 E ActivityManager:   0% 5366/com.google.android.gms.unstable: 0% user + 0% kernel / faults: 218 minor
10-31 10:49:41.741  1785  1800 E ActivityManager:   0% 6177/android.process.acore: 0% user + 0% kernel / faults: 72 minor
10-31 10:49:41.741  1785  1800 E ActivityManager:  +0% 6738/com.google.android.googlequicksearchbox:search: 0% user + 0% kernel
10-31 10:49:41.741  1785  1800 E ActivityManager:  +0% 6757/com.google.android.apps.nexuslauncher: 0% user + 0% kernel
10-31 10:49:41.741  1785  1800 E ActivityManager: 99% TOTAL: 13% user + 7% kernel + 79% iowait + 0.1% softirq
10-31 10:49:41.741  1785  1800 E ActivityManager: CPU usage from 1342707ms to 1342707ms ago (1970-01-01 03:00:00.000 to 1970-01-01 03:00:00.000) with 0% awake:
10-31 10:49:41.741  1785  1800 E ActivityManager: 0% TOTAL: 0% user + 0% kernel
10-31 10:49:41.742  6738  6746 I earchbox:searc: Wrote stack traces to '[tombstoned]'
10-31 10:49:41.745  1785  1800 I ActivityManager: Killing 6738:com.google.android.googlequicksearchbox:search/u0a29 (adj 0): bg anr
10-31 10:49:41.746  1785  1803 I chatty  : uid=1000(system) ActivityManager expire 10 lines
10-31 10:49:41.784  1785  3458 W ActivityManager: Scheduling restart of crashed service com.google.android.googlequicksearchbox/com.google.android.apps.gsa.tasks.BackgroundTasksJobService in 1000ms
10-31 10:49:41.784  1785  3458 W ActivityManager: Scheduling restart of crashed service com.google.android.googlequicksearchbox/com.google.android.apps.gsa.shared.util.keepalive.StandaloneKeepAlive$KeepAliveService in 43996ms
10-31 10:49:41.784  1635  1635 I Zygote  : Process 6738 exited due to signal (9)
10-31 10:49:41.801  1785  2994 W BroadcastQueue: Failure [background] sending broadcast result of Intent { act=com.google.android.places.signals.action.activity_recognition flg=0x10 pkg=com.google.android.gms (has extras) }
10-31 10:49:41.801  1785  2994 W BroadcastQueue: android.os.DeadObjectException
10-31 10:49:41.801  1785  2994 W BroadcastQueue: 	at android.os.BinderProxy.transactNative(Native Method)
10-31 10:49:41.801  1785  2994 W BroadcastQueue: 	at android.os.BinderProxy.transact(Binder.java:1109)
10-31 10:49:41.801  1785  2994 W BroadcastQueue: 	at android.content.IIntentReceiver$Stub$Proxy.performReceive(IIntentReceiver.java:128)
10-31 10:49:41.801  1785  2994 W BroadcastQueue: 	at com.android.server.am.BroadcastQueue.performReceiveLocked(BroadcastQueue.java:513)
10-31 10:49:41.801  1785  2994 W BroadcastQueue: 	at com.android.server.am.BroadcastQueue.processNextBroadcast(BroadcastQueue.java:963)
10-31 10:49:41.801  1785  2994 W BroadcastQueue: 	at com.android.server.am.ActivityManagerService.finishReceiver(ActivityManagerService.java:22013)
10-31 10:49:41.801  1785  2994 W BroadcastQueue: 	at android.app.IActivityManager$Stub.onTransact$finishReceiver$(IActivityManager.java:10198)
10-31 10:49:41.801  1785  2994 W BroadcastQueue: 	at android.app.IActivityManager$Stub.onTransact(IActivityManager.java:189)
10-31 10:49:41.801  1785  2994 W BroadcastQueue: 	at com.android.server.am.ActivityManagerService.onTransact(ActivityManagerService.java:3279)
10-31 10:49:41.801  1785  2994 W BroadcastQueue: 	at android.os.Binder.execTransact(Binder.java:731)
10-31 10:49:41.846  1785  1785 W Looper  : Slow dispatch took 144ms main h=android.database.sqlite.SQLiteConnectionPool$IdleConnectionHandler c=null m=3
10-31 10:49:41.869  1785  2728 W BroadcastQueue: Background execution not allowed: receiving Intent { act=android.intent.action.DROPBOX_ENTRY_ADDED flg=0x10 (has extras) } to com.google.android.gms/.stats.service.DropBoxEntryAddedReceiver
10-31 10:49:41.871  1785  1800 W BroadcastQueue: Background execution not allowed: receiving Intent { act=android.intent.action.DROPBOX_ENTRY_ADDED flg=0x10 (has extras) } to com.google.android.gms/.chimera.GmsIntentOperationService$PersistentTrustedReceiver
10-31 10:49:41.985  1785  4669 W BroadcastQueue: Skipping deliver [background] BroadcastRecord{174b98d u0 com.google.android.intent.action.GCM_RECONNECT} to ReceiverList{3d762e5 3842 com.google.android.gms.persistent/10013/u0 remote:5b6e1dc}: process gone or crashing
10-31 10:49:42.054  1785  1800 W BroadcastQueue: Failure [background] sending broadcast result of Intent { act=com.google.android.apps.nexuslauncher.reflection.ACTION_BOOT_CYCLE flg=0x10 (has extras) }
10-31 10:49:42.054  1785  1800 W BroadcastQueue: android.os.DeadObjectException
10-31 10:49:42.054  1785  1800 W BroadcastQueue: 	at android.os.BinderProxy.transactNative(Native Method)
10-31 10:49:42.054  1785  1800 W BroadcastQueue: 	at android.os.BinderProxy.transact(Binder.java:1109)
10-31 10:49:42.054  1785  1800 W BroadcastQueue: 	at android.content.IIntentReceiver$Stub$Proxy.performReceive(IIntentReceiver.java:128)
10-31 10:49:42.054  1785  1800 W BroadcastQueue: 	at com.android.server.am.BroadcastQueue.performReceiveLocked(BroadcastQueue.java:513)
10-31 10:49:42.054  1785  1800 W BroadcastQueue: 	at com.android.server.am.BroadcastQueue.processNextBroadcast(BroadcastQueue.java:963)
10-31 10:49:42.054  1785  1800 W BroadcastQueue: 	at com.android.server.am.BroadcastQueue$BroadcastHandler.handleMessage(BroadcastQueue.java:172)
10-31 10:49:42.054  1785  1800 W BroadcastQueue: 	at android.os.Handler.dispatchMessage(Handler.java:106)
10-31 10:49:42.054  1785  1800 W BroadcastQueue: 	at android.os.Looper.loop(Looper.java:193)
10-31 10:49:42.054  1785  1800 W BroadcastQueue: 	at android.os.HandlerThread.run(HandlerThread.java:65)
10-31 10:49:42.054  1785  1800 W BroadcastQueue: 	at com.android.server.ServiceThread.run(ServiceThread.java:44)
10-31 10:49:42.054  1785  1800 W BroadcastQueue: Background execution not allowed: receiving Intent { act=android.intent.action.DROPBOX_ENTRY_ADDED flg=0x10 (has extras) } to com.google.android.gms/.stats.service.DropBoxEntryAddedReceiver
10-31 10:49:42.055  1785  1800 W BroadcastQueue: Background execution not allowed: receiving Intent { act=android.intent.action.DROPBOX_ENTRY_ADDED flg=0x10 (has extras) } to com.google.android.gms/.chimera.GmsIntentOperationService$PersistentTrustedReceiver
10-31 10:49:42.067  5923  6459 I chatty  : uid=10013 com.google.android.gms.persistent expire 20 lines
10-31 10:49:42.117  1785  1795 I chatty  : uid=1000(system) Binder:1785_1 expire 1 line
10-31 10:49:42.361  1785  1785 W Looper  : Slow dispatch took 213ms main h=android.database.sqlite.SQLiteConnectionPool$IdleConnectionHandler c=null m=4
10-31 10:49:42.503  1785  3458 W BroadcastQueue: Background execution not allowed: receiving Intent { act=android.intent.action.DROPBOX_ENTRY_ADDED flg=0x10 (has extras) } to com.google.android.gms/.stats.service.DropBoxEntryAddedReceiver
10-31 10:49:42.503  1785  1800 W BroadcastQueue: Background execution not allowed: receiving Intent { act=android.intent.action.DROPBOX_ENTRY_ADDED flg=0x10 (has extras) } to com.google.android.gms/.chimera.GmsIntentOperationService$PersistentTrustedReceiver
10-31 10:49:42.503  1785  1800 W BroadcastQueue: Background execution not allowed: receiving Intent { act=android.intent.action.DROPBOX_ENTRY_ADDED flg=0x10 (has extras) } to com.google.android.gms/.stats.service.DropBoxEntryAddedReceiver
10-31 10:49:42.504  1785  1800 W BroadcastQueue: Background execution not allowed: receiving Intent { act=android.intent.action.DROPBOX_ENTRY_ADDED flg=0x10 (has extras) } to com.google.android.gms/.chimera.GmsIntentOperationService$PersistentTrustedReceiver
10-31 10:49:42.504  1785  1800 W BroadcastQueue: Background execution not allowed: receiving Intent { act=android.intent.action.DROPBOX_ENTRY_ADDED flg=0x10 (has extras) } to com.google.android.gms/.stats.service.DropBoxEntryAddedReceiver
10-31 10:49:42.504  1785  1800 W BroadcastQueue: Background execution not allowed: receiving Intent { act=android.intent.action.DROPBOX_ENTRY_ADDED flg=0x10 (has extras) } to com.google.android.gms/.chimera.GmsIntentOperationService$PersistentTrustedReceiver
10-31 10:49:42.558  1785  3458 W BroadcastQueue: Permission Denial: broadcasting Intent { act=com.google.android.checkin.CHECKIN_COMPLETE flg=0x1000010 (has extras) } from com.google.android.gms (pid=2441, uid=10013) is not exported from uid 10036 due to receiver com.android.vending/com.google.android.finsky.checkin.CheckinReceiver
10-31 10:49:42.834  1785  1802 I ActivityManager: Start proc 6811:com.google.android.googlequicksearchbox:search/u0a29 for service com.google.android.googlequicksearchbox/com.google.android.apps.gsa.tasks.BackgroundTasksJobService
10-31 10:49:42.837  6811  6811 W earchbox:searc: Unexpected CPU variant for X86 using defaults: x86
10-31 10:49:42.847  6811  6811 E earchbox:searc: Not starting debugger since process cannot load the jdwp agent.
10-31 10:49:42.968  6811  6811 I earchbox:searc: The ClassLoaderContext is a special shared library.
10-31 10:49:43.012  1785  3458 W BroadcastQueue: Background execution not allowed: receiving Intent { act=android.intent.action.DROPBOX_ENTRY_ADDED flg=0x10 (has extras) } to com.google.android.gms/.stats.service.DropBoxEntryAddedReceiver
10-31 10:49:43.012  1785  1800 W BroadcastQueue: Background execution not allowed: receiving Intent { act=android.intent.action.DROPBOX_ENTRY_ADDED flg=0x10 (has extras) } to com.google.android.gms/.chimera.GmsIntentOperationService$PersistentTrustedReceiver
10-31 10:49:43.013  1785  1800 W BroadcastQueue: Background execution not allowed: receiving Intent { act=android.intent.action.DROPBOX_ENTRY_ADDED flg=0x10 (has extras) } to com.google.android.gms/.stats.service.DropBoxEntryAddedReceiver
10-31 10:49:43.013  1785  1800 W BroadcastQueue: Background execution not allowed: receiving Intent { act=android.intent.action.DROPBOX_ENTRY_ADDED flg=0x10 (has extras) } to com.google.android.gms/.chimera.GmsIntentOperationService$PersistentTrustedReceiver
10-31 10:49:43.044  1785  3458 W BroadcastQueue: Permission Denial: broadcasting Intent { act=com.google.android.checkin.CHECKIN_COMPLETE flg=0x1000010 (has extras) } from com.google.android.gms (pid=2441, uid=10013) is not exported from uid 10036 due to receiver com.android.vending/com.google.android.finsky.checkin.CheckinReceiver
10-31 10:49:43.057  6811  6811 W earchbox:searc: Accessing hidden method Landroid/app/ActivityThread;->currentProcessName()Ljava/lang/String; (light greylist, reflection)
10-31 10:49:43.075  6811  6811 W earchbox:searc: Accessing hidden field Lsun/misc/Unsafe;->theUnsafe:Lsun/misc/Unsafe; (light greylist, reflection)
10-31 10:49:43.115  2441  6796 I chatty  : uid=10013(com.google.android.gms) expire 2 lines
10-31 10:49:43.158  6811  6811 W earchbox:searc: Accessing hidden field Ljava/nio/Buffer;->address:J (light greylist, reflection)
10-31 10:49:43.206  6811  6811 I MultiDex: VM with version 2.1.0 has multidex support
10-31 10:49:43.206  6811  6811 I MultiDex: install
10-31 10:49:43.206  6811  6811 I MultiDex: VM has multidex support, MultiDex support library is disabled.
10-31 10:49:43.225  6811  6811 W earchbox:searc: Accessing hidden method Ldalvik/system/VMStack;->getStackClass2()Ljava/lang/Class; (light greylist, reflection)
10-31 10:49:43.377  6693  6809 W DynamiteModule: Local module descriptor class for com.google.android.gms.googlecertificates not found.
10-31 10:49:43.520  6693  6809 W .android.chrom: Unsupported class loader
10-31 10:49:43.541  2441  6816 I chatty  : uid=10013(com.google.android.gms) expire 1 line
10-31 10:49:43.575  6693  6809 W .android.chrom: Skipping duplicate class check due to unsupported classloader
10-31 10:49:43.594  6693  6809 I DynamiteModule: Considering local module com.google.android.gms.googlecertificates:0 and remote module com.google.android.gms.googlecertificates:4
10-31 10:49:43.601  6693  6809 I DynamiteModule: Selected remote version of com.google.android.gms.googlecertificates, version >= 4
10-31 10:49:43.733  6693  6809 W .android.chrom: Unsupported class loader
10-31 10:49:43.774  6693  6809 W .android.chrom: Skipping duplicate class check due to unsupported classloader
10-31 10:49:44.221  6811  6811 W t       : Received update for unknown package com.google.android.googlequicksearchbox
10-31 10:49:44.236  6811  6811 I BgTaskExecutorImpl: Starting EXCLUSIVE background task SPEAKERID_SILENT_ENROLLMENT.
10-31 10:49:44.365  6811  6811 I BgTaskExecutorImpl: Starting EXCLUSIVE background task FETCH_CONFIGS_FROM_PHENOTYPE.
10-31 10:49:44.373  6143  6143 I Dialer  : VvmTaskReceiver - task received
10-31 10:49:44.374  6143  6143 I Dialer  : VvmTaskReceiver - scheduling new job
10-31 10:49:44.377  6143  6143 I Dialer  : TaskSchedulerJobService - scheduling job with 1 tasks
10-31 10:49:44.377  6143  6143 I Dialer  : TaskSchedulerJobService - running job instantly.
10-31 10:49:44.403  6143  6143 I Dialer  : TaskSchedulerJobService - job 14 scheduled
10-31 10:49:44.415  6143  6143 I Dialer  : TaskSchedulerJobService - starting 14
10-31 10:49:44.418  6143  6143 I Dialer  : VvmTaskExecutor - onStartJob
10-31 10:49:44.419  6143  6143 I Dialer  : Task.createTask - create task:com.android.voicemail.impl.ActivationTask
10-31 10:49:44.420  6811  6843 I EventBusThread: Event Bus thread starting with TID 6843
10-31 10:49:44.422  6143  6845 I Dialer  : VvmTaskExecutor - executing task com.android.voicemail.impl.ActivationTask@d74dc6d
10-31 10:49:44.423  6143  6845 I Dialer  : PreOMigrationHandler - ComponentInfo{com.android.phone/com.android.services.telephony.TelephonyConnectionService}, ***, UserHandle{0} already migrated
10-31 10:49:44.721  6143  6143 I Dialer  : VvmTaskReceiver - task received
10-31 10:49:44.721  6143  6143 I Dialer  : VvmTaskReceiver - TaskExecutor already running
10-31 10:49:44.721  6143  6143 I Dialer  : Task.createTask - create task:com.android.voicemail.impl.ActivationTask
10-31 10:49:44.726  6143  6143 I Dialer  : RetryPolicy - retry #1 for com.android.voicemail.impl.ActivationTask@f3940a2 queued, executing in 5000
10-31 10:49:44.727  6143  6143 I Dialer  : TaskQueue.add - duplicated task added
10-31 10:49:44.729  6143  6143 I Dialer  : VvmTaskExecutor - com.android.voicemail.impl.ActivationTask@f3940a2 added
10-31 10:49:44.747  6461  6850 I BugleRcsEngine: [393] ProvisioningEventReceiver.a: Received Provisioning Event: [Bugle information (100)]
10-31 10:49:44.747  6461  6850 I BugleRcsEngine: [393] ProvisioningEventReceiver.a: JibeService is not running
10-31 10:49:44.748  6461  6850 W BugleRcsEngine: [393] ProvisioningEventReceiver.a: Event is not a valid user action. Discarding it.
10-31 10:49:44.761  6461  6851 I BugleRcsEngine: [394] ProvisioningEventReceiver.a: Received Provisioning Event: [Bugle information (100)]
10-31 10:49:44.764  6461  6851 I BugleRcsEngine: [394] ProvisioningEventReceiver.a: JibeService is not running
10-31 10:49:44.764  6461  6851 W BugleRcsEngine: [394] ProvisioningEventReceiver.a: Event is not a valid user action. Discarding it.
10-31 10:49:44.823  1785  1840 W BroadcastQueue: Permission Denial: broadcasting Intent { act=com.google.android.checkin.CHECKIN_COMPLETE flg=0x1000010 (has extras) } from com.google.android.gms (pid=2441, uid=10013) is not exported from uid 10036 due to receiver com.android.vending/com.google.android.finsky.checkin.CheckinReceiver
10-31 10:49:45.066  1785  2115 I chatty  : uid=1000(system) Binder:1785_6 expire 1 line
10-31 10:49:45.128  6143  6845 I Dialer  : VvmActivationTask - VVM content provider configured - vvm_type_cvvm
10-31 10:49:45.138  6143  6845 I Dialer  : OmtpVvmCarrierCfgHlpr - OmtpEvent:CONFIG_ACTIVATING
10-31 10:49:45.187  6496  6496 W GrowthKit: Failed to get phenotypeManager in PhenotypeBroadcastReceiver
10-31 10:49:45.187  6496  6496 W GrowthKit: java.lang.NullPointerException: Unable to get GrowthKit Component from host app.
10-31 10:49:45.187  6496  6496 W GrowthKit: 	at com.google.android.libraries.internal.growth.growthkit.inject.GrowthKit.get(PG:43)
10-31 10:49:45.187  6496  6496 W GrowthKit: 	at com.google.android.libraries.internal.growth.growthkit.internal.experiments.impl.PhenotypeBroadcastReceiver.onReceive(PG:25)
10-31 10:49:45.187  6496  6496 W GrowthKit: 	at android.app.ActivityThread.handleReceiver(ActivityThread.java:3368)
10-31 10:49:45.187  6496  6496 W GrowthKit: 	at android.app.ActivityThread.access$1100(ActivityThread.java:197)
10-31 10:49:45.187  6496  6496 W GrowthKit: 	at android.app.ActivityThread$H.handleMessage(ActivityThread.java:1645)
10-31 10:49:45.187  6496  6496 W GrowthKit: 	at android.os.Handler.dispatchMessage(Handler.java:106)
10-31 10:49:45.187  6496  6496 W GrowthKit: 	at android.os.Looper.loop(Looper.java:193)
10-31 10:49:45.187  6496  6496 W GrowthKit: 	at android.app.ActivityThread.main(ActivityThread.java:6642)
10-31 10:49:45.187  6496  6496 W GrowthKit: 	at java.lang.reflect.Method.invoke(Native Method)
10-31 10:49:45.187  6496  6496 W GrowthKit: 	at com.android.internal.os.RuntimeInit$MethodAndArgsCaller.run(RuntimeInit.java:493)
10-31 10:49:45.187  6496  6496 W GrowthKit: 	at com.android.internal.os.ZygoteInit.main(ZygoteInit.java:858)
10-31 10:49:45.293  1785  3687 I chatty  : uid=1000(system) Binder:1785_16 expire 2 lines
10-31 10:49:45.296  1785  1801 W Looper  : Slow dispatch took 105ms android.ui h=com.android.server.am.ActivityManagerService$UiHandler c=null m=53
10-31 10:49:45.307  6811  6857 I SharedPreferencesProto: load shared preferences: file not found
10-31 10:49:45.446  6811  6843 W ThreadPoolDumper: Task ap[SearchServiceCore [attachClient]] was queued for 1029ms before starting on executor EventBus
10-31 10:49:45.574  6811  6837 I OpaEligibilityChecker: send OpaEligibilityChange broadcast to CommonBroadcastReceiver
10-31 10:49:45.614  1785  1840 W ActivityManager: Slow operation: 136ms so far, now at getContentProviderImpl: after resolveContentProvider
10-31 10:49:45.614  1785  1840 W ActivityManager: Slow operation: 136ms so far, now at getContentProviderImpl: got app info for user
10-31 10:49:45.614  1785  1840 W ActivityManager: Slow operation: 136ms so far, now at getContentProviderImpl: before checkContentProviderPermission
10-31 10:49:45.614  1785  1840 W ActivityManager: Slow operation: 136ms so far, now at getContentProviderImpl: after checkContentProviderPermission
10-31 10:49:45.614  1785  1840 W ActivityManager: Slow operation: 137ms so far, now at getContentProviderImpl: before getProviderByClass
10-31 10:49:45.614  1785  1840 W ActivityManager: Slow operation: 137ms so far, now at getContentProviderImpl: after getProviderByClass
10-31 10:49:45.637  1785  1840 W ActivityManager: Slow operation: 159ms so far, now at getContentProviderImpl: before getApplicationInfo
10-31 10:49:45.637  1785  1840 W ActivityManager: Slow operation: 159ms so far, now at getContentProviderImpl: after getApplicationInfo
10-31 10:49:45.637  1785  1840 W ActivityManager: Slow operation: 159ms so far, now at getContentProviderImpl: now have ContentProviderRecord
10-31 10:49:45.637  1785  1840 W ActivityManager: Slow operation: 159ms so far, now at getContentProviderImpl: before set stopped state
10-31 10:49:45.637  1785  1840 W ActivityManager: Slow operation: 159ms so far, now at getContentProviderImpl: after set stopped state
10-31 10:49:45.637  1785  1840 W ActivityManager: Slow operation: 159ms so far, now at getContentProviderImpl: looking for process record
10-31 10:49:45.637  1785  1840 W ActivityManager: Slow operation: 160ms so far, now at getContentProviderImpl: before start process
10-31 10:49:45.638  1785  1840 W ActivityManager: Slow operation: 161ms so far, now at getContentProviderImpl: after start process
10-31 10:49:45.639  1785  1840 W ActivityManager: Slow operation: 161ms so far, now at getContentProviderImpl: updating data structures
10-31 10:49:45.639  1785  1840 W ActivityManager: Slow operation: 161ms so far, now at getContentProviderImpl: done!
10-31 10:49:45.644  1785  1785 W Looper  : Slow dispatch took 169ms main h=android.os.Handler c=android.app.AlarmManager$ListenerWrapper@6e58272 m=0
10-31 10:49:45.688  6862  6862 W id.partnersetu: Unexpected CPU variant for X86 using defaults: x86
10-31 10:49:45.693  6862  6862 E id.partnersetu: Not starting debugger since process cannot load the jdwp agent.
10-31 10:49:45.700  1785  1802 W ActivityManager: Slow operation: 62ms so far, now at startProcess: returned from zygote!
10-31 10:49:45.700  1785  1802 W ActivityManager: Slow operation: 62ms so far, now at startProcess: done updating battery stats
10-31 10:49:45.700  1785  1802 W ActivityManager: Slow operation: 63ms so far, now at startProcess: building log message
10-31 10:49:45.700  1785  1802 I ActivityManager: Start proc 6862:com.google.android.partnersetup/u0a6 for content provider com.google.android.partnersetup/.RlzAppProvider
10-31 10:49:45.700  1785  1802 W ActivityManager: Slow operation: 63ms so far, now at startProcess: starting to update pids map
10-31 10:49:45.701  1785  1802 W ActivityManager: Slow operation: 63ms so far, now at startProcess: done updating pids map
10-31 10:49:45.734  6811  6843 I MicroDataManager: isInitializing-false locale not changed-false model not changed-true
10-31 10:49:45.765  6811  6843 I MicroDetectionWorker: Initializing MicroDataManager InitializeType-1, isForced-false, isActivePhoneEnrollment-false isActiveGoogleHomeEnrollment-false
10-31 10:49:45.767  6811  6843 I MicroDetectionState: Should stop hotword detection immediately - false
10-31 10:49:45.769  6811  6844 I HotwordSilentEnrollment: Executing HotwordSilentEnrollment for user profile: 0
10-31 10:49:45.789  6862  6862 I id.partnersetu: The ClassLoaderContext is a special shared library.
10-31 10:49:46.122  6811  6843 I MicroDataManager: isInitializing-false locale not changed-true model not changed-true
10-31 10:49:46.123  6811  6843 I MicroDetectionState: Should stop hotword detection immediately - false
10-31 10:49:46.128  6811  6843 W SearchServiceCore: Abort, client detached.
10-31 10:49:46.128  6811  6843 W SearchServiceCore: Abort, client detached.
10-31 10:49:46.291  6811  6837 E LauncherUtil: Failed to get system resource ID.
10-31 10:49:46.364  6811  6822 I earchbox:searc: Background concurrent copying GC freed 4619(278KB) AllocSpace objects, 0(0B) LOS objects, 49% free, 3MB/6MB, paused 805us total 234.057ms
10-31 10:49:46.389  6811  6823 I MicroDataManager: isInitializing-false locale not changed-true model not changed-true
10-31 10:49:46.389  6811  6823 I HotwordHelper: hasHotwordEverywhere-false
10-31 10:49:46.393  5092  5092 I GsaVoiceInteractionSrv: #checkDspStatus
10-31 10:49:46.398  6811  6843 W SessionLifecycleManager: Client : AttachedClient[29956667295313640, ClientConfig[mFlags=[40000088001] mSuggestFlags=[0] mClientId=HOTWORD_SERVICE mSessionType=search publicSearchServiceCallerUid=-1]] has no associated SessionController
10-31 10:49:46.398  6862  6862 I id.partnersetu: The ClassLoaderContext is a special shared library.
10-31 10:49:46.398  6811  6843 W SearchServiceCore: Abort, client detached.
10-31 10:49:46.398  6811  6843 W SearchServiceCore: Abort, client detached.
10-31 10:49:46.815  5923  6831 I chatty  : uid=10013(com.google.android.gms) lowpool[11] expire 8 lines
10-31 10:49:46.883  1785  1840 I chatty  : uid=1000(system) Binder:1785_4 expire 5 lines
10-31 10:49:46.885  6811  6881 W earchbox:searc: JNI critical lock held for 20.126ms on Thread[32,tid=6881,Runnable,Thread*=0xc718a000,peer=0x12e40020,"Binder:6811_4"]
10-31 10:49:46.954  6811  6881 W earchbox:searc: JNI critical lock held for 26.490ms on Thread[32,tid=6881,Runnable,Thread*=0xc718a000,peer=0x12e40020,"Binder:6811_4"]
10-31 10:49:47.035  5841  6674 W DownloadManager: [29] Stop requested with status HTTP_DATA_ERROR: Unable to resolve host "dl.google.com": No address associated with hostname
10-31 10:49:47.042  5841  6674 D DownloadManager: [29] Finished with status WAITING_TO_RETRY
10-31 10:49:47.049  5841  6676 W DownloadManager: [30] Stop requested with status HTTP_DATA_ERROR: Unable to resolve host "play.googleapis.com": No address associated with hostname
10-31 10:49:47.054  5841  6676 D DownloadManager: [30] Finished with status WAITING_TO_RETRY
10-31 10:49:47.698  6811  6843 W SearchServiceCore: Abort, client detached.
10-31 10:49:47.698  6811  6843 W SearchServiceCore: Abort, client detached.
10-31 10:49:48.105  2015  2263 D EGL_emulation: eglMakeCurrent: 0xe2085360: ver 2 0 (tinfo 0xe2083530)
10-31 10:49:48.126  5263  5263 I chatty  : uid=10036(com.android.vending) expire 25 lines
10-31 10:49:48.159  1785  1804 W BatteryExternalStatsWorker: modem info is invalid: ModemActivityInfo{ mTimestamp=0 mSleepTimeMs=0 mIdleTimeMs=0 mTxTimeMs[]=[0, 0, 0, 0, 0] mRxTimeMs=0 mEnergyUsed=0}
10-31 10:49:48.549  6811  6844 I ModelDownloadListener: Schdedule model download
10-31 10:49:48.555  6811  6811 I BgTaskExecutorImpl: Starting EXCLUSIVE background task UPDATE_HOTWORD_MODELS.
10-31 10:49:48.555  6811  6844 I OpaEligibilityChecker: send OpaEligibilityChange broadcast to CommonBroadcastReceiver
10-31 10:49:48.564  6811  6891 I ModelDownloadController: requestHotwordModelUpdate modelType-2 modelLocale-en-US
10-31 10:49:48.565  6811  6843 I MicroDetectionState: Should stop hotword detection immediately - false
10-31 10:49:48.569  6811  6891 I ModelDownloadController: shouldDonwloadModel: modelLocale is en-US
10-31 10:49:48.569  6811  6891 I ModelDownloadController: #requestHotwordModelDownload
10-31 10:49:48.584  6811  6844 E LauncherUtil: Failed to get system resource ID.
10-31 10:49:48.601  6811  6811 I BgTaskExecutorImpl: Starting EXCLUSIVE background task FETCH_OPT_IN_STATUSES.
10-31 10:49:48.614  6811  6825 I MicroDataManager: isInitializing-false locale not changed-true model not changed-true
10-31 10:49:48.615  6811  6825 I HotwordHelper: hasHotwordEverywhere-true
10-31 10:49:48.616  6811  6843 W SearchServiceCore: Abort, client detached.
10-31 10:49:48.616  6811  6843 I chatty  : uid=10029(com.google.android.googlequicksearchbox) EventBus0 identical 11 lines
10-31 10:49:48.616  6811  6843 W SearchServiceCore: Abort, client detached.
10-31 10:49:48.624  5092  5092 E HwDetectorWithState: a: 3
10-31 10:49:48.624  5092  5092 I GsaVoiceInteractionSrv: #checkDspStatus
10-31 10:49:48.630  6811  6843 W SessionLifecycleManager: Client : AttachedClient[29956667295313648, ClientConfig[mFlags=[40000088001] mSuggestFlags=[0] mClientId=HOTWORD_SERVICE mSessionType=search publicSearchServiceCallerUid=-1]] has no associated SessionController
10-31 10:49:48.631  6811  6843 W SearchServiceCore: Abort, client detached.
10-31 10:49:48.631  6811  6843 W SearchServiceCore: Abort, client detached.
10-31 10:49:48.707  2441  6327 I chatty  : uid=10013(com.google.android.gms) expire 9 lines
10-31 10:49:48.754  6811  6843 W SearchServiceCore: Abort, client detached.
10-31 10:49:48.754  1785  1840 W BroadcastQueue: Background execution not allowed: receiving Intent { act=android.intent.action.DROPBOX_ENTRY_ADDED flg=0x10 (has extras) } to com.google.android.gms/.stats.service.DropBoxEntryAddedReceiver
10-31 10:49:48.754  6811  6843 W SearchServiceCore: Abort, client detached.
10-31 10:49:48.755  1785  1800 W BroadcastQueue: Background execution not allowed: receiving Intent { act=android.intent.action.DROPBOX_ENTRY_ADDED flg=0x10 (has extras) } to com.google.android.gms/.chimera.GmsIntentOperationService$PersistentTrustedReceiver
10-31 10:49:48.755  1785  1800 W BroadcastQueue: Background execution not allowed: receiving Intent { act=android.intent.action.DROPBOX_ENTRY_ADDED flg=0x10 (has extras) } to com.google.android.gms/.stats.service.DropBoxEntryAddedReceiver
10-31 10:49:48.755  1785  1800 W BroadcastQueue: Background execution not allowed: receiving Intent { act=android.intent.action.DROPBOX_ENTRY_ADDED flg=0x10 (has extras) } to com.google.android.gms/.chimera.GmsIntentOperationService$PersistentTrustedReceiver
10-31 10:49:48.762  6811  6846 I BistoSettingsListener: assistantLanguage: en-US
10-31 10:49:49.362  6811  6842 I BlobLobber: Canceling downloads: []
10-31 10:49:49.395  6811  6811 I BgTaskExecutorImpl: Starting EXCLUSIVE background task BLOBLOBBER_SYNC.
10-31 10:49:49.405  6811  6893 D SharedPreferencesImpl: Time required to fsync /data/user/0/com.google.android.googlequicksearchbox/shared_prefs/GEL.GSAPrefs.xml: [<1: 0, <2: 0, <4: 0, <8: 0, <16: 0, <32: 0, <64: 0, <128: 0, <256: 0, <512: 0, <1024: 1, <2048: 0, <4096: 0, <8192: 0, <16384: 0, >=16384: 0]
10-31 10:49:49.407  6811  6891 I ModelDownloadController: Generating model download request
10-31 10:49:49.434  6811  6842 W OCCCListener: Offline cache key mask config data should be cleared
10-31 10:49:49.735  6811  6843 W SearchServiceCore: Abort, client detached.
10-31 10:49:49.736  6811  6843 W SearchServiceCore: Abort, client detached.
10-31 10:49:49.752  5841  6902 D DownloadManager: [31] Starting
10-31 10:49:49.759  6811  6843 W SearchServiceCore: Abort, client detached.
10-31 10:49:49.759  6811  6843 W SearchServiceCore: Abort, client detached.
10-31 10:49:49.773  6811  6839 D SharedPreferencesImpl: Time required to fsync /data/user/0/com.google.android.googlequicksearchbox/shared_prefs/GEL.GSAPrefs.xml: [<1: 0, <2: 0, <4: 0, <8: 0, <16: 0, <32: 0, <64: 0, <128: 0, <256: 0, <512: 1, <1024: 1, <2048: 0, <4096: 0, <8192: 0, <16384: 0, >=16384: 0]
10-31 10:49:49.795  5841  6902 D NetworkSecurityConfig: Using Network Security Config from resource network_security_config debugBuild: false
10-31 10:49:49.795  5841  6902 D NetworkSecurityConfig: Using Network Security Config from resource network_security_config debugBuild: false
10-31 10:49:49.854  5923  5961 I chatty  : uid=10013(com.google.android.gms) netscheduler-qu expire 16 lines
10-31 10:49:50.361  5263  6905 I chatty  : uid=10036(com.android.vending) expire 1 line
10-31 10:49:52.206  1645  2293 W DnsTlsSocket: SSL_connect error 5, errno=111
10-31 10:49:52.320  5263  5270 I chatty  : uid=10036(com.android.vending) ReferenceQueueD expire 1 line
10-31 10:49:52.336  6811  6843 I BistoSessionController: handleGenericClientEvent ID = 336
10-31 10:49:52.339  6811  6843 W ThreadPoolDumper: Task g[Perform work for worker [bisto]] was queued for 2560ms before starting on executor EventBus
10-31 10:49:52.343  6811  6843 W SearchServiceCore: Abort, client detached.
10-31 10:49:52.343  6811  6843 W SearchServiceCore: Abort, client detached.
10-31 10:49:52.456  1785  1785 W Looper  : Slow dispatch took 2686ms main h=com.android.server.notification.NotificationManagerService$WorkerHandler c=null m=3
10-31 10:49:52.461  1785  1785 W Looper  : Slow delivery took 703ms main h=android.os.Handler c=android.app.AlarmManager$ListenerWrapper@62d961d m=0
10-31 10:49:52.464  1785  1785 W Looper  : Drained
10-31 10:49:52.467  6811  6811 E TaskServiceHelper: Cannot execute TaskName.UNKNOWN (or data got corrupted).
10-31 10:49:53.373  6811  6843 W SearchServiceCore: Abort, client detached.
10-31 10:49:53.373  6811  6843 W SearchServiceCore: Abort, client detached.
10-31 10:49:53.382  1785  2729 W BroadcastQueue: Background execution not allowed: receiving Intent { act=android.intent.action.DROPBOX_ENTRY_ADDED flg=0x10 (has extras) } to com.google.android.gms/.stats.service.DropBoxEntryAddedReceiver
10-31 10:49:53.384  1785  1800 W BroadcastQueue: Background execution not allowed: receiving Intent { act=android.intent.action.DROPBOX_ENTRY_ADDED flg=0x10 (has extras) } to com.google.android.gms/.chimera.GmsIntentOperationService$PersistentTrustedReceiver
10-31 10:49:53.843  6811  6843 W SearchServiceCore: Abort, client detached.
10-31 10:49:53.845  6811  6843 W SearchServiceCore: Abort, client detached.
10-31 10:49:54.071  2441  5905 I chatty  : uid=10013(com.google.android.gms) expire 9 lines
10-31 10:49:54.424  6811  6921 I FA      : App measurement is starting up, version: 19007
10-31 10:49:54.424  6811  6921 I FA      : To enable debug logging run: adb shell setprop log.tag.FA VERBOSE
10-31 10:49:54.424  6811  6921 I FA      : To enable faster debug mode event logging run:
10-31 10:49:54.424  6811  6921 I FA      :   adb shell setprop debug.firebase.analytics.app com.google.android.googlequicksearchbox
10-31 10:49:55.056  6811  6918 W LibraryVersion: Failed to get app version for libraryName: firebase-iid
10-31 10:49:56.205  6811  6817 I earchbox:searc: JIT allocated 52KB for compiled code of com.google.android.apps.gsa.t.h com.google.android.apps.gsa.t.h.a(int)
10-31 10:49:58.767  1785  1785 I Telecom : DefaultDialerCache: Refreshing default dialer for user 0: now com.google.android.dialer: DDC.oR@AIA
10-31 10:49:58.806  2002  2002 D CarrierSvcBindHelper: No carrier app for: 0
10-31 10:49:59.086  2441  6901 I chatty  : uid=10013(com.google.android.gms) expire 8 lines
10-31 10:49:59.433  6811  6811 I BgTaskExecutorImpl: Starting EXCLUSIVE background task UPLOAD_ASSISTANT_DEVICE_SETTINGS.
10-31 10:49:59.450  6811  6842 W BgTaskExecutorImpl: EXCLUSIVE background task UPLOAD_ASSISTANT_DEVICE_SETTINGS was not found.
10-31 10:49:59.450  6811  6842 W BgTaskExecutorImpl: com.google.android.apps.gsa.tasks.l: Could not find background task: 176
10-31 10:49:59.450  6811  6842 W BgTaskExecutorImpl: 	at com.google.android.apps.gsa.tasks.b.c.a(SourceFile:21)
10-31 10:49:59.450  6811  6842 W BgTaskExecutorImpl: 	at com.google.android.apps.gsa.search.core.service.q.a(SourceFile:141)
10-31 10:49:59.450  6811  6842 W BgTaskExecutorImpl: 	at com.google.android.apps.gsa.search.core.service.q.c(SourceFile:63)
10-31 10:49:59.450  6811  6842 W BgTaskExecutorImpl: 	at com.google.android.apps.gsa.search.core.service.b.run(SourceFile:1)
10-31 10:49:59.450  6811  6842 W BgTaskExecutorImpl: 	at com.google.android.libraries.gsa.n.a.k.run(SourceFile:2)
10-31 10:49:59.450  6811  6842 W BgTaskExecutorImpl: 	at com.google.android.apps.gsa.shared.util.c.a.cf.a(SourceFile:3)
10-31 10:49:59.450  6811  6842 W BgTaskExecutorImpl: 	at com.google.android.apps.gsa.shared.util.c.a.ch.run(SourceFile:2)
10-31 10:49:59.450  6811  6842 W BgTaskExecutorImpl: 	at com.google.android.apps.gsa.shared.util.c.a.aj.run(SourceFile:2)
10-31 10:49:59.450  6811  6842 W BgTaskExecutorImpl: 	at com.google.android.apps.gsa.shared.util.c.a.as.a(SourceFile:6)
10-31 10:49:59.450  6811  6842 W BgTaskExecutorImpl: 	at com.google.android.apps.gsa.shared.util.c.a.ap.run(Unknown Source:2)
10-31 10:49:59.450  6811  6842 W BgTaskExecutorImpl: 	at com.google.android.apps.gsa.shared.util.c.a.g.run(SourceFile:2)
10-31 10:49:59.450  6811  6842 W BgTaskExecutorImpl: 	at java.util.concurrent.Executors$RunnableAdapter.call(Executors.java:458)
10-31 10:49:59.450  6811  6842 W BgTaskExecutorImpl: 	at java.util.concurrent.FutureTask.run(FutureTask.java:266)
10-31 10:49:59.450  6811  6842 W BgTaskExecutorImpl: 	at java.util.concurrent.ScheduledThreadPoolExecutor$ScheduledFutureTask.run(ScheduledThreadPoolExecutor.java:301)
10-31 10:49:59.450  6811  6842 W BgTaskExecutorImpl: 	at java.util.concurrent.ThreadPoolExecutor.runWorker(ThreadPoolExecutor.java:1167)
10-31 10:49:59.450  6811  6842 W BgTaskExecutorImpl: 	at java.util.concurrent.ThreadPoolExecutor$Worker.run(ThreadPoolExecutor.java:641)
10-31 10:49:59.450  6811  6842 W BgTaskExecutorImpl: 	at java.lang.Thread.run(Thread.java:764)
10-31 10:49:59.450  6811  6842 W BgTaskExecutorImpl: 	at com.google.android.apps.gsa.shared.util.c.a.l.run(SourceFile:5)
10-31 10:49:59.953  1648  1686 E storaged: getDiskStats failed with result NOT_SUPPORTED and size 0
10-31 10:50:02.232  1785  1804 W BatteryExternalStatsWorker: modem info is invalid: ModemActivityInfo{ mTimestamp=0 mSleepTimeMs=0 mIdleTimeMs=0 mTxTimeMs[]=[0, 0, 0, 0, 0] mRxTimeMs=0 mEnergyUsed=0}
10-31 10:50:02.836  6244  6397 W agmz    : [{0}] Failed to resolve name. status={1}
10-31 10:50:04.323  1785  1799 I chatty  : uid=1000(system) android.bg expire 10 lines
10-31 10:50:04.429  6811  6811 I BgTaskExecutorImpl: Starting EXCLUSIVE background task OPA_NOTIFICATION_DELAYED_TRIGGER_SYNC.
10-31 10:50:04.432  6811  6811 I BgTaskExecutorImpl: Starting NONEXCLUSIVE background task SMARTSPACE_UPDATE.
10-31 10:50:04.505  6811  6843 W SearchServiceCore: Abort, client detached.
10-31 10:50:04.533  6811  6895 W VelvetNetworkClient: Cannot connect to server without account
10-31 10:50:05.489  5923  5923 I chatty  : uid=10013 com.google.android.gms.persistent expire 9 lines
10-31 10:50:14.601  6811  6843 I WorkerManager: dispose()
10-31 10:50:15.477  1785  1800 I ActivityManager: Killing 5687:com.google.android.gms.ui/u0a13 (adj 906): empty #17
10-31 10:50:15.513  6811  6811 I BgTaskExecutorImpl: Starting EXCLUSIVE background task PROACTIVE_CONSISTENCY_CHECK.
10-31 10:50:15.533  1635  1635 I Zygote  : Process 5687 exited due to signal (9)
10-31 10:50:15.564  6811  6843 I MicroDataManager: isInitializing-false locale not changed-true model not changed-true
10-31 10:50:15.577  6811  6843 I MicroDetectionState: Should stop hotword detection immediately - false
10-31 10:50:25.052  6811  6924 W FirebaseInstanceId: Token retrieval failed without exception message. Will retry token retrieval
10-31 10:50:25.098  6811  6926 W MessengerIpcClient: Timing out request: 1
10-31 10:50:29.853  5841  6902 W DownloadManager: [31] Stop requested with status HTTP_DATA_ERROR: Unable to resolve host "www.gstatic.com": No address associated with hostname
10-31 10:50:29.856  5841  6902 D DownloadManager: [31] Finished with status WAITING_TO_RETRY
10-31 10:50:29.892  1785  1799 I chatty  : uid=1000(system) android.bg expire 11 lines
10-31 10:50:32.607  5923  6125 I chatty  : uid=10013 com.google.android.gms.persistent expire 1 line
10-31 10:50:34.416  2441  6922 I chatty  : uid=10013(com.google.android.gms) expire 2 lines
10-31 10:50:35.047  1896  1896 I FirebaseJobDispatcher: onStartJob(): register.
10-31 10:50:35.324  1896  2713 I PhenotypeIme: ExperimentTaskCallable.registerWithPhenotype() : com.google.android.inputmethod.latin : 26710811
10-31 10:50:35.465  1896  2713 I PhenotypeIme: ExperimentTaskCallable.registerWithPhenotype() : Success after 141 ms
10-31 10:50:35.468  1896  1896 I FirebaseJobDispatcher: Task: register successes.
10-31 10:50:35.493  5923  6120 I chatty  : uid=10013 com.google.android.gms.persistent expire 10 lines
10-31 10:50:35.629  6811  6811 W MessengerIpcClient: Received response for unknown request: 1
10-31 10:50:35.939  1896  1896 I FirebaseJobDispatcher: onStartJob(): DefaultStickerUpdate.
10-31 10:50:35.951  1896  1896 I DefaultStickerUpdate: Submitted task to executor service with data=DefaultStickerTaskData{enabled=true, metadataUriPrefix=https://www.gstatic.com/android/keyboard/stickers/configs/v5/, supportedLanguage=en}
10-31 10:50:36.004  1896  1896 D NetworkSecurityConfig: No Network Security Config specified, using platform default
10-31 10:50:36.006  1896  1896 W putmethod.lati: Accessing hidden method Ldalvik/system/CloseGuard;->get()Ldalvik/system/CloseGuard; (light greylist, reflection)
10-31 10:50:36.006  1896  1896 W putmethod.lati: Accessing hidden method Ldalvik/system/CloseGuard;->open(Ljava/lang/String;)V (light greylist, reflection)
10-31 10:50:36.006  1896  1896 W putmethod.lati: Accessing hidden method Ldalvik/system/CloseGuard;->warnIfOpen()V (light greylist, reflection)
10-31 10:50:36.037  1896  6976 I DefaultStickerUpdate: Started update task with DefaultStickerTaskData{enabled=true, metadataUriPrefix=https://www.gstatic.com/android/keyboard/stickers/configs/v5/, supportedLanguage=en}
10-31 10:50:36.183  1896  6976 I DefaultStickerUpdate: Read metadata file from cache with 267141 bytes
