10-31 11:20:16.343  1785  1804 W BatteryExternalStatsWorker: modem info is invalid: ModemActivityInfo{ mTimestamp=0 mSleepTimeMs=0 mIdleTimeMs=0 mTxTimeMs[]=[0, 0, 0, 0, 0] mRxTimeMs=0 mEnergyUsed=0}
10-31 11:20:21.178  7739  7739 I dex2oat : Explicit concurrent copying GC freed 79534(12MB) AllocSpace objects, 0(0B) LOS objects, 99% free, 1232B/1537KB, paused 571us total 5.414ms
10-31 11:20:21.594  7739  7739 I dex2oat : dex2oat took 12.843s (19.669s cpu) (threads: 2) arena alloc=0B (0B) java alloc=17KB (17616B) native alloc=19MB (20029096B) free=3MB (3563864B)
10-31 11:20:21.604  1639  1639 V installed: DexInv: --- END '/data/app/com.google.android.music-YeCzoLHhRsFCfSmgxfVanw==/base.apk' (success) ---
10-31 11:20:21.615  1639  1639 E         : Couldn't opendir /data/app/vmdl392203124.tmp: No such file or directory
10-31 11:20:21.615  1639  1639 E installd: Failed to delete /data/app/vmdl392203124.tmp: No such file or directory
10-31 11:20:21.616  1785  1814 I ActivityManager: Force stopping com.google.android.music appid=10066 user=0: pkg removed
10-31 11:20:21.674  5263  5263 I chatty  : uid=10036(com.android.vending) expire 124 lines
10-31 11:20:21.700  1785  1800 W BroadcastQueue: Background execution not allowed: receiving Intent { act=android.intent.action.PACKAGE_REMOVED dat=package:com.google.android.music flg=0x4000010 (has extras) } to com.android.vending/com.google.android.finsky.packagemanager.impl.PackageMonitorReceiverImpl$RegisteredReceiver
10-31 11:20:21.701  1785  1800 W BroadcastQueue: Background execution not allowed: receiving Intent { act=android.intent.action.PACKAGE_REMOVED dat=package:com.google.android.music flg=0x4000010 (has extras) } to com.android.vending/com.google.android.finsky.instantapps.appmanagement.InstantAppRemoveMonitor
10-31 11:20:21.701  1785  1800 W BroadcastQueue: Background execution not allowed: receiving Intent { act=android.intent.action.PACKAGE_REMOVED dat=package:com.google.android.music flg=0x4000010 (has extras) } to com.google.android.gms/.games.chimera.GamesSystemBroadcastReceiverProxy
10-31 11:20:21.701  1785  1800 W BroadcastQueue: Background execution not allowed: receiving Intent { act=android.intent.action.PACKAGE_REMOVED dat=package:com.google.android.music flg=0x4000010 (has extras) } to com.google.android.gms/.chimera.GmsIntentOperationService$PersistentTrustedReceiver
10-31 11:20:21.701  1785  1800 W BroadcastQueue: Background execution not allowed: receiving Intent { act=android.intent.action.PACKAGE_REMOVED dat=package:com.google.android.music flg=0x4000010 (has extras) } to com.google.android.googlequicksearchbox/com.google.android.apps.gsa.googlequicksearchbox.GelStubAppWatcher
10-31 11:20:21.702  1785  1800 W BroadcastQueue: Background execution not allowed: receiving Intent { act=android.intent.action.PACKAGE_ADDED dat=package:com.google.android.music flg=0x4000010 (has extras) } to com.android.vending/com.google.android.finsky.packagemanager.impl.PackageMonitorReceiverImpl$RegisteredReceiver
10-31 11:20:21.703  1785  1800 W BroadcastQueue: Background execution not allowed: receiving Intent { act=android.intent.action.PACKAGE_ADDED dat=package:com.google.android.music flg=0x4000010 (has extras) } to com.google.android.gms/.games.chimera.GamesSystemBroadcastReceiverProxy
10-31 11:20:21.704  1785  1800 W BroadcastQueue: Background execution not allowed: receiving Intent { act=android.intent.action.PACKAGE_ADDED dat=package:com.google.android.music flg=0x4000010 (has extras) } to com.google.android.gms/.gass.chimera.PackageChangeBroadcastReceiver
10-31 11:20:21.704  1785  1800 W BroadcastQueue: Background execution not allowed: receiving Intent { act=android.intent.action.PACKAGE_ADDED dat=package:com.google.android.music flg=0x4000010 (has extras) } to com.google.android.gms/.chimera.GmsIntentOperationService$PersistentTrustedReceiver
10-31 11:20:21.704  1785  1800 W BroadcastQueue: Background execution not allowed: receiving Intent { act=android.intent.action.PACKAGE_ADDED dat=package:com.google.android.music flg=0x4000010 (has extras) } to com.google.android.googlequicksearchbox/com.google.android.apps.gsa.googlequicksearchbox.GelStubAppWatcher
10-31 11:20:21.737  5263  5273 I chatty  : uid=10036(com.android.vending) HeapTaskDaemon expire 1 line
10-31 11:20:21.750  1785  1785 W Looper  : Slow dispatch took 110ms main h=android.app.ActivityThread$H c=android.app.-$$Lambda$LoadedApk$ReceiverDispatcher$Args$_BumDX2UKsnxLVrE6UJsJZkotuA@505791d m=0
10-31 11:20:21.776  5263  7713 I chatty  : uid=10036(com.android.vending) expire 6 lines
10-31 11:20:21.780  2441  2451 I gle.android.gm: Background concurrent copying GC freed 16259(1022KB) AllocSpace objects, 7(332KB) LOS objects, 42% free, 8MB/14MB, paused 610us total 161.142ms
10-31 11:20:21.892  1785  5729 W BroadcastQueue: Background execution not allowed: receiving Intent { act=android.intent.action.PACKAGE_REPLACED dat=package:com.google.android.music flg=0x4000010 (has extras) } to com.google.android.apps.photos/.account.full.FetchAccountPropertiesAppUpgradeBroadcastReceiver
10-31 11:20:21.893  1785  1800 W BroadcastQueue: Background execution not allowed: receiving Intent { act=android.intent.action.PACKAGE_REPLACED dat=package:com.google.android.music flg=0x4000010 (has extras) } to com.google.android.apps.photos/.account.full.SyncAccountsForLoginBroadcastReceiver
10-31 11:20:21.893  1785  1800 W BroadcastQueue: Background execution not allowed: receiving Intent { act=android.intent.action.PACKAGE_REPLACED dat=package:com.google.android.music flg=0x4000010 (has extras) } to com.google.android.apps.photos/.experiments.phenotype.full.PhenotypeAppUpgradeBroadcastReceiver
10-31 11:20:21.893  1785  1800 W BroadcastQueue: Background execution not allowed: receiving Intent { act=android.intent.action.PACKAGE_REPLACED dat=package:com.google.android.music flg=0x4000010 (has extras) } to com.google.android.apps.photos/.notificationchannels.AppUpdateBroadcastReceiver
10-31 11:20:21.894  1785  1800 W BroadcastQueue: Background execution not allowed: receiving Intent { act=android.intent.action.PACKAGE_REPLACED dat=package:com.google.android.music flg=0x4000010 (has extras) } to com.google.android.gms/.gass.chimera.PackageChangeBroadcastReceiver
10-31 11:20:21.894  1785  1800 W BroadcastQueue: Background execution not allowed: receiving Intent { act=android.intent.action.PACKAGE_REPLACED dat=package:com.google.android.music flg=0x4000010 (has extras) } to com.google.android.gms/.chimera.GmsIntentOperationService$PersistentTrustedReceiver
10-31 11:20:21.894  1785  1800 W BroadcastQueue: Background execution not allowed: receiving Intent { act=android.intent.action.PACKAGE_REPLACED dat=package:com.google.android.music flg=0x4000010 (has extras) } to com.google.android.googlequicksearchbox/com.google.android.apps.gsa.googlequicksearchbox.GelStubAppWatcher
10-31 11:20:21.906  1785  1802 I ActivityManager: Start proc 7755:com.google.android.music:main/u0a66 for broadcast com.google.android.music/.sync.google.gcm.PackageReplacedBroadcastReceiver
10-31 11:20:21.940  1785  1785 W Looper  : Slow dispatch took 101ms main h=android.app.ActivityThread$H c=android.app.-$$Lambda$LoadedApk$ReceiverDispatcher$Args$_BumDX2UKsnxLVrE6UJsJZkotuA@db1b916 m=0
10-31 11:20:21.941  1785  1785 W Looper  : Slow delivery took 287ms main h=android.app.ActivityThread$H c=android.app.-$$Lambda$LoadedApk$ReceiverDispatcher$Args$_BumDX2UKsnxLVrE6UJsJZkotuA@814b297 m=0
10-31 11:20:21.942  1785  1785 I Telecom : DefaultDialerCache: Refreshing default dialer for user 0: now com.google.android.dialer: DDC.oR@ALg
10-31 11:20:21.961  7755  7755 W roid.music:mai: Unexpected CPU variant for X86 using defaults: x86
10-31 11:20:21.993  1785  1785 I chatty  : uid=1000 system_server expire 3 lines
10-31 11:20:21.997  1785  1799 I chatty  : uid=1000(system) android.bg expire 17 lines
10-31 11:20:22.003  7755  7755 E roid.music:mai: Not starting debugger since process cannot load the jdwp agent.
10-31 11:20:22.067  2441  7749 I Auth    : [SupervisedAccountIntentOperation] onHandleIntent(): android.intent.action.PACKAGE_ADDED
10-31 11:20:22.070  1785  1785 W Looper  : Drained
10-31 11:20:22.077  2441  7751 I ChromeSync: [Sync,SyncIntentOperation] Handling the intent: Intent { act=android.intent.action.PACKAGE_ADDED dat=package:com.google.android.music flg=0x4000010 cmp=com.google.android.gms/.chimera.GmsIntentOperationService (has extras) }.
10-31 11:20:22.181  1785  5475 W ActivityManager: Slow operation: 66ms so far, now at attachApplicationLocked: after sendPendingBroadcastsLocked
10-31 11:20:22.207  2002  2002 D CarrierSvcBindHelper: No carrier app for: 0
10-31 11:20:22.260  2002  2002 D CarrierSvcBindHelper: No carrier app for: 0
10-31 11:20:22.265  5923  5933 I .gms.persisten: Background concurrent copying GC freed 138076(6MB) AllocSpace objects, 2(32KB) LOS objects, 46% free, 6MB/12MB, paused 796us total 416.880ms
10-31 11:20:22.272  7755  7755 I roid.music:mai: The ClassLoaderContext is a special shared library.
10-31 11:20:22.279  2002  2002 D CarrierConfigLoader: mHandler: 9 phoneId: 0
10-31 11:20:22.370  7755  7755 I MultiDex: VM with version 2.1.0 has multidex support
10-31 11:20:22.370  7755  7755 I MultiDex: install
10-31 11:20:22.370  7755  7755 I MultiDex: VM has multidex support, MultiDex support library is disabled.
10-31 11:20:22.391  7755  7755 D ProcessNameProvider: Content provider MainProcessTypeInitializerContentProvider created for process MAIN
10-31 11:20:22.416  7755  7755 D MusicLifecycle: com.google.android.music.store.ConfigContentProvider generated event: Content provider created
10-31 11:20:22.416  7755  7755 D MusicLifecycle: com.google.android.music.api.MusicPublicContentProvider generated event: Content provider created
10-31 11:20:22.452  7755  7755 D MusicLifecycle: com.google.android.music.store.MusicContentProvider generated event: Content provider created
10-31 11:20:22.523  7755  7755 D MusicLifecycle: com.google.android.music.ui.PhoneMusicApplication generated event: Application created
10-31 11:20:22.523  7755  7755 I AndroidMusic: Application start. Process=MAIN
10-31 11:20:22.702  7755  7755 D MusicLifecycle: com.google.android.music.store.ConfigContentProvider generated event: initializing
10-31 11:20:22.702  7755  7755 I BaseStore: ConfigStore database version: 1
10-31 11:20:22.787  1785  5922 I chatty  : uid=1000(system) Binder:1785_20 expire 1 line
10-31 11:20:22.789  2015  2015 W StaticLayout: maxLineHeight should not be -1.  maxLines:1 lineCount:1
10-31 11:20:22.790  2015  2015 W StaticLayout: maxLineHeight should not be -1.  maxLines:1 lineCount:1
10-31 11:20:22.952  7755  7755 D DatabaseUpgradeHelper: Upgrading database: /data/user/0/com.google.android.music/databases/config.db to version: 1
10-31 11:20:23.051  7755  7755 I roid.music:mai: The ClassLoaderContext is a special shared library.
10-31 11:20:23.155  2441  3028 I Icing   : IndexChimeraService.getServiceInterface callingPackage=com.google.android.gms componentName=AppsCorpus serviceId=36
10-31 11:20:23.303  2441  6901 I Icing   : Removing corpus key com.google.android.music-top_artists for package com.google.android.music
10-31 11:20:23.658  7755  7783 W AdvertisingIdClient: Error while reading from SharedPreferences 
10-31 11:20:23.658  7755  7783 W AdvertisingIdClient: java.lang.SecurityException: MODE_WORLD_READABLE no longer supported
10-31 11:20:23.658  7755  7783 W AdvertisingIdClient: 	at android.app.ContextImpl.checkMode(ContextImpl.java:2495)
10-31 11:20:23.658  7755  7783 W AdvertisingIdClient: 	at android.app.ContextImpl.getSharedPreferences(ContextImpl.java:414)
10-31 11:20:23.658  7755  7783 W AdvertisingIdClient: 	at android.app.ContextImpl.getSharedPreferences(ContextImpl.java:404)
10-31 11:20:23.658  7755  7783 W AdvertisingIdClient: 	at com.google.android.gms.ads.identifier.AdvertisingIdClient.getAdvertisingIdInfo(Unknown Source:11)
10-31 11:20:23.658  7755  7783 W AdvertisingIdClient: 	at com.google.android.music.preferences.MusicPreferences.getAdvertisingIdInfo(MusicPreferences.java:2485)
10-31 11:20:23.658  7755  7783 W AdvertisingIdClient: 	at com.google.android.music.preferences.MusicPreferences.access$1000(MusicPreferences.java:84)
10-31 11:20:23.658  7755  7783 W AdvertisingIdClient: 	at com.google.android.music.preferences.MusicPreferences$7.run(MusicPreferences.java:2466)
10-31 11:20:23.658  7755  7783 W AdvertisingIdClient: 	at com.google.android.music.utils.async.TraceableRunnable.runLogged(TraceableRunnable.java:21)
10-31 11:20:23.658  7755  7783 W AdvertisingIdClient: 	at com.google.android.music.utils.async.LoggedRunnable.run(LoggedRunnable.java:30)
10-31 11:20:23.658  7755  7783 W AdvertisingIdClient: 	at android.os.Handler.handleCallback(Handler.java:873)
10-31 11:20:23.658  7755  7783 W AdvertisingIdClient: 	at android.os.Handler.dispatchMessage(Handler.java:99)
10-31 11:20:23.658  7755  7783 W AdvertisingIdClient: 	at com.google.android.music.utils.LoggableHandler.dispatchMessage(LoggableHandler.java:74)
10-31 11:20:23.658  7755  7783 W AdvertisingIdClient: 	at android.os.Looper.loop(Looper.java:193)
10-31 11:20:23.658  7755  7783 W AdvertisingIdClient: 	at android.os.HandlerThread.run(HandlerThread.java:65)
10-31 11:20:23.689  7755  7755 I roid.music:mai: The ClassLoaderContext is a special shared library.
10-31 11:20:23.816  7755  7755 I roid.music:mai: The ClassLoaderContext is a special shared library.
10-31 11:20:23.895  2441  6901 I native  : flash-index.cc:1508 Flash index sort hb 11033 prefix-hits 45528 -> 24921 at 578.299ms
10-31 11:20:24.526  7755  7755 V NativeCrypto: Registering com/google/android/gms/org/conscrypt/NativeCrypto's 284 native methods...
10-31 11:20:24.743  5263  5861 I chatty  : uid=10036(com.android.vending) InstallQueueUsi expire 10 lines
10-31 11:20:24.745  5841  7796 D DownloadManager: [33] Starting
10-31 11:20:24.757  5841  7796 D NetworkSecurityConfig: No Network Security Config specified, using platform default
10-31 11:20:24.757  5841  7796 D NetworkSecurityConfig: No Network Security Config specified, using platform default
10-31 11:20:24.960  5263  5268 I chatty  : uid=10036(com.android.vending) Jit thread pool expire 1 line
10-31 11:20:25.691  7755  7755 W roid.music:mai: Accessing hidden method Ljava/security/spec/ECParameterSpec;->getCurveName()Ljava/lang/String; (light greylist, reflection)
10-31 11:20:25.706  7755  7755 D NetworkSecurityConfig: No Network Security Config specified, using platform default
10-31 11:20:25.707  7755  7755 I ProviderInstaller: Installed default security provider GmsCore_OpenSSL
10-31 11:20:25.708  7755  7755 D AndroidMusic: GMSCore installation verified
10-31 11:20:25.920  6811  6811 I BgTaskExecutorImpl: Starting EXCLUSIVE background task SMARTSPACE_UPDATE.
10-31 11:20:26.242  7755  7755 I MusicExperimentManager: Received config change, experiments list is null
10-31 11:20:26.243  7755  7755 W MusicExperimentManager: Parsing error while updating analysis experiments
10-31 11:20:26.414  7755  7755 I TopChartsIcing: Scheduling 'com.google.android.music.sync.google.work.TopChartsIcingWorker
10-31 11:20:26.428  7755  7755 I BaseStore: Store database version: 146
10-31 11:20:26.657  6811  7804 W VelvetNetworkClient: Cannot connect to server without account
10-31 11:20:26.664  7755  7755 I PlaybackClient: init: Initializing
10-31 11:20:26.698  1785  5729 D ConnectivityService: Returning BLOCKED NetworkInfo to uid=10066
10-31 11:20:26.896  7755  7755 E PlayCommon: [2] MetalogHelper.<init>: Failed to restore PlayMetalog
10-31 11:20:26.896  7755  7755 E PlayCommon: [2] MetalogHelper.<init>: Failed to restore LogsUploadAttempt
10-31 11:20:27.309  7755  7755 D MusicLifecycle: com.google.android.music.sync.google.gcm.PackageReplacedBroadcastReceiver generated event: Broadcast received with context android.app.ReceiverRestrictedContext@c513fff and intent Intent { act=android.intent.action.MY_PACKAGE_REPLACED flg=0x4000010 pkg=com.google.android.music cmp=com.google.android.music/.sync.google.gcm.PackageReplacedBroadcastReceiver (has extras) }
10-31 11:20:27.309  7755  7755 I PackageReplacedReceiver: Registering with GCM as a result of a package replacement
10-31 11:20:27.314  7755  7755 I GcmRegistrationWorker: Scheduling 'com.google.android.music.sync.google.work.GcmRegistrationWorker'
10-31 11:20:27.317  7755  7755 D MusicLifecycle: com.google.android.music.net.NetworkConnectivityMonitor$NetworkChangedReceiver generated event: Broadcast received with context com.google.android.music.ui.PhoneMusicApplication@92fd03e and intent Intent { act=android.net.conn.CONNECTIVITY_CHANGE flg=0x4200010 (has extras) }
10-31 11:20:27.318  7755  7755 I NetworkConnectivity: Network state changed: [type: WIFI[], state: DISCONNECTED/BLOCKED, reason: (unspecified), extra: (none), failover: false, available: true, roaming: false]
10-31 11:20:27.332  7755  7755 D MusicLifecycle: com.google.android.music.download.EncapsulatedBroadcastReceiver$1 generated event: Broadcast received with context com.google.android.music.ui.PhoneMusicApplication@92fd03e and intent Intent { act=com.google.android.music.ResumeStorageMigration flg=0x10 (has extras) }
10-31 11:20:27.340  7755  7755 D MusicLifecycle: com.google.android.music.store.PackageReplacedBroadcastReceiver generated event: Broadcast received with context android.app.ReceiverRestrictedContext@c513fff and intent Intent { act=android.intent.action.MY_PACKAGE_REPLACED flg=0x4000010 pkg=com.google.android.music cmp=com.google.android.music/.store.PackageReplacedBroadcastReceiver (has extras) }
10-31 11:20:27.340  7755  7755 D MusicLifecycle: com.google.android.music.download.EncapsulatedBroadcastReceiver$1 generated event: Broadcast received with context com.google.android.music.ui.PhoneMusicApplication@92fd03e and intent Intent { act=com.google.android.music.download.keepon.KeeponSchedulingService.START_DOWNLOAD flg=0x10 }
10-31 11:20:27.397  7755  7790 D SharedPreferencesImpl: Time required to fsync /data/user/0/com.google.android.music/shared_prefs/MusicPreferences.xml: [<1: 0, <2: 0, <4: 0, <8: 3, <16: 0, <32: 0, <64: 0, <128: 0, <256: 1, <512: 1, <1024: 0, <2048: 0, <4096: 0, <8192: 0, <16384: 0, >=16384: 0]
10-31 11:20:27.413  7755  7755 D MusicLifecycle: com.google.android.music.sync.ConfigSyncOnUpgradeBroadcastReceiver generated event: Broadcast received with context android.app.ReceiverRestrictedContext@c513fff and intent Intent { act=android.intent.action.MY_PACKAGE_REPLACED flg=0x4000010 pkg=com.google.android.music cmp=com.google.android.music/.sync.ConfigSyncOnUpgradeBroadcastReceiver (has extras) }
10-31 11:20:27.619  7755  7812 D AwarenessRouter: 0 new fences
10-31 11:20:27.631  7755  7812 D AwarenessRouter: 0 fences already registered
10-31 11:20:27.643  7755  7812 D AwarenessRouter: Successfully removed 0 context fences
10-31 11:20:27.766  1785  1785 W Looper  : Slow dispatch took 1079ms main h=com.android.server.notification.NotificationManagerService$WorkerHandler c=null m=3
10-31 11:20:27.990  1785  1785 W Looper  : Slow delivery took 1073ms main h=com.android.server.notification.NotificationManagerService$WorkerHandler c=null m=3
10-31 11:20:27.990  1785  1785 W Looper  : Slow dispatch took 224ms main h=com.android.server.notification.NotificationManagerService$WorkerHandler c=null m=3
10-31 11:20:27.990  1785  1785 W Looper  : Drained
10-31 11:20:27.997  2441  6901 I Icing   : Removing corpus key com.google.android.music-albums for package com.google.android.music
10-31 11:20:28.147  6811  6820 W System  : A resource failed to call close. 
10-31 11:20:28.147  6811  6820 W System  : A resource failed to call close. 
10-31 11:20:28.147  6811  6820 W SQLiteConnectionPool: A SQLiteConnection object for database '/data/user/0/com.google.android.googlequicksearchbox/databases/icing-mdh.db' was leaked!  Please fix your application to end transactions in progress properly and to close the database when it is no longer needed.
10-31 11:20:28.147  6811  6820 W System  : A resource failed to call close. 
10-31 11:20:28.162  1785  2616 D ConnectivityService: requestNetwork for uid/pid:10066/7755 NetworkRequest [ TRACK_DEFAULT id=31, [ Capabilities: INTERNET&NOT_RESTRICTED&TRUSTED Unwanted:  Uid: 10066] ]
10-31 11:20:28.176  2002  2002 D PhoneSwitcherNetworkRequstListener: got request NetworkRequest [ TRACK_DEFAULT id=31, [ Capabilities: INTERNET&NOT_RESTRICTED&TRUSTED Unwanted:  Uid: 10066] ] with score 60
10-31 11:20:28.214  2441  6901 I Icing   : Removing corpus key com.google.android.music-top_albums for package com.google.android.music
10-31 11:20:28.381  2441  6901 I Icing   : Removing corpus key com.google.android.music-artists for package com.google.android.music
10-31 11:20:28.495  2441  6901 I Icing   : Removing corpus key com.google.android.music-songs for package com.google.android.music
10-31 11:20:28.543  2441  6901 I Icing   : Removing corpus key com.google.android.music-playlists for package com.google.android.music
10-31 11:20:28.599  2441  6901 I Icing   : Removing corpus key com.google.android.music-top_tracks for package com.google.android.music
10-31 11:20:28.699  2441  6901 W Icing   : No valid account for uploading user actions: adgi: Not signed in
10-31 11:20:28.745  2441  6901 I Icing   : Usage reports ok 0, Failed Usage reports 0, indexed 0, rejected 0
10-31 11:20:28.781  2441  5461 I Icing   : IndexChimeraService.getServiceInterface callingPackage=com.google.android.gms componentName=null serviceId=30
10-31 11:20:28.807  2441  6901 W Icing   : No valid account for uploading user actions: adgi: Not signed in
10-31 11:20:28.819  2441  6901 I Icing   : Usage reports ok 0, Failed Usage reports 0, indexed 0, rejected 0
10-31 11:20:29.753  2441  7003 I Icing   : Indexing com.google.android.gms-apps from com.google.android.gms
10-31 11:20:30.309  2441  7003 I Icing   : Indexing done com.google.android.gms-apps
10-31 11:20:30.310  2441  7003 I Icing   : Indexing com.google.android.gms-internal.3p:MobileApplication from com.google.android.gms
10-31 11:20:30.331  2441  7003 I Icing   : Indexing done com.google.android.gms-internal.3p:MobileApplication
10-31 11:20:31.237  7755  7755 D MusicLifecycle: com.google.android.music.autocache.AutoCacheSchedulingService$EnablingReceiver generated event: Broadcast received with context android.app.ReceiverRestrictedContext@c513fff and intent Intent { act=com.google.android.music.START_DOWNLOAD_SCHEDULING flg=0x10 cmp=com.google.android.music/.autocache.AutoCacheSchedulingService$EnablingReceiver }
10-31 11:20:31.250  7755  7755 D MusicLifecycle: com.google.android.music.autocache.AutoCacheSchedulingService generated event: Service created
10-31 11:20:31.391  7755  7755 D MusicLifecycle: com.google.android.music.autocache.AutoCacheSchedulingService generated event: Service started with intent Intent { act=com.google.android.music.leanback.APP_IN_USE cmp=com.google.android.music/.autocache.AutoCacheSchedulingService }
10-31 11:20:31.539  7755  7830 W MusicLeanback: No wakelock held for Intent { act=com.google.android.music.leanback.APP_IN_USE cmp=com.google.android.music/.autocache.AutoCacheSchedulingService }
10-31 11:20:31.539  7755  7830 I MusicLeanback: Conditions not met for autocaching. okToAttempt=false
10-31 11:20:31.541  7755  7830 I MusicLeanback: Stop autocaching.
10-31 11:20:31.606  7755  7755 D MusicLifecycle: com.google.android.music.autocache.AutoCacheSchedulingService generated event: Service destroyed
10-31 11:20:31.620  2015  2015 W NotificationEntryMgr: removeNotification for unknown key: 0|com.google.android.music|1062|null|10066
10-31 11:20:31.640  1785  1873 D ConnectivityService: releasing NetworkRequest [ TRACK_DEFAULT id=31, [ Capabilities: INTERNET&NOT_RESTRICTED&TRUSTED Unwanted:  Uid: 10066] ] (release request)
10-31 11:20:31.647  7755  7807 I WM-WorkerWrapper: Work [ id=31bd5592-fc34-49a7-8c4c-07b0fd251ba6, tags={ com.google.android.music.sync.google.work.TopChartsIcingWorker, TopChartsIcingWorker } ] was cancelled
10-31 11:20:31.647  7755  7807 I WM-WorkerWrapper: java.util.concurrent.CancellationException: Task was cancelled.
10-31 11:20:31.647  7755  7807 I WM-WorkerWrapper: 	at androidx.work.impl.utils.futures.AbstractFuture.cancellationExceptionWithCause(AbstractFuture.java:1184)
10-31 11:20:31.647  7755  7807 I WM-WorkerWrapper: 	at androidx.work.impl.utils.futures.AbstractFuture.getDoneValue(AbstractFuture.java:514)
10-31 11:20:31.647  7755  7807 I WM-WorkerWrapper: 	at androidx.work.impl.utils.futures.AbstractFuture.get(AbstractFuture.java:475)
10-31 11:20:31.647  7755  7807 I WM-WorkerWrapper: 	at androidx.work.impl.WorkerWrapper$2.run(WorkerWrapper.java:284)
10-31 11:20:31.647  7755  7807 I WM-WorkerWrapper: 	at androidx.work.impl.utils.SerialExecutor$Task.run(SerialExecutor.java:75)
10-31 11:20:31.647  7755  7807 I WM-WorkerWrapper: 	at java.util.concurrent.ThreadPoolExecutor.runWorker(ThreadPoolExecutor.java:1167)
10-31 11:20:31.647  7755  7807 I WM-WorkerWrapper: 	at java.util.concurrent.ThreadPoolExecutor$Worker.run(ThreadPoolExecutor.java:641)
10-31 11:20:31.647  7755  7807 I WM-WorkerWrapper: 	at java.lang.Thread.run(Thread.java:764)
10-31 11:20:31.705  7755  7783 D DatabaseUpgradeHelper: Upgrading database: /data/user/0/com.google.android.music/databases/music.db to version: 137
10-31 11:20:31.709  7755  7783 D DatabaseUpgradeHelper: Upgrading database: /data/user/0/com.google.android.music/databases/music.db to version: 138
10-31 11:20:31.709  7755  7783 D DatabaseUpgradeHelper: Upgrading database: /data/user/0/com.google.android.music/databases/music.db to version: 139
10-31 11:20:31.710  7755  7783 D DatabaseUpgradeHelper: Upgrading database: /data/user/0/com.google.android.music/databases/music.db to version: 140
10-31 11:20:31.712  7755  7783 D DatabaseUpgradeHelper: Upgrading database: /data/user/0/com.google.android.music/databases/music.db to version: 141
10-31 11:20:31.713  7755  7783 D DatabaseUpgradeHelper: Upgrading database: /data/user/0/com.google.android.music/databases/music.db to version: 142
10-31 11:20:31.714  7755  7783 D DatabaseUpgradeHelper: Upgrading database: /data/user/0/com.google.android.music/databases/music.db to version: 143
10-31 11:20:31.716  7755  7783 D DatabaseUpgradeHelper: Upgrading database: /data/user/0/com.google.android.music/databases/music.db to version: 144
10-31 11:20:31.718  7755  7783 D DatabaseUpgradeHelper: Upgrading database: /data/user/0/com.google.android.music/databases/music.db to version: 145
10-31 11:20:31.721  7755  7783 D DatabaseUpgradeHelper: Upgrading database: /data/user/0/com.google.android.music/databases/music.db to version: 146
10-31 11:20:31.746  7755  7783 I MusicStore: Upgrade from -1 to 146 took 388 ms
10-31 11:20:31.947  7755  7811 I MediaStoreImporter: Update: full Success: true Added music: 0 Updated music: 0 Deleted music: 0 Created playlists: 0 Updated playlists: 0 Deleted playlists: 0 Inserted playlist items: 0 Deleted playlist items: 0 Removed orphaned playlist items: 0 Total item count: 0
10-31 11:20:32.022  7755  7755 D MusicLifecycle: com.google.android.music.download.EncapsulatedBroadcastReceiver$1 generated event: Broadcast received with context com.google.android.music.ui.PhoneMusicApplication@92fd03e and intent Intent { act=com.google.android.music.IMPORT_COMPLETE flg=0x10 }
10-31 11:20:33.233  1785  1859 I chatty  : uid=1000(system) InputReader expire 8 lines
10-31 11:20:33.308  1785  1785 I Telecom : DefaultDialerCache: Refreshing default dialer for user 0: now com.google.android.dialer: DDC.oR@ALw
10-31 11:20:33.348  2002  2002 D CarrierSvcBindHelper: No carrier app for: 0
10-31 11:20:34.644  2441  6901 I Icing   : Indexing com.google.android.gms-apps from com.google.android.gms
10-31 11:20:34.805  2441  6901 I Icing   : Indexing done com.google.android.gms-apps
10-31 11:20:34.806  2441  6901 I Icing   : Indexing com.google.android.gms-internal.3p:MobileApplication from com.google.android.gms
10-31 11:20:34.826  2441  6901 I Icing   : Indexing done com.google.android.gms-internal.3p:MobileApplication
10-31 11:20:36.211  2015  2041 I ndroid.systemu: Background concurrent copying GC freed 138319(5MB) AllocSpace objects, 0(0B) LOS objects, 45% free, 7MB/13MB, paused 596us total 138.257ms
10-31 11:20:39.699  5841  7796 D DownloadManager: [33] Finished with status SUCCESS
10-31 11:20:39.711  5263  5263 I chatty  : uid=10036(com.android.vending) expire 105 lines
10-31 11:20:39.727  5263  5861 I chatty  : uid=10036(com.android.vending) InstallQueueUsi expire 6 lines
10-31 11:20:39.814  1785  1785 I NotificationService: Cannot find enqueued record for key: 0|com.android.providers.downloads|0|1:com.android.vending|10012
10-31 11:20:40.888  5841  6205 V DownloadManager: Deleting /data/data/com.android.providers.downloads/cache/downloadfile.bin via provider delete
10-31 11:20:41.510  1785  1800 I ActivityManager: Force stopping com.google.android.tts appid=10047 user=-1: installPackageLI
10-31 11:20:41.555  1785  1814 I PackageManager: Update system package com.google.android.tts code path from /system/app/GoogleTTS to /data/app/com.google.android.tts-Ph4fvTxF4geDAsYM4btMEQ==; Retain data and using new
10-31 11:20:41.555  1785  1814 I PackageManager: Update system package com.google.android.tts resource path from /system/app/GoogleTTS to /data/app/com.google.android.tts-Ph4fvTxF4geDAsYM4btMEQ==; Retain data and using new
10-31 11:20:41.736  1639  1639 V installed: DexInv: --- BEGIN '/data/app/com.google.android.tts-Ph4fvTxF4geDAsYM4btMEQ==/base.apk' ---
10-31 11:20:41.773  7857  7857 W dex2oat : Unexpected CPU variant for X86 using defaults: x86
10-31 11:20:41.774  7857  7857 W dex2oat : Mismatch between dex2oat instruction set features (ISA: X86 Feature string: -ssse3,-sse4.1,-sse4.2,-avx,-avx2,-popcnt) and those of dex2oat executable (ISA: X86 Feature string: ssse3,-sse4.1,-sse4.2,-avx,-avx2,-popcnt) for the command line:
10-31 11:20:41.774  7857  7857 W dex2oat : /system/bin/dex2oat --zip-fd=8 --zip-location=base.apk --input-vdex-fd=-1 --output-vdex-fd=10 --oat-fd=9 --oat-location=/data/app/com.google.android.tts-Ph4fvTxF4geDAsYM4btMEQ==/oat/x86/base.odex --instruction-set=x86 --instruction-set-variant=x86 --instruction-set-features=default --runtime-arg -Xms64m --runtime-arg -Xmx512m --compiler-filter=speed-profile --swap-fd=11 --app-image-fd=12 --image-format=lz4 --classpath-dir=/data/app/com.google.android.tts-Ph4fvTxF4geDAsYM4btMEQ== --class-loader-context=PCL[] --generate-mini-debug-info --compact-dex-level=none --runtime-arg -Xtarget-sdk-version:28 --runtime-arg -Xhidden-api-checks --compilation-reason=install
10-31 11:20:41.774  7857  7857 I dex2oat : /system/bin/dex2oat --input-vdex-fd=-1 --output-vdex-fd=10 --compiler-filter=speed-profile --classpath-dir=/data/app/com.google.android.tts-Ph4fvTxF4geDAsYM4btMEQ== --class-loader-context=PCL[] --generate-mini-debug-info --compact-dex-level=none --compilation-reason=install
10-31 11:20:42.367  7857  7862 W dex2oat : Accessing hidden method Landroid/content/pm/IPackageStatsObserver$Stub;-><init>()V (light greylist, linking)
10-31 11:20:42.406  1785  1887 I chatty  : uid=1000(system) HwBinder:1785_2 expire 13 lines
10-31 11:20:42.407  1785  1799 I chatty  : uid=1000(system) android.bg expire 18 lines
10-31 11:20:42.561  7857  7862 W dex2oat : Accessing hidden method Landroid/view/View;->getAccessibilityDelegate()Landroid/view/View$AccessibilityDelegate; (light greylist, linking)
10-31 11:20:42.607  7857  7862 W dex2oat : Accessing hidden method Landroid/widget/TextView;->getTextDirectionHeuristic()Landroid/text/TextDirectionHeuristic; (light greylist, linking)
10-31 11:20:42.758  7857  7857 W dex2oat : Accessing hidden method Landroid/text/SpannableStringInternal;->length()I (light greylist, linking)
10-31 11:20:42.781  7857  7857 W dex2oat : Accessing hidden method Ldalvik/system/VMStack;->getStackClass2()Ljava/lang/Class; (light greylist, linking)
10-31 11:20:42.781  7857  7862 W dex2oat : Accessing hidden method Ldalvik/system/VMStack;->getStackClass2()Ljava/lang/Class; (light greylist, linking)
10-31 11:20:43.011  7857  7862 W dex2oat : Accessing hidden method Landroid/widget/PopupWindow;->setEpicenterBounds(Landroid/graphics/Rect;)V (light greylist, linking)
10-31 11:20:43.125  7857  7857 W dex2oat : Accessing hidden method Landroid/widget/PopupWindow;->setTouchModal(Z)V (light greylist, linking)
10-31 11:20:45.178  7857  7857 I dex2oat : Explicit concurrent copying GC freed 23331(3MB) AllocSpace objects, 0(0B) LOS objects, 99% free, 1000B/1536KB, paused 592us total 3.978ms
10-31 11:20:45.361  7857  7857 I dex2oat : dex2oat took 3.589s (5.230s cpu) (threads: 2) arena alloc=509KB (522168B) java alloc=16KB (17384B) native alloc=5MB (5935656B) free=2MB (2977240B)
10-31 11:20:45.366  1639  1639 V installed: DexInv: --- END '/data/app/com.google.android.tts-Ph4fvTxF4geDAsYM4btMEQ==/base.apk' (success) ---
10-31 11:20:45.373  1639  1639 E         : Couldn't opendir /data/app/vmdl2075123962.tmp: No such file or directory
10-31 11:20:45.373  1639  1639 E installd: Failed to delete /data/app/vmdl2075123962.tmp: No such file or directory
10-31 11:20:45.373  1785  1814 I ActivityManager: Force stopping com.google.android.tts appid=10047 user=0: pkg removed
10-31 11:20:45.406  1785  1800 W BroadcastQueue: Background execution not allowed: receiving Intent { act=android.intent.action.PACKAGE_REMOVED dat=package:com.google.android.tts flg=0x4000010 (has extras) } to com.android.vending/com.google.android.finsky.packagemanager.impl.PackageMonitorReceiverImpl$RegisteredReceiver
10-31 11:20:45.406  1785  1800 W BroadcastQueue: Background execution not allowed: receiving Intent { act=android.intent.action.PACKAGE_REMOVED dat=package:com.google.android.tts flg=0x4000010 (has extras) } to com.android.vending/com.google.android.finsky.instantapps.appmanagement.InstantAppRemoveMonitor
10-31 11:20:45.418  1785  1800 W BroadcastQueue: Background execution not allowed: receiving Intent { act=android.intent.action.PACKAGE_REMOVED dat=package:com.google.android.tts flg=0x4000010 (has extras) } to com.google.android.gms/.games.chimera.GamesSystemBroadcastReceiverProxy
10-31 11:20:45.418  1785  1800 W BroadcastQueue: Background execution not allowed: receiving Intent { act=android.intent.action.PACKAGE_REMOVED dat=package:com.google.android.tts flg=0x4000010 (has extras) } to com.google.android.gms/.chimera.GmsIntentOperationService$PersistentTrustedReceiver
10-31 11:20:45.418  1785  1800 W BroadcastQueue: Background execution not allowed: receiving Intent { act=android.intent.action.PACKAGE_REMOVED dat=package:com.google.android.tts flg=0x4000010 (has extras) } to com.google.android.googlequicksearchbox/com.google.android.apps.gsa.googlequicksearchbox.GelStubAppWatcher
10-31 11:20:45.483  1785  1800 W BroadcastQueue: Background execution not allowed: receiving Intent { act=android.intent.action.PACKAGE_ADDED dat=package:com.google.android.tts flg=0x4000010 (has extras) } to com.android.vending/com.google.android.finsky.packagemanager.impl.PackageMonitorReceiverImpl$RegisteredReceiver
10-31 11:20:45.486  1785  1800 W BroadcastQueue: Background execution not allowed: receiving Intent { act=android.intent.action.PACKAGE_ADDED dat=package:com.google.android.tts flg=0x4000010 (has extras) } to com.google.android.gms/.games.chimera.GamesSystemBroadcastReceiverProxy
10-31 11:20:45.514  1785  1800 W BroadcastQueue: Background execution not allowed: receiving Intent { act=android.intent.action.PACKAGE_ADDED dat=package:com.google.android.tts flg=0x4000010 (has extras) } to com.google.android.gms/.gass.chimera.PackageChangeBroadcastReceiver
10-31 11:20:45.514  1785  1800 W BroadcastQueue: Background execution not allowed: receiving Intent { act=android.intent.action.PACKAGE_ADDED dat=package:com.google.android.tts flg=0x4000010 (has extras) } to com.google.android.gms/.chimera.GmsIntentOperationService$PersistentTrustedReceiver
10-31 11:20:45.538  1785  1800 W BroadcastQueue: Background execution not allowed: receiving Intent { act=android.intent.action.PACKAGE_ADDED dat=package:com.google.android.tts flg=0x4000010 (has extras) } to com.google.android.googlequicksearchbox/com.google.android.apps.gsa.googlequicksearchbox.GelStubAppWatcher
10-31 11:20:45.583  2002  2012 I m.android.phon: Background concurrent copying GC freed 24193(2MB) AllocSpace objects, 0(0B) LOS objects, 49% free, 2MB/4MB, paused 1.882ms total 142.419ms
10-31 11:20:45.659  1785  1785 W Looper  : Slow dispatch took 130ms main h=android.app.ActivityThread$H c=android.app.-$$Lambda$LoadedApk$ReceiverDispatcher$Args$_BumDX2UKsnxLVrE6UJsJZkotuA@12dc650 m=0
10-31 11:20:45.659  1785  1785 W Looper  : Slow delivery took 203ms main h=android.app.ActivityThread$H c=android.app.-$$Lambda$LoadedApk$ReceiverDispatcher$Args$_BumDX2UKsnxLVrE6UJsJZkotuA@4ca0049 m=0
10-31 11:20:45.673  1785  1785 I Telecom : DefaultDialerCache: Refreshing default dialer for user 0: now com.google.android.dialer: DDC.oR@AL4
10-31 11:20:45.735  2441  7870 I Auth    : [SupervisedAccountIntentOperation] onHandleIntent(): android.intent.action.PACKAGE_ADDED
10-31 11:20:45.825  2441  7871 I ChromeSync: [Sync,SyncIntentOperation] Handling the intent: Intent { act=android.intent.action.PACKAGE_ADDED dat=package:com.google.android.tts flg=0x4000010 cmp=com.google.android.gms/.chimera.GmsIntentOperationService (has extras) }.
10-31 11:20:45.950  1785  5050 I chatty  : uid=1000(system) Binder:1785_1B expire 1 line
10-31 11:20:46.013  1785  1785 W Looper  : Drained
10-31 11:20:46.016  2441  5461 I Icing   : IndexChimeraService.getServiceInterface callingPackage=com.google.android.gms componentName=AppsCorpus serviceId=36
10-31 11:20:46.150  1785  1796 W BroadcastQueue: Background execution not allowed: receiving Intent { act=android.intent.action.PACKAGE_REPLACED dat=package:com.google.android.tts flg=0x4000010 (has extras) } to com.google.android.apps.photos/.account.full.FetchAccountPropertiesAppUpgradeBroadcastReceiver
10-31 11:20:46.151  1785  1800 W BroadcastQueue: Background execution not allowed: receiving Intent { act=android.intent.action.PACKAGE_REPLACED dat=package:com.google.android.tts flg=0x4000010 (has extras) } to com.google.android.apps.photos/.account.full.SyncAccountsForLoginBroadcastReceiver
10-31 11:20:46.151  1785  1800 W BroadcastQueue: Background execution not allowed: receiving Intent { act=android.intent.action.PACKAGE_REPLACED dat=package:com.google.android.tts flg=0x4000010 (has extras) } to com.google.android.apps.photos/.experiments.phenotype.full.PhenotypeAppUpgradeBroadcastReceiver
10-31 11:20:46.152  1785  1800 W BroadcastQueue: Background execution not allowed: receiving Intent { act=android.intent.action.PACKAGE_REPLACED dat=package:com.google.android.tts flg=0x4000010 (has extras) } to com.google.android.apps.photos/.notificationchannels.AppUpdateBroadcastReceiver
10-31 11:20:46.152  1785  1800 W BroadcastQueue: Background execution not allowed: receiving Intent { act=android.intent.action.PACKAGE_REPLACED dat=package:com.google.android.tts flg=0x4000010 (has extras) } to com.google.android.gms/.gass.chimera.PackageChangeBroadcastReceiver
10-31 11:20:46.152  1785  1800 W BroadcastQueue: Background execution not allowed: receiving Intent { act=android.intent.action.PACKAGE_REPLACED dat=package:com.google.android.tts flg=0x4000010 (has extras) } to com.google.android.gms/.chimera.GmsIntentOperationService$PersistentTrustedReceiver
10-31 11:20:46.153  1785  1800 W BroadcastQueue: Background execution not allowed: receiving Intent { act=android.intent.action.PACKAGE_REPLACED dat=package:com.google.android.tts flg=0x4000010 (has extras) } to com.google.android.googlequicksearchbox/com.google.android.apps.gsa.googlequicksearchbox.GelStubAppWatcher
10-31 11:20:46.184  1785  1802 I ActivityManager: Start proc 7888:com.google.android.tts/u0a47 for service com.google.android.tts/com.firebase.jobdispatcher.GooglePlayReceiver
10-31 11:20:46.230  7888  7888 W gle.android.tt: Unexpected CPU variant for X86 using defaults: x86
10-31 11:20:46.236  7888  7888 E gle.android.tt: Not starting debugger since process cannot load the jdwp agent.
10-31 11:20:46.291  5923  7883 I anye    : Scheduling Phenotype for a PhenotypeSyncImmediately(6, com.google.android.tts#com.google.android.tts) one off with window [1, 2] in seconds [CONTEXT service_id=51 ]
10-31 11:20:46.339  2002  2002 D CarrierSvcBindHelper: No carrier app for: 0
10-31 11:20:46.358  2002  2002 D CarrierSvcBindHelper: No carrier app for: 0
10-31 11:20:46.389  2002  2002 D CarrierConfigLoader: mHandler: 9 phoneId: 0
10-31 11:20:46.447  2441  7886 W Icing   : No valid account for uploading user actions: adgi: Not signed in
10-31 11:20:46.454  7888  7888 W gle.android.tt: Accessing hidden method Ldalvik/system/VMStack;->getStackClass2()Ljava/lang/Class; (light greylist, reflection)
10-31 11:20:46.456  7888  7888 I MultiDex: VM with version 2.1.0 has multidex support
10-31 11:20:46.456  7888  7888 I MultiDex: install
10-31 11:20:46.456  7888  7888 I MultiDex: VM has multidex support, MultiDex support library is disabled.
10-31 11:20:46.526  2015  2015 W StaticLayout: maxLineHeight should not be -1.  maxLines:1 lineCount:1
10-31 11:20:46.527  2015  2015 W StaticLayout: maxLineHeight should not be -1.  maxLines:1 lineCount:1
10-31 11:20:46.596  7888  7888 I TTS.PattsJniLoader: Loading library tts_android
10-31 11:20:46.627  2441  7886 I Icing   : Usage reports ok 0, Failed Usage reports 0, indexed 0, rejected 0
10-31 11:20:46.812  5263  7791 I chatty  : uid=10036(com.android.vending) expire 1 line
10-31 11:20:46.860  7888  7888 W gle.android.tt: Accessing hidden field Lsun/misc/Unsafe;->theUnsafe:Lsun/misc/Unsafe; (light greylist, reflection)
10-31 11:20:46.872  5263  5602 I chatty  : uid=10036(com.android.vending) bgExecutor #1 expire 1 line
10-31 11:20:46.887  7888  7888 I TTS.Analytics: Running on <cyy@efc3a2e number=1 name=TYPE_PHONE>
10-31 11:20:46.996  2441  5461 I Icing   : IndexChimeraService.getServiceInterface callingPackage=com.google.android.gms componentName=null serviceId=30
10-31 11:20:47.029  7888  7907 W gle.android.tt: Accessing hidden field Ljava/nio/Buffer;->address:J (light greylist, reflection)
10-31 11:20:47.029  2441  7886 W Icing   : No valid account for uploading user actions: adgi: Not signed in
10-31 11:20:47.035  7888  7888 W PrimesInit: Primes instant initialization
10-31 11:20:47.039  7888  7908 W Primes  : background initialization
10-31 11:20:47.086  7888  7888 I TTS.VoiceDataDownloader: fetchVoiceInternal en-us
10-31 11:20:47.118  7888  7908 I PrimesTesting: GserviceFlagsSupplier.get()
10-31 11:20:47.131  7888  7910 D NetworkSecurityConfig: No Network Security Config specified, using platform default
10-31 11:20:47.140  2441  7886 I Icing   : Usage reports ok 0, Failed Usage reports 0, indexed 0, rejected 0
10-31 11:20:47.155  7888  7910 W gle.android.tt: Accessing hidden method Ldalvik/system/CloseGuard;->get()Ldalvik/system/CloseGuard; (light greylist, reflection)
10-31 11:20:47.155  7888  7910 W gle.android.tt: Accessing hidden method Ldalvik/system/CloseGuard;->open(Ljava/lang/String;)V (light greylist, reflection)
10-31 11:20:47.155  7888  7910 W gle.android.tt: Accessing hidden method Ldalvik/system/CloseGuard;->warnIfOpen()V (light greylist, reflection)
10-31 11:20:47.895  2441  7886 I Icing   : Indexing com.google.android.gms-apps from com.google.android.gms
10-31 11:20:47.903  2441  7886 I Icing   : Indexing done com.google.android.gms-apps
10-31 11:20:48.030  2441  7886 I Icing   : Indexing com.google.android.gms-apps from com.google.android.gms
10-31 11:20:48.032  2441  7886 I Icing   : Indexing done com.google.android.gms-apps
10-31 11:20:48.067  7888  7910 I TTS.VoiceDataDownloader: Got bundled voice en-us
10-31 11:20:48.175  7888  7914 I SP      : Creating database superpacks.db, version 16
10-31 11:20:48.179  7888  7914 I SP      : Registering ttsvoices.202, url: null, constraints: *:*, flags: *, requested: 202, current: -1
10-31 11:20:48.650  7888  7914 I SP      : Successfully got manifest for ttsvoices-manifest: manifests:ttsvoices-202
10-31 11:20:48.698  7888  7910 I TTS.VoiceDataDownloader: Initialization success: true
10-31 11:20:48.699  7888  7910 I TTS.GoogleTTSApplicatio: VoiceDataDownloader initialized success true
10-31 11:20:48.781  7888  7910 I TTS.VoiceDataManager: Delete the old data directory successfully.
10-31 11:20:48.787  7888  7914 I SP      : Registering en-us.11, url: null, constraints: *:*, flags: *, requested: 11, current: -1
10-31 11:20:48.835  7888  7914 I SP      : Successfully got manifest for en-us-manifest: manifests:en-us-11
10-31 11:20:48.841  1785  2729 D ConnectivityService: Returning BLOCKED NetworkInfo to uid=10047
10-31 11:20:48.861  7888  7914 I SP      : Syncing en-us (11) with slices: [{en-us-x-sfg-r11, m:*}], metadata: false
10-31 11:20:48.896  7888  7914 I SP      : Fetching en-us:en-us-x-sfg-r11 from assets with params: {m:*, *, p {absolute:0}}
10-31 11:20:49.673  5263  5263 I chatty  : uid=10036(com.android.vending) expire 6 lines
10-31 11:20:49.754  5263  5861 I chatty  : uid=10036(com.android.vending) InstallQueueUsi expire 3 lines
10-31 11:20:49.760  5841  7917 D DownloadManager: [34] Starting
10-31 11:20:49.779  5841  7917 D NetworkSecurityConfig: No Network Security Config specified, using platform default
10-31 11:20:49.779  5841  7917 D NetworkSecurityConfig: No Network Security Config specified, using platform default
10-31 11:20:49.794  5263  5263 I chatty  : uid=10036(com.android.vending) expire 5 lines
10-31 11:20:50.809  5263  5861 I chatty  : uid=10036(com.android.vending) InstallQueueUsi expire 2 lines
10-31 11:20:52.631  5923  6625 I anyj    : Removed 0 invalid users [CONTEXT service_id=51 ]
10-31 11:20:52.937  5263  5273 I chatty  : uid=10036(com.android.vending) HeapTaskDaemon expire 1 line
10-31 11:20:53.121  5923  6625 W Conscrypt: Could not set socket write timeout: java.net.SocketException: Socket closed
10-31 11:20:53.121  5923  6625 W Conscrypt: 	at com.google.android.gms.org.conscrypt.Platform.setSocketWriteTimeout(:com.google.android.gms@19420040@19.4.20 (100700-271418971):2)
10-31 11:20:53.135  5923  6625 W Conscrypt: 	at com.google.android.gms.org.conscrypt.ConscryptFileDescriptorSocket.setSoWriteTimeout(:com.google.android.gms@19420040@19.4.20 (100700-271418971):2)
10-31 11:20:53.325  5923  6625 W Conscrypt: Could not set socket write timeout: java.net.SocketException: Socket closed
10-31 11:20:53.325  5923  6625 W Conscrypt: 	at com.google.android.gms.org.conscrypt.Platform.setSocketWriteTimeout(:com.google.android.gms@19420040@19.4.20 (100700-271418971):2)
10-31 11:20:53.325  5923  6625 W Conscrypt: 	at com.google.android.gms.org.conscrypt.ConscryptFileDescriptorSocket.setSoWriteTimeout(:com.google.android.gms@19420040@19.4.20 (100700-271418971):2)
10-31 11:20:53.697  7888  7914 I SP      : Sync for en-us succeeded in 4859 ms: {added: [en-us-x-sfg-r11], metadata: false
10-31 11:20:53.770  7888  7914 I SP      : GC for 'en-us' (<bhj@d165143 number=10 name=POST_SYNC_GC>) with ttl of 0 ms took 1 ms (0/1/0)
10-31 11:20:53.774  7888  7910 I TTS.VoiceDataDownloader: Download default Success true
10-31 11:20:55.009  5263  5263 I chatty  : uid=10036(com.android.vending) expire 2 lines
10-31 11:20:55.014  5263  5861 I chatty  : uid=10036(com.android.vending) InstallQueueUsi expire 5 lines
10-31 11:20:56.404  5923  6625 I anye    : Scheduling adaptive one off task with window [14400, 604800] in seconds [CONTEXT service_id=51 ]
10-31 11:20:57.587  2441  6901 W Icing   : isOptedInForAppHistory: empty Account Name encountered
10-31 11:20:57.587  2441  6901 I Icing   : App history upload skipped due to insufficient swaa consent
10-31 11:20:57.700  6811  6811 W t       : Received update for unknown package com.google.android.googlequicksearchbox
10-31 11:20:57.739  5923  5974 W Conscrypt: Could not set socket write timeout: java.net.SocketException: Socket closed
10-31 11:20:57.739  5923  5974 W Conscrypt: 	at com.google.android.gms.org.conscrypt.Platform.setSocketWriteTimeout(:com.google.android.gms@19420040@19.4.20 (100700-271418971):2)
10-31 11:20:57.739  5923  5974 W Conscrypt: 	at com.google.android.gms.org.conscrypt.ConscryptFileDescriptorSocket.setSoWriteTimeout(:com.google.android.gms@19420040@19.4.20 (100700-271418971):2)
10-31 11:20:58.144  7342  7342 I PhenotypeExperimentUpdateAvailableBroadcastReceiver: onReceive() urgent = false
10-31 11:20:58.149  6811  6811 I BgTaskExecutorImpl: Starting EXCLUSIVE background task FETCH_CONFIGS_FROM_PHENOTYPE.
10-31 11:20:58.224  5923  5974 W Conscrypt: Could not set socket write timeout: java.net.SocketException: Socket closed
10-31 11:20:58.224  5923  5974 W Conscrypt: 	at com.google.android.gms.org.conscrypt.Platform.setSocketWriteTimeout(:com.google.android.gms@19420040@19.4.20 (100700-271418971):2)
10-31 11:20:58.224  5923  5974 W Conscrypt: 	at com.google.android.gms.org.conscrypt.ConscryptFileDescriptorSocket.setSoWriteTimeout(:com.google.android.gms@19420040@19.4.20 (100700-271418971):2)
10-31 11:20:58.586  5923  5974 W GLSUser : [AppCertManager] IOException while requesting key: 
10-31 11:20:58.586  5923  5974 W GLSUser : java.io.IOException: Invalid device key response.
10-31 11:20:58.586  5923  5974 W GLSUser : 	at igv.a(:com.google.android.gms@19420040@19.4.20 (100700-271418971):40)
10-31 11:20:58.586  5923  5974 W GLSUser : 	at igu.a(:com.google.android.gms@19420040@19.4.20 (100700-271418971):13)
10-31 11:20:58.586  5923  5974 W GLSUser : 	at igq.a(:com.google.android.gms@19420040@19.4.20 (100700-271418971):1)
10-31 11:20:58.586  5923  5974 W GLSUser : 	at ign.a(:com.google.android.gms@19420040@19.4.20 (100700-271418971):8)
10-31 11:20:58.586  5923  5974 W GLSUser : 	at hav.call(:com.google.android.gms@19420040@19.4.20 (100700-271418971):6)
