10-31 10:42:02.118  1785  1863 W ActivityManager: Slow operation: 539ms so far, now at getContentProviderImpl: before updateOomAdj
10-31 10:42:02.118  1785  1863 W ActivityManager: Slow operation: 539ms so far, now at getContentProviderImpl: after updateOomAdj
10-31 10:42:02.119  1785  1863 W ActivityManager: Slow operation: 540ms so far, now at getContentProviderImpl: done!
10-31 10:42:02.121  1785  1785 W Looper  : Slow dispatch took 441ms main h=android.app.ActivityThread$H c=android.app.-$$Lambda$LoadedApk$ReceiverDispatcher$Args$_BumDX2UKsnxLVrE6UJsJZkotuA@36b799c m=0
10-31 10:42:02.646  1785  1785 W Looper  : Drained
10-31 10:42:02.646  1785  1785 W Looper  : Slow dispatch took 491ms main h=android.database.sqlite.SQLiteConnectionPool$IdleConnectionHandler c=null m=2
10-31 10:42:02.737  1785  3841 W ActivityManager: Slow operation: 109ms so far, now at getContentProviderImpl: incProviderCountLocked
10-31 10:42:02.737  1785  3841 W ActivityManager: Slow operation: 109ms so far, now at getContentProviderImpl: before updateOomAdj
10-31 10:42:02.739  1785  3841 W ActivityManager: Slow operation: 111ms so far, now at getContentProviderImpl: after updateOomAdj
10-31 10:42:02.739  1785  3841 W ActivityManager: Slow operation: 111ms so far, now at getContentProviderImpl: done!
10-31 10:42:02.739  1785  1785 W Looper  : Slow delivery took 488ms main h=com.android.server.job.JobSchedulerService$JobHandler c=null m=4
10-31 10:42:02.911  1785  1785 W Looper  : Slow dispatch took 116ms main h=android.app.ActivityThread$H c=android.app.-$$Lambda$LoadedApk$ReceiverDispatcher$Args$_BumDX2UKsnxLVrE6UJsJZkotuA@48bbec4 m=0
10-31 10:42:02.915  1785  1785 I Telecom : DefaultDialerCache: Refreshing default dialer for user 0: now com.google.android.dialer: DDC.oR@AFk
10-31 10:42:05.012  1785  1863 D ConnectivityService: requestNetwork for uid/pid:10013/2441 NetworkRequest [ TRACK_DEFAULT id=19, [ Capabilities: INTERNET&NOT_RESTRICTED&TRUSTED Unwanted:  Uid: 10013] ]
10-31 10:42:05.137  1785  1800 W ActivityManager: Timeout executing service: ServiceRecord{ea45593 u0 com.android.vending/com.google.android.finsky.contentfilterui.ContentFiltersService}
10-31 10:42:05.243  1785  1785 W Looper  : Slow dispatch took 2325ms main h=com.android.server.notification.NotificationManagerService$WorkerHandler c=null m=3
10-31 10:42:06.684  1785  1785 W Looper  : Drained
10-31 10:42:07.673  1785  2152 W ActivityManager: Background start not allowed: service Intent { cmp=com.google.android.videos/.service.pinning.TransferService (has extras) } to com.google.android.videos/.service.pinning.TransferService from pid=5148 uid=10060 pkg=com.google.android.videos
10-31 10:42:07.994  1785  3841 W ActivityManager: Background start not allowed: service Intent { cmp=com.google.android.videos/.service.pinning.TransferService (has extras) } to com.google.android.videos/.service.pinning.TransferService from pid=5148 uid=10060 pkg=com.google.android.videos
10-31 10:42:08.113  1785  2728 D ConnectivityService: Returning BLOCKED NetworkInfo to uid=10060
10-31 10:42:08.172  1785  3841 I ActivityManager: Killing 4217:com.google.android.gms.unstable/u0a13 (adj 906): empty #17
10-31 10:42:08.223  1785  1802 W ActivityManager: Slow operation: 58ms so far, now at startProcess: returned from zygote!
10-31 10:42:08.223  1785  1802 W ActivityManager: Slow operation: 58ms so far, now at startProcess: done updating battery stats
10-31 10:42:08.223  1785  1802 W ActivityManager: Slow operation: 59ms so far, now at startProcess: building log message
10-31 10:42:08.223  1785  1802 I ActivityManager: Start proc 5235:com.google.android.youtube/u0a57 for broadcast com.google.android.youtube/com.google.android.libraries.youtube.mdx.background.MdxBackgroundScanBootReceiver
10-31 10:42:08.224  1785  1802 W ActivityManager: Slow operation: 59ms so far, now at startProcess: starting to update pids map
10-31 10:42:08.224  1785  1802 W ActivityManager: Slow operation: 59ms so far, now at startProcess: done updating pids map
10-31 10:42:08.732  1785  2616 D BackupTransportManager: Transport com.google.android.gms/.backup.BackupTransportService updated its attributes
10-31 10:42:08.939  1785  1800 E ActivityManager: ANR in com.android.vending
10-31 10:42:08.939  1785  1800 E ActivityManager: PID: 2962
10-31 10:42:08.939  1785  1800 E ActivityManager: Reason: executing service com.android.vending/com.google.android.finsky.contentfilterui.ContentFiltersService
10-31 10:42:08.939  1785  1800 E ActivityManager: Load: 0.0 / 0.0 / 0.0
10-31 10:42:08.939  1785  1800 E ActivityManager: CPU usage from 21327ms to 0ms ago (2019-10-31 10:41:44.247 to 2019-10-31 10:42:05.574):
10-31 10:42:08.939  1785  1800 E ActivityManager:   17% 1785/system_server: 10% user + 7.1% kernel / faults: 5954 minor 73 major
10-31 10:42:08.939  1785  1800 E ActivityManager:   7.9% 1634/surfaceflinger: 4.3% user + 3.5% kernel / faults: 28 minor
10-31 10:42:08.939  1785  1800 E ActivityManager:   6.3% 3910/host.exp.exponent: 3.8% user + 2.4% kernel / faults: 9 minor
10-31 10:42:08.939  1785  1800 E ActivityManager:   5.6% 2015/com.android.systemui: 1.8% user + 3.7% kernel / faults: 494 minor 29 major
10-31 10:42:08.939  1785  1800 E ActivityManager:   5.3% 3842/com.google.android.gms.persistent: 3% user + 2.3% kernel / faults: 3495 minor 25 major
10-31 10:42:08.939  1785  1800 E ActivityManager:   4.1% 2441/com.google.android.gms: 2.6% user + 1.4% kernel / faults: 2966 minor 44 major
10-31 10:42:08.939  1785  1800 E ActivityManager:   1.2% 1537/android.hardware.sensors@1.0-service: 0.1% user + 1% kernel
10-31 10:42:08.939  1785  1800 E ActivityManager:   1.2% 1664/android.hardware.graphics.composer@2.1-service: 0% user + 1.2% kernel / faults: 1 minor
10-31 10:42:08.939  1785  1800 E ActivityManager:   1% 2400/com.google.process.gservices: 0.4% user + 0.5% kernel / faults: 489 minor
10-31 10:42:08.939  1785  1800 E ActivityManager:   0.8% 2383/adbd: 0% user + 0.7% kernel / faults: 9478 minor
10-31 10:42:08.939  1785  1800 E ActivityManager:   0.5% 1570/kworker/u5:2: 0% user + 0.5% kernel
10-31 10:42:08.939  1785  1800 E ActivityManager:   0.4% 1569/kworker/u5:1: 0% user + 0.4% kernel
10-31 10:42:08.939  1785  1800 E ActivityManager:   0.2% 1563/kworker/u5:0: 0% user + 0.2% kernel
10-31 10:42:08.939  1785  1800 E ActivityManager:   0.2% 2002/com.android.phone: 0.2% user + 0% kernel / faults: 193 minor
10-31 10:42:08.939  1785  1800 E ActivityManager:   0.1% 1635/zygote: 0% user + 0.1% kernel / faults: 754 minor
10-31 10:42:08.939  1785  1800 E ActivityManager:   0.1% 2962/com.android.vending: 0% user + 0.1% kernel / faults: 153 minor 46 major
10-31 10:42:08.939  1785  1800 E ActivityManager:   0.1% 4902/com.google.android.partnersetup: 0% user + 0% kernel / faults: 261 minor
10-31 10:42:08.939  1785  1800 E ActivityManager:   0.1% 4207/kworker/u4:1: 0% user + 0.1% kernel
10-31 10:42:08.939  1785  1800 E ActivityManager:   0% 3/ksoftirqd/0: 0% user + 0% kernel
10-31 10:42:08.939  1785  1800 E ActivityManager:   0% 2593/com.google.process.gapps: 0% user + 0% kernel / faults: 48 minor
10-31 10:42:08.939  1785  1800 E ActivityManager:   0% 7/rcu_preempt: 0% user + 0% kernel
10-31 10:42:08.939  1785  1800 E ActivityManager:   0% 12/ksoftirqd/1: 0% user + 0% kernel
10-31 10:42:08.939  1785  1800 E ActivityManager:   0% 788/hwrng: 0% user + 0% kernel
10-31 10:42:08.939  1785  1800 E ActivityManager:   0% 1468/logd: 0% user + 0% kernel / faults: 4 minor
10-31 10:42:08.939  1785  1800 E ActivityManager:   0% 1542/lmkd: 0% user + 0% kernel
10-31 10:42:08.939  1785  1800 E ActivityManager:   0% 1565/dmcrypt_write: 0% user + 0% kernel
10-31 10:42:08.939  1785  1800 E ActivityManager:   0% 1626/jbd2/dm-0-8: 0% user + 0% kernel
10-31 10:42:08.939  1785  1800 E ActivityManager:   0% 1660/tombstoned: 0% user + 0% kernel
10-31 10:42:08.939  1785  1800 E ActivityManager:   0% 1764/hostapd: 0% user + 0% kernel
10-31 10:42:08.939  1785  1800 E ActivityManager:   0% 2422/com.google.android.setupwizard: 0% user + 0% kernel / faults: 145 minor 11 major
10-31 10:42:08.939  1785  1800 E ActivityManager:   0% 4497/android.process.acore: 0% user + 0% kernel / faults: 29 minor
10-31 10:42:08.939  1785  1800 E ActivityManager:  +0% 5018/com.google.android.apps.nexuslauncher: 0% user + 0% kernel
10-31 10:42:08.939  1785  1800 E ActivityManager:  +0% 5032/com.google.android.googlequicksearchbox:search: 0% user + 0% kernel
10-31 10:42:08.939  1785  1800 E ActivityManager:  +0% 5055/com.google.process.gapps: 0% user + 0% kernel
10-31 10:42:08.939  1785  1800 E ActivityManager:  +0% 5092/com.google.android.googlequicksearchbox:interactor: 0% user + 0% kernel
10-31 10:42:08.939  1785  1800 E ActivityManager:  +0% 5148/com.google.android.videos: 0% user + 0% kernel
10-31 10:42:08.939  1785  1800 E ActivityManager: 99% TOTAL: 15% user + 13% kernel + 69% iowait + 0.8% softirq
10-31 10:42:08.939  1785  1800 E ActivityManager: CPU usage from 889362ms to 889362ms ago (1970-01-01 03:00:00.000 to 1970-01-01 03:00:00.000) with 0% awake:
10-31 10:42:08.939  1785  1800 E ActivityManager: 0% TOTAL: 0% user + 0% kernel
10-31 10:42:08.940  1785  1800 I ActivityManager: Killing 2962:com.android.vending/u0a36 (adj 0): bg anr
10-31 10:42:11.716  1785  2485 W ActivityManager: Scheduling restart of crashed service com.android.vending/com.google.android.finsky.contentfilterui.ContentFiltersService in 1000ms
10-31 10:42:11.717  1785  2485 W ActivityManager: Scheduling restart of crashed service com.android.vending/com.google.android.finsky.setup.PlaySetupServiceV2 in 11000ms
10-31 10:42:12.737  1785  1802 I ActivityManager: Start proc 5263:com.android.vending/u0a36 for service com.android.vending/com.google.android.finsky.contentfilterui.ContentFiltersService
10-31 10:42:15.859  1785  1806 W Looper  : Slow dispatch took 1201ms android.fg h=com.android.server.DropBoxManagerService$3 c=null m=1
10-31 10:42:15.976  1785  1799 I ActivityManager: Killing 4413:com.google.android.apps.wallpaper/u0a18 (adj 906): empty #17
10-31 10:42:16.078  1785  1785 I Telecom : DefaultDialerCache: Refreshing default dialer for user 0: now com.google.android.dialer: DDC.oR@AFo
10-31 10:42:17.087  1785  1785 W Looper  : Slow dispatch took 982ms main h=com.android.server.notification.NotificationManagerService$WorkerHandler c=null m=3
10-31 10:42:17.087  1785  1785 W Looper  : Slow delivery took 1052ms main h=com.android.server.job.JobSchedulerService$JobHandler c=null m=5
10-31 10:42:17.124  1785  1785 W Looper  : Drained
10-31 10:42:21.732  1785  2994 I ActivityManager: Killing 4371:com.google.android.apps.photos/u0a69 (adj 906): empty #17
10-31 10:42:21.750  1785  2994 D ConnectivityService: Returning BLOCKED NetworkInfo to uid=10057
10-31 10:42:29.100  1785  1785 W Looper  : Slow dispatch took 3329ms main h=com.android.server.notification.NotificationManagerService$WorkerHandler c=null m=3
10-31 10:42:29.113  1785  3529 I ActivityManager: Killing 4497:android.process.acore/u0a9 (adj 906): empty #17
10-31 10:42:29.148  1785  1802 I ActivityManager: Start proc 5366:com.google.android.gms.unstable/u0a13 for service com.google.android.gms/.droidguard.DroidGuardService
10-31 10:42:29.204  1785  2115 D CountryDetector: No listener is left
10-31 10:42:30.409  1785  1785 W Looper  : Slow delivery took 3327ms main h=com.android.server.notification.NotificationManagerService$WorkerHandler c=null m=3
10-31 10:42:30.409  1785  1785 W Looper  : Slow dispatch took 1308ms main h=com.android.server.notification.NotificationManagerService$WorkerHandler c=null m=3
10-31 10:42:30.509  1785  3529 I ActivityManager: START u0 {act=android.intent.action.VIEW dat=exp://192.168.43.43:19000 flg=0x10000000 cmp=host.exp.exponent/.LauncherActivity} from uid 2000
10-31 10:42:30.613  1785  1785 W Looper  : Drained
10-31 10:42:31.122  1785  1800 W ActivityManager: Activity pause timeout for ActivityRecord{709cdc1 u0 host.exp.exponent/.experience.ErrorActivity t67}
10-31 10:42:34.791  1785  3841 W ActivityManager: Slow operation: 762ms so far, now at getContentProviderImpl: incProviderCountLocked
10-31 10:42:34.791  1785  3841 W ActivityManager: Slow operation: 762ms so far, now at getContentProviderImpl: before updateLruProcess
10-31 10:42:34.791  1785  3841 W ActivityManager: Slow operation: 762ms so far, now at getContentProviderImpl: after updateLruProcess
10-31 10:42:34.791  1785  3841 W ActivityManager: Slow operation: 762ms so far, now at getContentProviderImpl: before updateOomAdj
10-31 10:42:34.791  1785  3841 W ActivityManager: Slow operation: 762ms so far, now at getContentProviderImpl: after updateOomAdj
10-31 10:42:34.791  1785  3841 W ActivityManager: Slow operation: 762ms so far, now at getContentProviderImpl: done!
10-31 10:42:38.163  1785  2485 I ActivityManager: START u0 {act=android.intent.action.VIEW dat=exp://192.168.43.43:19000 flg=0x10000000 cmp=host.exp.exponent/.LauncherActivity} from uid 2000
10-31 10:42:39.383  1785  1804 W BatteryExternalStatsWorker: modem info is invalid: ModemActivityInfo{ mTimestamp=0 mSleepTimeMs=0 mIdleTimeMs=0 mTxTimeMs[]=[0, 0, 0, 0, 0] mRxTimeMs=0 mEnergyUsed=0}
10-31 10:42:39.862  1785  1857 W ActivityManager: Unable to start service Intent { act=com.google.android.gms.drive.ApiService.RESET_AFTER_BOOT flg=0x4 cmp=com.google.android.gms/.drive.api.ApiService (has extras) } U=0: not found
10-31 10:42:40.612  1785  1800 W ActivityManager: Launch timeout has expired, giving up wake lock!
10-31 10:42:45.490  1785  2485 I ActivityManager: START u0 {act=android.intent.action.VIEW dat=exp://192.168.43.43:19000 flg=0x10000000 cmp=host.exp.exponent/.LauncherActivity} from uid 2000
10-31 10:42:50.039  1785  1800 W ActivityManager: Activity pause timeout for ActivityRecord{e148164 u0 host.exp.exponent/.LauncherActivity t68}
10-31 10:42:50.723  1785  1801 W Looper  : Slow dispatch took 679ms android.ui h=com.android.server.am.ActivityManagerService$UiHandler c=null m=30
10-31 10:42:50.724  1785  1801 W Looper  : Slow delivery took 672ms android.ui h=com.android.server.policy.PhoneWindowManager$PolicyHandler c=com.android.server.policy.PhoneWindowManager$20@6d37aee m=0
10-31 10:42:50.724  1785  1801 W Looper  : Drained
10-31 10:42:55.402  1785  2485 I ActivityManager: Finished processing BOOT_COMPLETED for u0
10-31 10:42:55.452  1785  1802 I ActivityManager: Start proc 5518:com.android.settings/1000 for broadcast com.android.settings/.sim.SimSelectNotification
10-31 10:42:59.601  1785  1800 W ActivityManager: Launch timeout has expired, giving up wake lock!
10-31 10:42:59.611  1785  1785 W Looper  : Slow dispatch took 2913ms main h=com.android.server.job.JobSchedulerService$JobHandler c=null m=1
10-31 10:42:59.647  1785  1840 D ConnectivityService: requestNetwork for uid/pid:10029/5032 NetworkRequest [ TRACK_DEFAULT id=22, [ Capabilities: INTERNET&NOT_RESTRICTED&TRUSTED Unwanted:  Uid: 10029] ]
10-31 10:42:59.889  1648  1686 E storaged: getDiskStats failed with result NOT_SUPPORTED and size 0
10-31 10:43:00.265  1785  1840 I ActivityManager: START u0 {flg=0xc080000 cmp=host.exp.exponent/.experience.ExperienceActivity (has extras)} from uid 10083
10-31 10:43:00.475  1785  4934 W WallpaperManagerService: Cannot extract colors because wallpaper could not be read.
10-31 10:43:00.735  1785  1800 W ActivityManager: Activity pause timeout for ActivityRecord{709cdc1 u0 host.exp.exponent/.experience.ErrorActivity t67 f}
10-31 10:43:01.147  1785  1801 W Looper  : Slow dispatch took 434ms android.ui h=com.android.server.am.ActivityManagerService$UiHandler c=null m=53
10-31 10:43:01.245  1785  1801 W Looper  : Slow delivery took 325ms android.ui h=com.android.server.am.ActivityManagerService$UiHandler c=null m=30
10-31 10:43:01.297  1785  4934 W ActivityManager: stopServiceToken startId 1 is last, but have 1 remaining args
10-31 10:43:01.317  1785  1801 W Looper  : Drained
10-31 10:43:01.415  1785  1785 W Looper  : Slow dispatch took 280ms main h=com.android.server.job.JobSchedulerService$JobHandler c=null m=4
10-31 10:43:02.417  1785  3356 I ActivityManager: Activity reported stop, but no longer stopping: ActivityRecord{e148164 u0 host.exp.exponent/.LauncherActivity t68 f}
10-31 10:43:04.318  1785  1800 W ActivityManager: Timeout executing service: ServiceRecord{f9d0cea u0 com.google.android.gms/.gcm.http.GoogleHttpService}
10-31 10:43:05.832  1785  1800 E ActivityManager: ANR in com.google.android.gms.persistent
10-31 10:43:05.832  1785  1800 E ActivityManager: PID: 3842
10-31 10:43:05.832  1785  1800 E ActivityManager: Reason: executing service com.google.android.gms/.gcm.http.GoogleHttpService
10-31 10:43:05.832  1785  1800 E ActivityManager: Load: 0.0 / 0.0 / 0.0
10-31 10:43:05.832  1785  1800 E ActivityManager: CPU usage from 58745ms to 0ms ago (2019-10-31 10:42:05.574 to 2019-10-31 10:43:04.319):
10-31 10:43:05.832  1785  1800 E ActivityManager:   14% 1785/system_server: 9.4% user + 5.1% kernel / faults: 10753 minor 40 major
10-31 10:43:05.832  1785  1800 E ActivityManager:   7.4% 1634/surfaceflinger: 3.5% user + 3.8% kernel / faults: 111 minor
10-31 10:43:05.832  1785  1800 E ActivityManager:   5.7% 2015/com.android.systemui: 1.3% user + 4.3% kernel / faults: 664 minor 7 major
10-31 10:43:05.832  1785  1800 E ActivityManager:   5.4% 3842/com.google.android.gms.persistent: 3.8% user + 1.6% kernel / faults: 8677 minor 6 major
10-31 10:43:05.832  1785  1800 E ActivityManager:   4.3% 2441/com.google.android.gms: 2.5% user + 1.8% kernel / faults: 9091 minor 64 major
10-31 10:43:05.832  1785  1800 E ActivityManager:   3.5% 3910/host.exp.exponent: 2.3% user + 1.2% kernel / faults: 1149 minor 90 major
10-31 10:43:05.832  1785  1800 E ActivityManager:   1.9% 5032/com.google.android.googlequicksearchbox:search: 1.3% user + 0.6% kernel / faults: 5236 minor 1 major
10-31 10:43:05.832  1785  1800 E ActivityManager:   1.4% 1664/android.hardware.graphics.composer@2.1-service: 0.2% user + 1.2% kernel / faults: 14 minor
10-31 10:43:05.832  1785  1800 E ActivityManager:   1.3% 1537/android.hardware.sensors@1.0-service: 0.1% user + 1.2% kernel
10-31 10:43:05.832  1785  1800 E ActivityManager:   0.9% 5018/com.google.android.apps.nexuslauncher: 0.5% user + 0.4% kernel / faults: 2592 minor 38 major
10-31 10:43:05.832  1785  1800 E ActivityManager:   0.9% 2383/adbd: 0.1% user + 0.7% kernel / faults: 39710 minor
10-31 10:43:05.832  1785  1800 E ActivityManager:   0.7% 1569/kworker/u5:1: 0% user + 0.7% kernel
10-31 10:43:05.832  1785  1800 E ActivityManager:   0.5% 5148/com.google.android.videos: 0.2% user + 0.3% kernel / faults: 1093 minor 15 major
10-31 10:43:05.832  1785  1800 E ActivityManager:   0.1% 1525/android.hardware.audio@2.0-service: 0% user + 0.1% kernel / faults: 44 minor
10-31 10:43:05.832  1785  1800 E ActivityManager:   0.4% 1563/kworker/u5:0: 0% user + 0.4% kernel
10-31 10:43:05.832  1785  1800 E ActivityManager:   0.3% 1570/kworker/u5:2: 0% user + 0.3% kernel
10-31 10:43:05.832  1785  1800 E ActivityManager:   0.3% 2002/com.android.phone: 0.2% user + 0% kernel / faults: 495 minor 3 major
10-31 10:43:05.832  1785  1800 E ActivityManager:   0.3% 2400/com.google.process.gservices: 0.1% user + 0.2% kernel / faults: 327 minor
10-31 10:43:05.832  1785  1800 E ActivityManager:   0.2% 1541/audioserver: 0% user + 0.1% kernel / faults: 105 minor 1 major
10-31 10:43:05.832  1785  1800 E ActivityManager:   0.1% 1626/jbd2/dm-0-8: 0% user + 0.1% kernel
10-31 10:43:05.832  1785  1800 E ActivityManager:   0% 621/kswapd0: 0% user + 0% kernel
10-31 10:43:05.832  1785  1800 E ActivityManager:   0% 1565/dmcrypt_write: 0% user + 0% kernel
10-31 10:43:05.832  1785  1800 E ActivityManager:   0% 1635/zygote: 0% user + 0% kernel / faults: 599 minor
10-31 10:43:05.832  1785  1800 E ActivityManager:   0% 3/ksoftirqd/0: 0% user + 0% kernel
10-31 10:43:05.832  1785  1800 E ActivityManager:   0% 7/rcu_preempt: 0% user + 0% kernel
10-31 10:43:05.832  1785  1800 E ActivityManager:   0% 921/kworker/u4:3: 0% user + 0% kernel
10-31 10:43:05.832  1785  1800 E ActivityManager:   0% 1468/logd: 0% user + 0% kernel / faults: 14 minor
10-31 10:43:05.832  1785  1800 E ActivityManager:   0% 1723/dhcpclient: 0% user + 0% kernel
10-31 10:43:05.832  1785  1800 E ActivityManager:   0% 12/ksoftirqd/1: 0% user + 0% kernel
10-31 10:43:05.832  1785  1800 E ActivityManager:   0% 1469/servicemanager: 0% user + 0% kernel
10-31 10:43:05.832  1785  1800 E ActivityManager:   0% 1542/lmkd: 0% user + 0% kernel
10-31 10:43:05.832  1785  1800 E ActivityManager:   0% 1577/kworker/1:1H: 0% user + 0% kernel
10-31 10:43:05.832  1785  1800 E ActivityManager:   0% 1645/netd: 0% user + 0% kernel / faults: 86 minor
10-31 10:43:05.832  1785  1800 E ActivityManager:   0% 1647/statsd: 0% user + 0% kernel / faults: 1 minor
10-31 10:43:05.832  1785  1800 E ActivityManager:   0% 1524/healthd: 0% user + 0% kernel
10-31 10:43:05.832  1785  1800 E ActivityManager:   0% 1576/kworker/0:1H: 0% user + 0% kernel
10-31 10:43:05.832  1785  1800 E ActivityManager:   0% 2422/com.google.android.setupwizard: 0% user + 0% kernel / faults: 6 minor 1 major
10-31 10:43:05.832  1785  1800 E ActivityManager:   0% 4207/kworker/u4:1: 0% user + 0% kernel
10-31 10:43:05.832  1785  1800 E ActivityManager:   0% 4513/kworker/0:1: 0% user + 0% kernel
10-31 10:43:05.832  1785  1800 E ActivityManager:   0% 4902/com.google.android.partnersetup: 0% user + 0% kernel / faults: 2 minor
10-31 10:43:05.832  1785  1800 E ActivityManager:  +0% 5235/com.google.android.youtube: 0% user + 0% kernel
10-31 10:43:05.832  1785  1800 E ActivityManager:  +0% 5263/com.android.vending: 0% user + 0% kernel
10-31 10:43:05.832  1785  1800 E ActivityManager:  +0% 5366/com.google.android.gms.unstable: 0% user + 0% kernel
10-31 10:43:05.832  1785  1800 E ActivityManager:  +0% 5518/com.android.settings: 0% user + 0% kernel
10-31 10:43:05.832  1785  1800 E ActivityManager:  +0% 5557/kworker/u4:0: 0% user + 0% kernel
10-31 10:43:05.832  1785  1800 E ActivityManager: 100% TOTAL: 13% user + 11% kernel + 74% iowait + 1% softirq
10-31 10:43:05.832  1785  1800 E ActivityManager: CPU usage from 948107ms to 948107ms ago (1970-01-01 03:00:00.000 to 1970-01-01 03:00:00.000) with 0% awake:
10-31 10:43:05.832  1785  1800 E ActivityManager: 0% TOTAL: 0% user + 0% kernel
10-31 10:43:05.834  1785  1800 I ActivityManager: Killing 3842:com.google.android.gms.persistent/u0a13 (adj 0): bg anr
10-31 10:43:05.958  2441  4859 I ActivityThread: Removing dead content provider:android.content.ContentProviderProxy@3eb8d59
10-31 10:43:05.961  1785  2485 I ActivityManager: Process com.google.android.gms.persistent (pid 3842) early provider death
10-31 10:43:05.963  1785  2485 W ActivityManager: Scheduling restart of crashed service com.google.android.gms/com.google.android.location.internal.server.HardwareArProviderService in 1000ms
10-31 10:43:05.963  1785  2485 W ActivityManager: Scheduling restart of crashed service com.google.android.gms/com.google.android.location.fused.FusedLocationService in 10999ms
10-31 10:43:05.964  1785  2485 W ActivityManager: Scheduling restart of crashed service com.google.android.gms/.chimera.PersistentBoundBrokerService in 20999ms
10-31 10:43:05.964  1785  2485 W ActivityManager: Scheduling restart of crashed service com.google.android.gms/.fido.fido2.pollux.CableAuthenticatorService in 30999ms
10-31 10:43:05.964  1785  2485 W ActivityManager: Scheduling restart of crashed service com.google.android.gms/.chimera.PersistentApiService in 40999ms
10-31 10:43:05.964  1785  2485 W ActivityManager: Scheduling restart of crashed service com.google.android.gms/com.google.android.location.internal.PendingIntentCallbackService in 50999ms
10-31 10:43:05.964  1785  2485 W ActivityManager: Scheduling restart of crashed service com.google.android.gms/.common.stats.GmsCoreStatsService in 50998ms
10-31 10:43:05.965  1785  2485 W ActivityManager: Scheduling restart of crashed service com.google.android.gms/com.google.android.location.network.NetworkLocationService in 60998ms
10-31 10:43:05.965  1785  2485 W ActivityManager: Scheduling restart of crashed service com.google.android.gms/com.google.android.location.geocode.GeocodeService in 70998ms
10-31 10:43:05.965  1785  2485 W ActivityManager: Scheduling restart of crashed service com.google.android.gms/.lockbox.LockboxService in 80998ms
10-31 10:43:05.965  1785  2485 W ActivityManager: Scheduling restart of crashed service com.google.android.gms/com.google.android.location.internal.GoogleLocationManagerService in 90998ms
10-31 10:43:05.965  1785  2485 W ActivityManager: Scheduling restart of crashed service com.google.android.gms/.gcm.GcmService in 100998ms
10-31 10:43:05.965  1785  2485 W ActivityManager: Scheduling restart of crashed service com.google.android.gms/com.google.android.location.geofencer.service.GeofenceProviderService in 110998ms
10-31 10:43:05.966  1785  2485 W ActivityManager: Scheduling restart of crashed service com.google.android.gms/.chimera.PersistentIntentOperationService in 120998ms
10-31 10:43:05.966  1785  2485 W ActivityManager: Scheduling restart of crashed service com.google.android.gms/.auth.setup.devicesignals.LockScreenService in 130998ms
10-31 10:43:05.966  1785  2485 W ActivityManager: Scheduling restart of crashed service com.google.android.gms/.clearcut.debug.ClearcutDebugDumpService in 140998ms
10-31 10:43:05.966  1785  2485 W ActivityManager: Scheduling restart of crashed service com.google.android.gms/com.google.android.location.internal.server.GoogleLocationService in 150998ms
10-31 10:43:05.966  1785  2485 W ActivityManager: Scheduling restart of crashed service com.google.android.gms/com.google.android.location.places.service.PlaceDetectionAsyncService in 160998ms
10-31 10:43:05.966  1785  2485 W ActivityManager: Scheduling restart of crashed service com.google.android.gms/.deviceconnection.service.DeviceConnectionWatcherService in 170998ms
10-31 10:43:05.966  1785  2485 W ActivityManager: Scheduling restart of crashed service com.google.android.gms/.chimera.PersistentDirectBootAwareApiService in 180997ms
10-31 10:43:05.967  1785  2485 W ActivityManager: Scheduling restart of crashed service com.google.android.gms/.gcm.nts.SchedulerService in 190997ms
10-31 10:43:05.967  1785  2485 W ActivityManager: Scheduling restart of crashed service com.google.android.gms/.location.persistent.LocationPersistentService in 200997ms
10-31 10:43:05.967  1785  2485 W ActivityManager: Scheduling restart of crashed service com.google.android.gms/com.google.android.contextmanager.service.ContextManagerService in 210997ms
10-31 10:43:05.971  5018  5084 I ActivityThread: Removing dead content provider:android.content.ContentProviderProxy@cde73d2
10-31 10:43:05.972  5366  5366 I ActivityThread: Removing dead content provider:android.content.ContentProviderProxy@a43253b
10-31 10:43:05.995  5032  5032 I ActivityThread: Removing dead content provider:android.content.ContentProviderProxy@84a93c2
10-31 10:43:06.061  1785  2616 D ConnectivityService: ConnectivityService NetworkRequestInfo binderDied(NetworkRequest [ LISTEN id=15, [ Capabilities: NOT_RESTRICTED Unwanted:  Uid: 10013] ], android.os.BinderProxy@6ffe60)
10-31 10:43:06.100  1785  1802 W ActivityManager: Slow operation: 107ms so far, now at startProcess: returned from zygote!
10-31 10:43:06.100  1785  1802 W ActivityManager: Slow operation: 107ms so far, now at startProcess: done updating battery stats
10-31 10:43:06.100  1785  1802 W ActivityManager: Slow operation: 108ms so far, now at startProcess: building log message
10-31 10:43:06.100  1785  1802 I ActivityManager: Start proc 5581:com.google.android.gms.persistent/u0a13 for content provider com.google.android.gms/.phenotype.provider.ConfigurationProvider
10-31 10:43:06.101  1785  1802 W ActivityManager: Slow operation: 108ms so far, now at startProcess: starting to update pids map
10-31 10:43:06.101  1785  1802 W ActivityManager: Slow operation: 108ms so far, now at startProcess: done updating pids map
10-31 10:43:06.799  1785  1799 E PackageManager: Optimistic bind failed.
10-31 10:43:06.799  1785  1799 E PackageManager: java.util.concurrent.TimeoutException: [Optimistic Bind] Didn't bind to resolver in time!
10-31 10:43:06.799  1785  1799 E PackageManager: 	at com.android.server.pm.InstantAppResolverConnection.waitForBindLocked(InstantAppResolverConnection.java:160)
10-31 10:43:06.799  1785  1799 E PackageManager: 	at com.android.server.pm.InstantAppResolverConnection.bind(InstantAppResolverConnection.java:225)
10-31 10:43:06.799  1785  1799 E PackageManager: 	at com.android.server.pm.InstantAppResolverConnection.lambda$optimisticBind$0(InstantAppResolverConnection.java:255)
10-31 10:43:06.799  1785  1799 E PackageManager: 	at com.android.server.pm.-$$Lambda$InstantAppResolverConnection$D-JKXi4qrYjnPQMOwj8UtfZenps.run(Unknown Source:2)
10-31 10:43:06.799  1785  1799 E PackageManager: 	at android.os.Handler.handleCallback(Handler.java:873)
10-31 10:43:06.799  1785  1799 E PackageManager: 	at android.os.Handler.dispatchMessage(Handler.java:99)
10-31 10:43:06.799  1785  1799 E PackageManager: 	at android.os.Looper.loop(Looper.java:193)
10-31 10:43:06.799  1785  1799 E PackageManager: 	at android.os.HandlerThread.run(HandlerThread.java:65)
10-31 10:43:09.411  1785  2729 D ActivityManager: Raise procstate to external provider: ProcessRecord{a7edb66 3262:com.android.providers.calendar/u0a28}
10-31 10:43:09.993  1785  1800 W ActivityManager: Launch timeout has expired, giving up wake lock!
10-31 10:43:11.320  1785  1800 W ActivityManager: Activity destroy timeout for ActivityRecord{e148164 u0 host.exp.exponent/.LauncherActivity t68 f}
10-31 10:43:21.301  1785  1800 W ActivityManager: Timeout executing service: ServiceRecord{849450d u0 host.exp.exponent/.ExponentIntentService}
10-31 10:43:27.085  1785  1785 W Looper  : Slow dispatch took 12447ms main h=com.android.server.notification.NotificationManagerService$WorkerHandler c=null m=3
10-31 10:43:27.085  1785  1785 W Looper  : Slow delivery took 12446ms main h=com.android.server.notification.NotificationManagerService$WorkerHandler c=com.android.server.notification.NotificationManagerService$15@d148902 m=0
10-31 10:43:29.238  1785  1802 W ActivityManager: Slow operation: 51ms so far, now at startProcess: returned from zygote!
10-31 10:43:29.245  1785  1802 W ActivityManager: Slow operation: 57ms so far, now at startProcess: done updating battery stats
10-31 10:43:29.245  1785  1802 W ActivityManager: Slow operation: 57ms so far, now at startProcess: building log message
10-31 10:43:29.245  1785  1802 I ActivityManager: Start proc 5687:com.google.android.gms.ui/u0a13 for service com.google.android.gms/.chimera.UiIntentOperationService
10-31 10:43:29.245  1785  1802 W ActivityManager: Slow operation: 57ms so far, now at startProcess: starting to update pids map
10-31 10:43:29.245  1785  1802 W ActivityManager: Slow operation: 57ms so far, now at startProcess: done updating pids map
10-31 10:43:29.875  1785  1839 W ActivityManager: Slow operation: 608ms so far, now at attachApplicationLocked: after mServices.attachApplicationLocked
10-31 10:43:29.892  1785  1806 E NetdConnector: NDC event {613 IfaceClass idle 1 973071302570} took too long: 603ms
10-31 10:43:29.892  1785  1806 W Looper  : Slow dispatch took 603ms android.fg h=android.os.Handler c=null m=613
10-31 10:43:29.965  1785  1802 I ActivityManager: Start proc 5707:android.process.media/u0a12 for content provider com.android.providers.downloads/.DownloadProvider
10-31 10:43:32.582  1785  1785 W Looper  : Slow dispatch took 5496ms main h=com.android.server.notification.NotificationManagerService$WorkerHandler c=null m=3
10-31 10:43:52.917  1785  2485 W ActivityManager: Unable to start service Intent { act=com.google.android.gms.nearby.discovery:ACTION_INIT_MESSAGES_PATH cmp=com.google.android.gms/.nearby.discovery.service.DiscoveryService } U=0: not found
10-31 10:43:56.568  1785  1802 W ActivityManager: Slow operation: 2614ms so far, now at startProcess: asking zygote to start proc
10-31 10:43:56.599  1785  1802 W ActivityManager: Slow operation: 2645ms so far, now at startProcess: returned from zygote!
10-31 10:43:56.622  1785  1785 W Looper  : Slow dispatch took 24010ms main h=com.android.server.notification.NotificationManagerService$WorkerHandler c=null m=3
10-31 10:43:56.661  1785  1800 E ActivityManager: Aborting stack trace dump (current firstPid=1785); deadline exceeded.
10-31 10:43:56.757  1785  1802 W ActivityManager: Slow operation: 2807ms so far, now at startProcess: done updating battery stats
10-31 10:43:56.757  1785  1802 W ActivityManager: Slow operation: 2807ms so far, now at startProcess: building log message
10-31 10:43:56.757  1785  1802 I ActivityManager: Start proc 5791:android.process.acore/u0a9 for content provider com.android.providers.contacts/.ContactsProvider2
10-31 10:43:56.757  1785  1802 W ActivityManager: Slow operation: 2808ms so far, now at startProcess: starting to update pids map
10-31 10:43:56.758  1785  1802 W ActivityManager: Slow operation: 2808ms so far, now at startProcess: done updating pids map
10-31 10:43:56.770  1785  1801 W Looper  : Slow delivery took 2544ms android.ui h=com.android.server.am.ActivityManagerService$UiHandler c=null m=53
10-31 10:43:56.770  1785  1801 W Looper  : Slow dispatch took 200ms android.ui h=com.android.server.am.ActivityManagerService$UiHandler c=null m=53
10-31 10:43:56.775  1785  1785 W Looper  : Slow dispatch took 113ms main h=com.android.server.job.JobSchedulerService$JobHandler c=null m=0
10-31 10:43:56.914  1785  1863 W ActivityManager: Slow operation: 130ms so far, now at getContentProviderImpl: after updateOomAdj
10-31 10:43:56.914  1785  1863 W ActivityManager: Slow operation: 131ms so far, now at getContentProviderImpl: done!
10-31 10:43:56.964  1785  1800 E ActivityManager: ANR in host.exp.exponent
10-31 10:43:56.964  1785  1800 E ActivityManager: PID: 3910
10-31 10:43:56.964  1785  1800 E ActivityManager: Reason: executing service host.exp.exponent/.ExponentIntentService
10-31 10:43:56.964  1785  1800 E ActivityManager: Load: 14.51 / 10.74 / 6.59
10-31 10:43:56.964  1785  1800 E ActivityManager: CPU usage from 0ms to 35386ms later (2019-10-31 10:43:21.301 to 2019-10-31 10:43:56.687):
10-31 10:43:56.964  1785  1800 E ActivityManager:   10% 1785/system_server: 5.7% user + 4.5% kernel / faults: 9626 minor 46 major
10-31 10:43:56.964  1785  1800 E ActivityManager:   5.8% 2015/com.android.systemui: 1.8% user + 4% kernel / faults: 2 minor
10-31 10:43:56.964  1785  1800 E ActivityManager:   5.6% 1634/surfaceflinger: 2.6% user + 2.9% kernel / faults: 7 minor 1 major
10-31 10:43:56.964  1785  1800 E ActivityManager:   5.1% 2441/com.google.android.gms: 3.1% user + 1.9% kernel / faults: 4980 minor 19 major
10-31 10:43:56.964  1785  1800 E ActivityManager:   2.2% 5018/com.google.android.apps.nexuslauncher: 1.7% user + 0.5% kernel / faults: 7936 minor
10-31 10:43:56.964  1785  1800 E ActivityManager:   1.7% 1664/android.hardware.graphics.composer@2.1-service: 0% user + 1.6% kernel / faults: 2 minor
10-31 10:43:56.964  1785  1800 E ActivityManager:   1.4% 1537/android.hardware.sensors@1.0-service: 0.1% user + 1.2% kernel
10-31 10:43:56.964  1785  1800 E ActivityManager:   1.3% 5581/com.google.android.gms.persistent: 0.7% user + 0.5% kernel / faults: 3560 minor 1 major
10-31 10:43:56.964  1785  1800 E ActivityManager:   0.9% 5263/com.android.vending: 0.7% user + 0.1% kernel / faults: 1321 minor 12 major
10-31 10:43:56.964  1785  1800 E ActivityManager:   0.5% 2383/adbd: 0% user + 0.5% kernel / faults: 17033 minor
10-31 10:43:56.964  1785  1800 E ActivityManager:   0.5% 5032/com.google.android.googlequicksearchbox:search: 0.3% user + 0.1% kernel / faults: 635 minor 2 major
10-31 10:43:56.964  1785  1800 E ActivityManager:   0.4% 1563/kworker/u5:0: 0% user + 0.4% kernel
10-31 10:43:56.964  1785  1800 E ActivityManager:   0.3% 1569/kworker/u5:1: 0% user + 0.3% kernel
10-31 10:43:56.964  1785  1800 E ActivityManager:   0.2% 2400/com.google.process.gservices: 0% user + 0.1% kernel / faults: 189 minor
10-31 10:43:56.964  1785  1800 E ActivityManager:   0.2% 621/kswapd0: 0% user + 0.2% kernel
10-31 10:43:56.964  1785  1800 E ActivityManager:   0.2% 3910/host.exp.exponent: 0% user + 0.1% kernel / faults: 1209 minor 8 major
10-31 10:43:56.964  1785  1800 E ActivityManager:   0.1% 2002/com.android.phone: 0.1% user + 0% kernel / faults: 118 minor 4 major
10-31 10:43:56.964  1785  1800 E ActivityManager:   0.1% 1468/logd: 0.1% user + 0% kernel / faults: 11 minor 1 major
10-31 10:43:56.964  1785  1800 E ActivityManager:   0.1% 5235/com.google.android.youtube: 0% user + 0% kernel / faults: 6 minor
10-31 10:43:56.964  1785  1800 E ActivityManager:   0% 3/ksoftirqd/0: 0% user + 0% kernel
10-31 10:43:56.964  1785  1800 E ActivityManager:   0% 7/rcu_preempt: 0% user + 0% kernel
10-31 10:43:56.964  1785  1800 E ActivityManager:   0% 921/kworker/u4:3: 0% user + 0% kernel
10-31 10:43:56.964  1785  1800 E ActivityManager:   0% 1469/servicemanager: 0% user + 0% kernel
10-31 10:43:56.964  1785  1800 E ActivityManager:   0% 1524/healthd: 0% user + 0% kernel
10-31 10:43:56.964  1785  1800 E ActivityManager:   0% 1640/keystore: 0% user + 0% kernel / faults: 23 minor 9 major
10-31 10:43:56.964  1785  1800 E ActivityManager:   0% 1645/netd: 0% user + 0% kernel / faults: 13 minor
10-31 10:43:56.964  1785  1800 E ActivityManager:   0% 1473/android.hardware.keymaster@3.0-service: 0% user + 0% kernel / faults: 17 minor 12 major
10-31 10:43:56.964  1785  1800 E ActivityManager:   0% 1538/android.hardware.wifi@1.0-service: 0% user + 0% kernel
10-31 10:43:56.964  1785  1800 E ActivityManager:   0% 1542/lmkd: 0% user + 0% kernel
10-31 10:43:56.964  1785  1800 E ActivityManager:   0% 1565/dmcrypt_write: 0% user + 0% kernel
10-31 10:43:56.964  1785  1800 E ActivityManager:   0% 1577/kworker/1:1H: 0% user + 0% kernel
10-31 10:43:56.964  1785  1800 E ActivityManager:   0% 1635/zygote: 0% user + 0% kernel / faults: 456 minor
10-31 10:43:56.964  1785  1800 E ActivityManager:   0% 2422/com.google.android.setupwizard: 0% user + 0% kernel / faults: 2 minor 2 major
10-31 10:43:56.964  1785  1800 E ActivityManager:   0% 2593/com.google.process.gapps: 0% user + 0% kernel / faults: 42 minor
10-31 10:43:56.964  1785  1800 E ActivityManager:   0% 4664/kworker/1:1: 0% user + 0% kernel
10-31 10:43:56.964  1785  1800 E ActivityManager:   0% 5366/com.google.android.gms.unstable: 0% user + 0% kernel / faults: 57 minor 2 major
10-31 10:43:56.964  1785  1800 E ActivityManager:  +0% 5687/com.google.android.gms.ui: 0% user + 0% kernel
10-31 10:43:56.964  1785  1800 E ActivityManager:  +0% 5707/android.process.media: 0% user + 0% kernel
10-31 10:43:56.964  1785  1800 E ActivityManager:  +0% 5733/crash_dump32: 0% user + 0% kernel
10-31 10:43:56.964  1785  1800 E ActivityManager:  +0% 5762/host.exp.exponent: 0% user + 0% kernel
10-31 10:43:56.964  1785  1800 E ActivityManager:  +0% 5767/crash_dump32: 0% user + 0% kernel
10-31 10:43:56.964  1785  1800 E ActivityManager:  +0% 5790/system_server: 0% user + 0% kernel
10-31 10:43:56.964  1785  1800 E ActivityManager:  +0% 5791/android.process.acore: 0% user + 0% kernel
10-31 10:43:56.964  1785  1800 E ActivityManager: 100% TOTAL: 7.7% user + 6.9% kernel + 84% iowait + 0.4% softirq
10-31 10:43:56.964  1785  1800 E ActivityManager: CPU usage from 23ms to 446ms later (2019-10-31 10:43:21.324 to 2019-10-31 10:43:21.747):
10-31 10:43:56.964  1785  1800 E ActivityManager:   44% 1785/system_server: 44% user + 0% kernel / faults: 304 minor
10-31 10:43:56.964  1785  1800 E ActivityManager:     38% 1800/ActivityManager: 36% user + 2.7% kernel
10-31 10:43:56.964  1785  1800 E ActivityManager:   5.2% 1634/surfaceflinger: 2.6% user + 2.6% kernel
10-31 10:43:56.964  1785  1800 E ActivityManager:   6.1% 2015/com.android.systemui: 0% user + 6.1% kernel
10-31 10:43:56.964  1785  1800 E ActivityManager:     6.1% 2263/RenderThread: 0% user + 6.1% kernel
10-31 10:43:56.964  1785  1800 E ActivityManager:     3% 2015/ndroid.systemui: 3% user + 0% kernel
10-31 10:43:56.964  1785  1800 E ActivityManager:   2.7% 1664/android.hardware.graphics.composer@2.1-service: 0% user + 2.7% kernel
10-31 10:43:56.964  1785  1800 E ActivityManager:     2.7% 1668/composer@2.1-se: 0% user + 2.7% kernel
10-31 10:43:56.964  1785  1800 E ActivityManager: 100% TOTAL: 20% user + 6.3% kernel + 73% iowait
10-31 10:43:57.195  1785  1839 W ActivityManager: Unable to launch app com.android.providers.downloads/10012 for provider downloads: launching app became null
10-31 10:43:57.196  2441  5673 E ActivityThread: Failed to find provider info for downloads
10-31 10:43:57.232  1785  1800 I ActivityManager: Killing 5707:android.process.media/u0a12 (adj 100): timeout publishing content providers
10-31 10:43:57.438  1785  1785 W Looper  : Drained
10-31 10:43:57.579  1785  1801 W Looper  : Drained
10-31 10:43:57.579  1785  1801 W Looper  : Slow dispatch took 394ms android.ui h=com.android.server.am.ActivityManagerService$UiHandler c=null m=2
10-31 10:43:57.585  1785  1801 W Looper  : Slow delivery took 355ms android.ui h=com.android.server.am.ActivityManagerService$UiHandler c=null m=53
10-31 10:43:57.841  1785  1801 W Looper  : Slow dispatch took 247ms android.ui h=android.view.Choreographer$FrameHandler c=android.view.Choreographer$FrameDisplayEventReceiver@c1051cc m=0
10-31 10:43:58.204  1785  2994 W WindowManager: Failed looking up window callers=com.android.server.wm.WindowManagerService.windowForClientLocked:5474 com.android.server.wm.WindowManagerService.removeWindow:1639 com.android.server.wm.Session.remove:226 
10-31 10:43:58.796  1785  1801 W Looper  : Slow dispatch took 954ms android.ui h=android.view.Choreographer$FrameHandler c=android.view.Choreographer$FrameDisplayEventReceiver@c1051cc m=0
10-31 10:43:58.797  1785  1801 W Looper  : Drained
10-31 10:43:59.065  1785  1801 W Looper  : Slow dispatch took 242ms android.ui h=android.view.Choreographer$FrameHandler c=android.view.Choreographer$FrameDisplayEventReceiver@c1051cc m=0
10-31 10:43:59.890  1648  1686 E storaged: getDiskStats failed with result NOT_SUPPORTED and size 0
10-31 10:44:05.222  1785  1785 W Looper  : Slow dispatch took 6615ms main h=com.android.server.notification.NotificationManagerService$WorkerHandler c=null m=3
10-31 10:44:05.222  1785  1785 W Looper  : Slow delivery took 6601ms main h=com.android.server.notification.NotificationManagerService$WorkerHandler c=com.android.server.notification.NotificationManagerService$14@8fbeee8 m=0
10-31 10:44:05.231  1785  2994 W ActivityManager: Slow operation: 2619ms so far, now at getContentProviderImpl: after checkContentProviderPermission
10-31 10:44:05.232  1785  2994 W ActivityManager: Slow operation: 2619ms so far, now at getContentProviderImpl: incProviderCountLocked
10-31 10:44:05.232  1785  2994 W ActivityManager: Slow operation: 2619ms so far, now at getContentProviderImpl: before updateLruProcess
10-31 10:44:05.232  1785  2994 W ActivityManager: Slow operation: 2619ms so far, now at getContentProviderImpl: after updateLruProcess
10-31 10:44:05.232  1785  2994 W ActivityManager: Slow operation: 2619ms so far, now at getContentProviderImpl: before updateOomAdj
10-31 10:44:05.232  1785  2994 W ActivityManager: Slow operation: 2620ms so far, now at getContentProviderImpl: after updateOomAdj
10-31 10:44:05.233  1785  2994 W ActivityManager: Slow operation: 2620ms so far, now at getContentProviderImpl: done!
10-31 10:44:05.375  1785  3529 W ActivityManager: Slow operation: 118ms so far, now at getContentProviderImpl: after checkContentProviderPermission
10-31 10:44:05.375  1785  3529 W ActivityManager: Slow operation: 118ms so far, now at getContentProviderImpl: incProviderCountLocked
10-31 10:44:05.375  1785  3529 W ActivityManager: Slow operation: 119ms so far, now at getContentProviderImpl: before updateLruProcess
10-31 10:44:05.375  1785  3529 W ActivityManager: Slow operation: 119ms so far, now at getContentProviderImpl: after updateLruProcess
10-31 10:44:05.376  1785  3529 W ActivityManager: Slow operation: 119ms so far, now at getContentProviderImpl: before updateOomAdj
10-31 10:44:05.376  1785  3529 W ActivityManager: Slow operation: 119ms so far, now at getContentProviderImpl: after updateOomAdj
10-31 10:44:05.376  1785  3529 W ActivityManager: Slow operation: 119ms so far, now at getContentProviderImpl: done!
10-31 10:44:05.388  1785  1806 W Looper  : Slow dispatch took 538ms android.fg h=com.android.server.DropBoxManagerService$3 c=null m=1
10-31 10:44:05.459  1785  1801 W Looper  : Slow dispatch took 2758ms android.ui h=com.android.server.am.AppNotRespondingDialog$1 c=null m=2
10-31 10:44:05.460  1785  1801 W Looper  : Slow delivery took 2820ms android.ui h=android.view.Choreographer$FrameHandler c=android.view.Choreographer$FrameDisplayEventReceiver@c1051cc m=0
10-31 10:44:05.605  1785  1801 W Looper  : Drained
10-31 10:44:07.272  1785  2731 W ActivityManager: Unable to launch app com.android.providers.contacts/10009 for provider com.android.contacts: launching app became null
10-31 10:44:07.273  2441  5409 E ActivityThread: Failed to find provider info for com.android.contacts
10-31 10:44:07.275  1785  1800 I ActivityManager: Killing 5791:android.process.acore/u0a9 (adj 0): timeout publishing content providers
10-31 10:44:10.003  1785  1800 W BroadcastQueue: Timeout of broadcast BroadcastRecord{d8c10f6 u-1 android.intent.action.TIME_TICK} - receiver=android.app.LoadedApk$ReceiverDispatcher$InnerReceiver@623b6b3, started 10002ms ago
10-31 10:44:10.003  1785  1800 W BroadcastQueue: Receiver during timeout of BroadcastRecord{d8c10f6 u-1 android.intent.action.TIME_TICK} : BroadcastFilter{7afb3e9 u0 ReceiverList{518470 1785 system/1000/u0 local:623b6b3}}
10-31 10:44:11.171  1785  1785 W Looper  : Slow dispatch took 5949ms main h=com.android.server.notification.NotificationManagerService$WorkerHandler c=null m=3
10-31 10:44:11.294  1785  1785 I Telecom : DefaultDialerCache: Refreshing default dialer for user 0: now com.google.android.dialer: DDC.oR@AFs
10-31 10:44:15.027  1785  1802 I ActivityManager: Start proc 5841:android.process.media/u0a12 for content provider com.android.providers.downloads/.DownloadProvider
10-31 10:44:17.380  1785  1785 W Looper  : Slow dispatch took 6064ms main h=com.android.server.notification.NotificationManagerService$WorkerHandler c=null m=3
10-31 10:44:18.057  1785  1785 W Looper  : Slow dispatch took 601ms main h=com.android.server.notification.NotificationManagerService$WorkerHandler c=com.android.server.notification.NotificationManagerService$PostNotificationRunnable@54114d m=0
10-31 10:44:18.559  1785  3356 I ActivityManager: Killing 4464:com.google.android.calendar/u0a81 (adj 906): empty #17
10-31 10:44:18.598  1785  1785 W Looper  : Drained
10-31 10:44:19.085  2015  2015 E LoadedApk: Unable to instantiate appComponentFactory
10-31 10:44:19.085  2015  2015 E LoadedApk: java.lang.ClassNotFoundException: Didn't find class "android.support.v4.app.CoreComponentFactory" on path: DexPathList[[],nativeLibraryDirectories=[/system/priv-app/SystemUIGoogle/lib/x86, /system/lib, /system/lib]]
10-31 10:44:19.085  2015  2015 E LoadedApk: 	at dalvik.system.BaseDexClassLoader.findClass(BaseDexClassLoader.java:126)
10-31 10:44:19.085  2015  2015 E LoadedApk: 	at java.lang.ClassLoader.loadClass(ClassLoader.java:379)
10-31 10:44:19.085  2015  2015 E LoadedApk: 	at java.lang.ClassLoader.loadClass(ClassLoader.java:312)
10-31 10:44:19.085  2015  2015 E LoadedApk: 	at android.app.LoadedApk.createAppFactory(LoadedApk.java:226)
10-31 10:44:19.085  2015  2015 E LoadedApk: 	at android.app.LoadedApk.createOrUpdateClassLoaderLocked(LoadedApk.java:703)
10-31 10:44:19.085  2015  2015 E LoadedApk: 	at android.app.LoadedApk.getClassLoader(LoadedApk.java:772)
10-31 10:44:19.085  2015  2015 E LoadedApk: 	at android.app.ActivityThread.getTopLevelResources(ActivityThread.java:1930)
10-31 10:44:19.085  2015  2015 E LoadedApk: 	at android.app.ApplicationPackageManager.getResourcesForApplication(ApplicationPackageManager.java:1420)
10-31 10:44:19.085  2015  2015 E LoadedApk: 	at android.app.ApplicationPackageManager.getText(ApplicationPackageManager.java:1677)
10-31 10:44:19.085  2015  2015 E LoadedApk: 	at android.content.pm.PackageItemInfo.loadUnsafeLabel(PackageItemInfo.java:204)
10-31 10:44:19.085  2015  2015 E LoadedApk: 	at android.content.pm.PackageItemInfo.loadLabel(PackageItemInfo.java:194)
10-31 10:44:19.085  2015  2015 E LoadedApk: 	at android.app.ApplicationPackageManager.getApplicationLabel(ApplicationPackageManager.java:1722)
10-31 10:44:19.085  2015  2015 E LoadedApk: 	at android.app.Notification$Builder.loadHeaderAppName(Notification.java:4808)
10-31 10:44:19.085  2015  2015 E LoadedApk: 	at com.android.systemui.statusbar.StatusBarIconView.contentDescForNotification(StatusBarIconView.java:497)
10-31 10:44:19.085  2015  2015 E LoadedApk: 	at com.android.systemui.statusbar.StatusBarIconView.setContentDescription(StatusBarIconView.java:472)
10-31 10:44:19.085  2015  2015 E LoadedApk: 	at com.android.systemui.statusbar.StatusBarIconView.setNotification(StatusBarIconView.java:231)
10-31 10:44:19.085  2015  2015 E LoadedApk: 	at com.android.systemui.statusbar.StatusBarIconView.<init>(StatusBarIconView.java:165)
10-31 10:44:19.085  2015  2015 E LoadedApk: 	at com.android.systemui.statusbar.StatusBarIconView.<init>(StatusBarIconView.java:152)
10-31 10:44:19.085  2015  2015 E LoadedApk: 	at com.android.systemui.statusbar.NotificationData$Entry.createIcons(NotificationData.java:180)
10-31 10:44:19.085  2015  2015 E LoadedApk: 	at com.android.systemui.statusbar.NotificationEntryManager.createNotificationViews(NotificationEntryManager.java:693)
10-31 10:44:19.085  2015  2015 E LoadedApk: 	at com.android.systemui.statusbar.NotificationEntryManager.addNotificationInternal(NotificationEntryManager.java:705)
