10-31 10:33:41.660  2785  2819 E ActivityThread: Failed to find provider info for com.google.android.apps.gsa.testing.ui.audio.recorded
10-31 10:33:44.361  1785  1796 I chatty  : uid=1000(system) Binder:1785_2 expire 4 lines
10-31 10:33:46.713  2785  2819 E ActivityThread: Failed to find provider info for com.google.android.apps.gsa.testing.ui.audio.recorded
10-31 10:33:51.808  2785  2819 E ActivityThread: Failed to find provider info for com.google.android.apps.gsa.testing.ui.audio.recorded
10-31 10:33:54.093  1785  1806 I chatty  : uid=1000(system) android.fg expire 2 lines
10-31 10:33:54.955  1785  3356 I chatty  : uid=1000(system) Binder:1785_12 expire 15 lines
10-31 10:33:55.973  1785  1802 I chatty  : uid=1000(system) ActivityManager expire 12 lines
10-31 10:33:56.867  2785  2819 E ActivityThread: Failed to find provider info for com.google.android.apps.gsa.testing.ui.audio.recorded
10-31 10:33:59.759  1648  1686 E storaged: getDiskStats failed with result NOT_SUPPORTED and size 0
10-31 10:34:01.941  2785  2819 E ActivityThread: Failed to find provider info for com.google.android.apps.gsa.testing.ui.audio.recorded
10-31 10:34:07.024  2785  2819 E ActivityThread: Failed to find provider info for com.google.android.apps.gsa.testing.ui.audio.recorded
10-31 10:34:12.091  2785  2819 E ActivityThread: Failed to find provider info for com.google.android.apps.gsa.testing.ui.audio.recorded
10-31 10:34:16.580  1785  1800 I chatty  : uid=1000(system) ActivityManager expire 15 lines
10-31 10:34:17.147  2785  2819 E ActivityThread: Failed to find provider info for com.google.android.apps.gsa.testing.ui.audio.recorded
10-31 10:34:19.526  1785  1785 I chatty  : uid=1000 system_server expire 3 lines
10-31 10:34:22.206  2785  2819 E ActivityThread: Failed to find provider info for com.google.android.apps.gsa.testing.ui.audio.recorded
10-31 10:34:27.286  2785  2819 E ActivityThread: Failed to find provider info for com.google.android.apps.gsa.testing.ui.audio.recorded
10-31 10:34:32.347  2785  2819 E ActivityThread: Failed to find provider info for com.google.android.apps.gsa.testing.ui.audio.recorded
10-31 10:34:37.395  2785  2819 E ActivityThread: Failed to find provider info for com.google.android.apps.gsa.testing.ui.audio.recorded
10-31 10:34:38.634  1785  3356 I chatty  : uid=1000(system) Binder:1785_12 expire 15 lines
10-31 10:34:44.720  1785  3613 I chatty  : uid=1000(system) Binder:1785_15 expire 5 lines
10-31 10:34:44.805  2785  2819 E ActivityThread: Failed to find provider info for com.google.android.apps.gsa.testing.ui.audio.recorded
10-31 10:34:49.858  2785  2819 E ActivityThread: Failed to find provider info for com.google.android.apps.gsa.testing.ui.audio.recorded
10-31 10:34:54.901  2785  2819 E ActivityThread: Failed to find provider info for com.google.android.apps.gsa.testing.ui.audio.recorded
10-31 10:34:56.967  1785  1858 I chatty  : uid=1000(system) InputDispatcher expire 2 lines
10-31 10:34:59.761  1648  1686 E storaged: getDiskStats failed with result NOT_SUPPORTED and size 0
10-31 10:34:59.946  2785  2819 E ActivityThread: Failed to find provider info for com.google.android.apps.gsa.testing.ui.audio.recorded
10-31 10:35:05.013  2785  2819 E ActivityThread: Failed to find provider info for com.google.android.apps.gsa.testing.ui.audio.recorded
10-31 10:35:10.054  2785  2819 E ActivityThread: Failed to find provider info for com.google.android.apps.gsa.testing.ui.audio.recorded
10-31 10:35:15.106  2785  2819 E ActivityThread: Failed to find provider info for com.google.android.apps.gsa.testing.ui.audio.recorded
10-31 10:35:20.145  2785  2819 E ActivityThread: Failed to find provider info for com.google.android.apps.gsa.testing.ui.audio.recorded
10-31 10:35:21.236  1785  3356 I chatty  : uid=1000(system) Binder:1785_12 expire 18 lines
10-31 10:35:25.207  2785  2819 E ActivityThread: Failed to find provider info for com.google.android.apps.gsa.testing.ui.audio.recorded
10-31 10:35:30.252  2785  2819 E ActivityThread: Failed to find provider info for com.google.android.apps.gsa.testing.ui.audio.recorded
10-31 10:35:45.411  2785  2819 E ActivityThread: Failed to find provider info for com.google.android.apps.gsa.testing.ui.audio.recorded
10-31 10:35:48.973  3842  3903 E ActivityThread: Failed to find provider info for instantapp-dev-manager
10-31 10:35:49.023  1785  2485 I chatty  : uid=1000(system) Binder:1785_9 expire 2 lines
10-31 10:35:59.765  1648  1686 E storaged: getDiskStats failed with result NOT_SUPPORTED and size 0
10-31 10:36:00.766  1785  3841 I chatty  : uid=1000(system) Binder:1785_17 expire 2 lines
10-31 10:36:02.069  1785  1802 I chatty  : uid=1000(system) ActivityManager expire 4 lines
10-31 10:36:04.708  1785  3687 I chatty  : uid=1000(system) Binder:1785_16 expire 2 lines
10-31 10:36:10.864  1785  1801 I chatty  : uid=1000(system) android.ui expire 3 lines
10-31 10:36:11.065  2785  2819 E ActivityThread: Failed to find provider info for com.google.android.apps.gsa.testing.ui.audio.recorded
10-31 10:36:16.203  2785  2819 E ActivityThread: Failed to find provider info for com.google.android.apps.gsa.testing.ui.audio.recorded
10-31 10:36:20.442  2785  2819 E ActivityThread: Failed to find provider info for com.google.android.apps.gsa.testing.ui.audio.recorded
10-31 10:36:20.741  1785  1800 I chatty  : uid=1000(system) ActivityManager expire 2 lines
10-31 10:36:25.525  2785  2819 E ActivityThread: Failed to find provider info for com.google.android.apps.gsa.testing.ui.audio.recorded
10-31 10:36:30.595  2785  2819 E ActivityThread: Failed to find provider info for com.google.android.apps.gsa.testing.ui.audio.recorded
10-31 10:36:35.647  2785  2819 E ActivityThread: Failed to find provider info for com.google.android.apps.gsa.testing.ui.audio.recorded
10-31 10:36:39.387  1785  2729 I chatty  : uid=1000(system) Binder:1785_E expire 1 line
10-31 10:36:39.477  1785  1863 I chatty  : uid=1000(system) Binder:1785_5 expire 4 lines
10-31 10:36:40.726  2785  2819 E ActivityThread: Failed to find provider info for com.google.android.apps.gsa.testing.ui.audio.recorded
10-31 10:36:47.008  2785  2819 E ActivityThread: Failed to find provider info for com.google.android.apps.gsa.testing.ui.audio.recorded
10-31 10:36:52.098  2785  2819 E ActivityThread: Failed to find provider info for com.google.android.apps.gsa.testing.ui.audio.recorded
10-31 10:36:57.171  2785  2819 E ActivityThread: Failed to find provider info for com.google.android.apps.gsa.testing.ui.audio.recorded
10-31 10:36:59.774  1648  1686 E storaged: getDiskStats failed with result NOT_SUPPORTED and size 0
10-31 10:37:00.010  1785  1785 I ActivityManager: Killing 2630:com.android.keychain/1000 (adj 906): empty #17
10-31 10:37:00.089  1785  2152 I ActivityManager: Killing 2138:com.google.android.deskclock/u0a50 (adj 906): empty #17
10-31 10:37:02.211  2785  2819 E ActivityThread: Failed to find provider info for com.google.android.apps.gsa.testing.ui.audio.recorded
10-31 10:37:03.666  1785  3841 W ActivityManager: Background start not allowed: service Intent { cmp=com.google.android.apps.messaging/.shared.datamodel.action.execution.ActionExecutorImpl$EmptyService } to com.google.android.apps.messaging/.shared.datamodel.action.execution.ActionExecutorImpl$EmptyService from pid=4090 uid=10074 pkg=com.google.android.apps.messaging
10-31 10:37:07.261  2785  2819 E ActivityThread: Failed to find provider info for com.google.android.apps.gsa.testing.ui.audio.recorded
10-31 10:37:12.371  2785  2819 E ActivityThread: Failed to find provider info for com.google.android.apps.gsa.testing.ui.audio.recorded
10-31 10:37:17.345  1785  1839 I ActivityManager: START u0 {flg=0xc080000 cmp=host.exp.exponent/.experience.ExperienceActivity (has extras)} from uid 10083
10-31 10:37:17.860  2785  2819 E ActivityThread: Failed to find provider info for com.google.android.apps.gsa.testing.ui.audio.recorded
10-31 10:37:17.999  1785  2731 I ActivityManager: START u0 {flg=0xc080000 cmp=host.exp.exponent/.experience.ExperienceActivity (has extras)} from uid 10083
10-31 10:37:18.631  1785  2730 I ActivityManager: START u0 {flg=0xc080000 cmp=host.exp.exponent/.experience.ExperienceActivity (has extras)} from uid 10083
10-31 10:37:18.671  1785  1800 W ActivityManager: Activity pause timeout for ActivityRecord{13ef5cc u0 host.exp.exponent/.experience.ExperienceActivity t65}
10-31 10:37:19.488  1785  1801 W Looper  : Slow dispatch took 200ms android.ui h=com.android.server.am.ActivityManagerService$UiHandler c=null m=30
10-31 10:37:21.767  1785  2730 I ActivityManager: Activity reported stop, but no longer stopping: ActivityRecord{89c8b50 u0 host.exp.exponent/.LauncherActivity t64 f}
10-31 10:37:21.938  1785  2730 I ActivityManager: Activity reported stop, but no longer stopping: ActivityRecord{89c8b50 u0 host.exp.exponent/.LauncherActivity t64 f}
10-31 10:37:28.306  1785  2152 I ActivityManager: START u0 {flg=0x24000000 cmp=host.exp.exponent/.experience.ErrorActivity (has extras)} from uid 10083
10-31 10:37:38.868  1785  1800 W ActivityManager: Launch timeout has expired, giving up wake lock!
10-31 10:37:39.384  1785  1800 W BroadcastQueue: Timeout of broadcast BroadcastRecord{6914f26 u0 android.intent.action.BOOT_COMPLETED} - receiver=android.os.BinderProxy@a28c384, started 60032ms ago
10-31 10:37:39.384  1785  1800 W BroadcastQueue: Receiver during timeout of BroadcastRecord{6914f26 u0 android.intent.action.BOOT_COMPLETED} : ResolveInfo{b05a76d com.google.android.apps.photos/.backup.freestorage.full.PixelOfferReceiver m=0x108000}
10-31 10:37:51.450  1785  1800 E ActivityManager: ANR in com.google.android.apps.photos
10-31 10:37:51.450  1785  1800 E ActivityManager: PID: 4149
10-31 10:37:51.450  1785  1800 E ActivityManager: Reason: Broadcast of Intent { act=android.intent.action.BOOT_COMPLETED flg=0x9000010 cmp=com.google.android.apps.photos/.backup.freestorage.full.PixelOfferReceiver (has extras) }
10-31 10:37:51.450  1785  1800 E ActivityManager: Load: 0.0 / 0.0 / 0.0
10-31 10:37:51.450  1785  1800 E ActivityManager: CPU usage from 0ms to 12039ms later (2019-10-31 10:37:39.386 to 2019-10-31 10:37:51.425):
10-31 10:37:51.450  1785  1800 E ActivityManager:   16% 1634/surfaceflinger: 7.3% user + 9.2% kernel / faults: 1 minor
10-31 10:37:51.450  1785  1800 E ActivityManager:   11% 3910/host.exp.exponent: 2.7% user + 8.9% kernel / faults: 61 minor 3 major
10-31 10:37:51.450  1785  1800 E ActivityManager:   9.7% 2015/com.android.systemui: 2% user + 7.6% kernel / faults: 1 minor
10-31 10:37:51.450  1785  1800 E ActivityManager:   6.1% 1785/system_server: 3.1% user + 2.9% kernel / faults: 901 minor 2 major
10-31 10:37:51.450  1785  1800 E ActivityManager:   2.5% 1664/android.hardware.graphics.composer@2.1-service: 0.1% user + 2.4% kernel
10-31 10:37:51.450  1785  1800 E ActivityManager:   1.4% 1537/android.hardware.sensors@1.0-service: 0.2% user + 1.2% kernel
10-31 10:37:51.450  1785  1800 E ActivityManager:   1.4% 3842/com.google.android.gms.persistent: 0.8% user + 0.6% kernel / faults: 460 minor
10-31 10:37:51.450  1785  1800 E ActivityManager:   0.5% 4149/com.google.android.apps.photos: 0.2% user + 0.3% kernel / faults: 82 minor 8 major
10-31 10:37:51.450  1785  1800 E ActivityManager:   0.4% 1896/com.google.android.inputmethod.latin: 0.1% user + 0.3% kernel / faults: 39 minor 20 major
10-31 10:37:51.450  1785  1800 E ActivityManager:   0.4% 2383/adbd: 0.1% user + 0.3% kernel / faults: 4459 minor
10-31 10:37:51.450  1785  1800 E ActivityManager:   0.4% 4090/com.google.android.apps.messaging: 0.1% user + 0.2% kernel / faults: 171 minor
10-31 10:37:51.450  1785  1800 E ActivityManager:   0.2% 2002/com.android.phone: 0% user + 0.2% kernel / faults: 6 minor
10-31 10:37:51.450  1785  1800 E ActivityManager:   0.2% 2400/com.google.process.gservices: 0.1% user + 0% kernel / faults: 110 minor
10-31 10:37:51.450  1785  1800 E ActivityManager:   0.1% 1563/kworker/u5:0: 0% user + 0.1% kernel
10-31 10:37:51.450  1785  1800 E ActivityManager:   0.1% 1570/kworker/u5:2: 0% user + 0.1% kernel
10-31 10:37:51.450  1785  1800 E ActivityManager:   0.1% 2785/com.google.android.googlequicksearchbox:search: 0% user + 0.1% kernel / faults: 16 minor 22 major
10-31 10:37:51.450  1785  1800 E ActivityManager:   0% 3/ksoftirqd/0: 0% user + 0% kernel
10-31 10:37:51.450  1785  1800 E ActivityManager:   0% 621/kswapd0: 0% user + 0% kernel
10-31 10:37:51.450  1785  1800 E ActivityManager:   0% 1565/dmcrypt_write: 0% user + 0% kernel
10-31 10:37:51.450  1785  1800 E ActivityManager:   0% 1569/kworker/u5:1: 0% user + 0% kernel
10-31 10:37:51.450  1785  1800 E ActivityManager:   0% 1649/wificond: 0% user + 0% kernel
10-31 10:37:51.450  1785  1800 E ActivityManager: 97% TOTAL: 5.5% user + 11% kernel + 79% iowait + 1.7% softirq
10-31 10:37:51.450  1785  1800 E ActivityManager: CPU usage from 623174ms to 623174ms ago (1970-01-01 03:00:00.000 to 1970-01-01 03:00:00.000) with 0% awake:
10-31 10:37:51.450  1785  1800 E ActivityManager: 0% TOTAL: 0% user + 0% kernel
10-31 10:37:51.458  1785  1800 I ActivityManager: Killing 4149:com.google.android.apps.photos/u0a69 (adj 0): bg anr
10-31 10:37:51.581  1785  1802 W ActivityManager: Slow operation: 75ms so far, now at startProcess: returned from zygote!
10-31 10:37:51.582  1785  1802 W ActivityManager: Slow operation: 75ms so far, now at startProcess: done updating battery stats
10-31 10:37:51.582  1785  1802 W ActivityManager: Slow operation: 75ms so far, now at startProcess: building log message
10-31 10:37:51.582  1785  1802 I ActivityManager: Start proc 4371:com.google.android.apps.photos/u0a69 for broadcast com.google.android.apps.photos/com.google.android.libraries.social.notifications.impl.BootCompletedReceiver
10-31 10:37:51.582  1785  1802 W ActivityManager: Slow operation: 75ms so far, now at startProcess: starting to update pids map
10-31 10:37:51.582  1785  1802 W ActivityManager: Slow operation: 75ms so far, now at startProcess: done updating pids map
10-31 10:37:59.779  1648  1686 E storaged: getDiskStats failed with result NOT_SUPPORTED and size 0
10-31 10:38:04.275  1785  2730 I ActivityManager: Killing 2649:com.android.cellbroadcastreceiver/u0a35 (adj 906): empty #17
10-31 10:38:04.300  1785  1802 I ActivityManager: Start proc 4413:com.google.android.apps.wallpaper/u0a18 for broadcast com.google.android.apps.wallpaper/.module.GoogleAlarmInitializer
10-31 10:38:09.270  1785  2730 D ConnectivityService: Returning BLOCKED NetworkInfo to uid=10069
10-31 10:38:13.201  1785  1802 I ActivityManager: Start proc 4464:com.google.android.calendar/u0a81 for broadcast com.google.android.calendar/com.google.android.apps.calendar.sync.SyncOnUnlockReceiver
10-31 10:38:13.362  1785  2728 I ActivityManager: Killing 2300:android.process.acore/u0a9 (adj 906): empty #17
10-31 10:38:21.334  1785  3613 D ConnectivityService: requestNetwork for uid/pid:10083/3910 NetworkRequest [ TRACK_DEFAULT id=18, [ Capabilities: INTERNET&NOT_RESTRICTED&TRUSTED Unwanted:  Uid: 10083] ]
10-31 10:38:33.495  1785  2730 I ActivityManager: Killing 3227:com.android.contacts/u0a8 (adj 906): empty #17
10-31 10:38:39.437  1785  3613 W ActivityManager: Background start not allowed: service Intent { cmp=com.google.android.apps.messaging/.shared.datamodel.action.execution.ActionExecutorImpl$EmptyService } to com.google.android.apps.messaging/.shared.datamodel.action.execution.ActionExecutorImpl$EmptyService from pid=4090 uid=10074 pkg=com.google.android.apps.messaging
10-31 10:38:41.641  1785  1802 I ActivityManager: Start proc 4497:android.process.acore/u0a9 for content provider com.android.providers.contacts/.ContactsProvider2
10-31 10:38:42.319  1785  2730 I ActivityManager: Killing 3245:com.android.managedprovisioning/u0a17 (adj 906): empty #17
10-31 10:38:48.819  1785  3613 D CountryDetector: The first listener is added
10-31 10:38:53.305  1785  1802 W ActivityManager: Slow operation: 55ms so far, now at startProcess: returned from zygote!
10-31 10:38:53.305  1785  1802 W ActivityManager: Slow operation: 55ms so far, now at startProcess: done updating battery stats
10-31 10:38:53.305  1785  1802 W ActivityManager: Slow operation: 55ms so far, now at startProcess: building log message
10-31 10:38:53.305  1785  1802 I ActivityManager: Start proc 4555:com.google.android.configupdater/u0a5 for broadcast com.google.android.configupdater/.MainReceiver
10-31 10:38:53.305  1785  1802 W ActivityManager: Slow operation: 55ms so far, now at startProcess: starting to update pids map
10-31 10:38:53.305  1785  1802 W ActivityManager: Slow operation: 55ms so far, now at startProcess: done updating pids map
10-31 10:38:54.943  1785  1802 I ActivityManager: Start proc 4571:com.android.defcontainer/u0a15 for service com.android.defcontainer/.DefaultContainerService
10-31 10:38:56.134  1785  1802 I ActivityManager: Start proc 4607:com.google.android.deskclock/u0a50 for broadcast com.google.android.deskclock/com.android.deskclock.AlarmInitReceiver
10-31 10:38:59.787  1648  1686 E storaged: getDiskStats failed with result NOT_SUPPORTED and size 0
10-31 10:39:06.048  1785  1785 W Looper  : Slow dispatch took 105ms main h=android.app.ActivityThread$H c=android.app.-$$Lambda$LoadedApk$ReceiverDispatcher$Args$_BumDX2UKsnxLVrE6UJsJZkotuA@5a01a3d m=0
10-31 10:39:08.742  1785  1806 E NetdConnector: NDC event {613 IfaceClass active 1 711208120470 10083} took too long: 1320ms
10-31 10:39:08.742  1785  1806 W Looper  : Slow dispatch took 1321ms android.fg h=android.os.Handler c=null m=613
10-31 10:39:10.716  1785  1802 I ActivityManager: Start proc 4644:com.google.android.gm/u0a61 for broadcast com.google.android.gm/.GoogleMailDeviceStartupReceiver
10-31 10:39:13.145  1785  1795 I ActivityManager: Killing 2023:com.android.settings/1000 (adj 906): empty #17
10-31 10:39:13.401  1785  1814 W PackageParser: No actions in intent filter at /data/app/vmdl514200032.tmp/base.apk Binary XML file line #452
10-31 10:39:13.577  1785  1814 W PackageManager: Package com.google.android.googlequicksearchbox attempting to redeclare system permission com.android.launcher.permission.INSTALL_SHORTCUT; ignoring new declaration
10-31 10:39:13.722  1785  1800 I ActivityManager: Force stopping com.google.android.googlequicksearchbox appid=10029 user=-1: installPackageLI
10-31 10:39:13.723  1785  1800 I ActivityManager: Killing 2785:com.google.android.googlequicksearchbox:search/u0a29 (adj 900): stop com.google.android.googlequicksearchbox
10-31 10:39:13.723  1785  1800 W ActivityManager: Scheduling restart of crashed service com.google.android.googlequicksearchbox/com.google.android.apps.gsa.nowoverlayservice.DrawerOverlayService in 1000ms
10-31 10:39:13.734  1785  1800 I ActivityManager: Killing 2465:com.google.android.googlequicksearchbox:interactor/u0a29 (adj 100): stop com.google.android.googlequicksearchbox
10-31 10:39:13.740  1785  1800 W ActivityManager: Scheduling restart of crashed service com.google.android.googlequicksearchbox/com.google.android.voiceinteraction.GsaVoiceInteractionService in 10984ms
10-31 10:39:13.745  1785  1800 I ActivityManager:   Force stopping service ServiceRecord{2833a7c u0 com.google.android.googlequicksearchbox/com.google.android.voiceinteraction.GsaVoiceInteractionService}
10-31 10:39:13.745  1785  1800 I ActivityManager:   Force stopping service ServiceRecord{ef54c6 u0 com.google.android.googlequicksearchbox/com.google.android.apps.gsa.nowoverlayservice.DrawerOverlayService}
10-31 10:39:13.777  1785  3687 D ConnectivityService: ConnectivityService NetworkRequestInfo binderDied(NetworkRequest [ LISTEN id=12, [ Capabilities: INTERNET&NOT_RESTRICTED&TRUSTED Unwanted:  Uid: 10029] ], android.os.BinderProxy@7fa2a30)
10-31 10:39:13.781  1785  3529 I WindowManager: WIN DEATH: Window{cdf8619 u0 com.google.android.apps.nexuslauncher/com.google.android.apps.nexuslauncher.NexusLauncherActivity}
10-31 10:39:13.896  1785  1801 W Looper  : Slow dispatch took 164ms android.ui h=com.android.server.am.ActivityManagerService$UiHandler c=null m=53
10-31 10:39:14.992  1785  1814 I PackageManager: Update system package com.google.android.googlequicksearchbox code path from /system/priv-app/Velvet to /data/app/com.google.android.googlequicksearchbox-DLy-Q_kOHh-UUhXAeaQcrA==; Retain data and using new
10-31 10:39:14.992  1785  1814 I PackageManager: Update system package com.google.android.googlequicksearchbox resource path from /system/priv-app/Velvet to /data/app/com.google.android.googlequicksearchbox-DLy-Q_kOHh-UUhXAeaQcrA==; Retain data and using new
10-31 10:39:31.251  1785  1799 W Looper  : Slow dispatch took 22490ms android.bg h=android.os.Handler c=android.app.-$$Lambda$LoadedApk$ReceiverDispatcher$Args$_BumDX2UKsnxLVrE6UJsJZkotuA@278352b m=0
10-31 10:39:32.209  1785  2486 W ActivityManager: Slow operation: 80ms so far, now at getContentProviderImpl: incProviderCountLocked
10-31 10:39:32.210  1785  2486 W ActivityManager: Slow operation: 81ms so far, now at getContentProviderImpl: before updateLruProcess
10-31 10:39:32.210  1785  2486 W ActivityManager: Slow operation: 81ms so far, now at getContentProviderImpl: after updateLruProcess
10-31 10:39:32.210  1785  2486 W ActivityManager: Slow operation: 81ms so far, now at getContentProviderImpl: before updateOomAdj
10-31 10:39:32.210  1785  2486 W ActivityManager: Slow operation: 81ms so far, now at getContentProviderImpl: after updateOomAdj
10-31 10:39:32.210  1785  2486 W ActivityManager: Slow operation: 81ms so far, now at getContentProviderImpl: done!
10-31 10:39:36.399  1785  1808 W ActivityManager: setHasOverlayUi called on unknown pid: 2023
10-31 10:39:36.400  1785  1808 W ActivityManager: setHasOverlayUi called on unknown pid: 2785
10-31 10:39:36.739  1785  1785 W Looper  : Slow dispatch took 27979ms main h=android.app.ActivityThread$H c=android.app.-$$Lambda$LoadedApk$ReceiverDispatcher$Args$_BumDX2UKsnxLVrE6UJsJZkotuA@f2a5dd2 m=0
10-31 10:39:36.740  1785  1785 W Looper  : Slow delivery took 27980ms main h=android.app.ActivityThread$H c=android.app.-$$Lambda$LoadedApk$ReceiverDispatcher$Args$_BumDX2UKsnxLVrE6UJsJZkotuA@c1ea3 m=0
10-31 10:39:37.045  1785  1785 W Looper  : Slow dispatch took 305ms main h=android.app.ActivityThread$H c=android.app.-$$Lambda$LoadedApk$ReceiverDispatcher$Args$_BumDX2UKsnxLVrE6UJsJZkotuA@c68b559 m=0
10-31 10:39:45.564  1785  1785 W Looper  : Slow dispatch took 8519ms main h=android.app.ActivityThread$H c=android.app.-$$Lambda$LoadedApk$ReceiverDispatcher$Args$_BumDX2UKsnxLVrE6UJsJZkotuA@33619f6 m=0
10-31 10:39:46.385  1785  1804 W BatteryExternalStatsWorker: timeout reading telephony stats
10-31 10:39:51.245  1785  1785 W Looper  : Slow dispatch took 5681ms main h=android.os.Handler c=android.app.-$$Lambda$LoadedApk$ReceiverDispatcher$Args$_BumDX2UKsnxLVrE6UJsJZkotuA@a56b864 m=0
10-31 10:39:51.500  1785  1785 W Looper  : Slow dispatch took 254ms main h=android.os.Handler c=android.app.-$$Lambda$LoadedApk$ReceiverDispatcher$Args$_BumDX2UKsnxLVrE6UJsJZkotuA@4732acd m=0
10-31 10:39:59.796  1648  1686 E storaged: getDiskStats failed with result NOT_SUPPORTED and size 0
10-31 10:40:00.430  1785  1804 W BatteryExternalStatsWorker: modem info is invalid: ModemActivityInfo{ mTimestamp=0 mSleepTimeMs=0 mIdleTimeMs=0 mTxTimeMs[]=[0, 0, 0, 0, 0] mRxTimeMs=0 mEnergyUsed=0}
10-31 10:40:10.004  1785  1800 W BroadcastQueue: Timeout of broadcast BroadcastRecord{e91f693 u-1 android.intent.action.TIME_TICK} - receiver=android.app.LoadedApk$ReceiverDispatcher$InnerReceiver@623b6b3, started 10002ms ago
10-31 10:40:10.145  1785  1800 W BroadcastQueue: Receiver during timeout of BroadcastRecord{e91f693 u-1 android.intent.action.TIME_TICK} : BroadcastFilter{7afb3e9 u0 ReceiverList{518470 1785 system/1000/u0 local:623b6b3}}
10-31 10:40:10.148  1785  3529 I ActivityManager: Killing 3287:com.android.traceur/u0a41 (adj 906): empty #17
10-31 10:40:10.702  1785  1800 W BroadcastQueue: Timeout of broadcast BroadcastRecord{6914f26 u0 android.intent.action.BOOT_COMPLETED} - receiver=android.os.BinderProxy@b14a6c9, started 60002ms ago
10-31 10:40:10.702  1785  1800 W BroadcastQueue: Receiver during timeout of BroadcastRecord{6914f26 u0 android.intent.action.BOOT_COMPLETED} : ResolveInfo{b1271ce com.google.android.gm/.GoogleMailDeviceStartupReceiver m=0x108000}
10-31 10:40:26.691  1785  1800 E ActivityManager: ANR in com.google.android.gm
10-31 10:40:26.691  1785  1800 E ActivityManager: PID: 4644
10-31 10:40:26.691  1785  1800 E ActivityManager: Reason: Broadcast of Intent { act=android.intent.action.BOOT_COMPLETED flg=0x9000010 cmp=com.google.android.gm/.GoogleMailDeviceStartupReceiver (has extras) }
10-31 10:40:26.691  1785  1800 E ActivityManager: Load: 0.0 / 0.0 / 0.0
10-31 10:40:26.691  1785  1800 E ActivityManager: CPU usage from 1516ms to -15957ms ago (2019-10-31 10:40:09.200 to 2019-10-31 10:40:26.672):
10-31 10:40:26.691  1785  1800 E ActivityManager:   136% 4683/dex2oat: 130% user + 6.7% kernel / faults: 5786 minor 15 major
10-31 10:40:26.691  1785  1800 E ActivityManager:   6.9% 1634/surfaceflinger: 3.1% user + 3.8% kernel
10-31 10:40:26.691  1785  1800 E ActivityManager:   6.2% 3910/host.exp.exponent: 4.8% user + 1.4% kernel / faults: 7 minor
10-31 10:40:26.691  1785  1800 E ActivityManager:   5.2% 2015/com.android.systemui: 1.3% user + 3.8% kernel / faults: 139 minor
10-31 10:40:26.691  1785  1800 E ActivityManager:   3% 1785/system_server: 2.1% user + 0.9% kernel / faults: 1530 minor 28 major
10-31 10:40:26.691  1785  1800 E ActivityManager:   0.9% 1664/android.hardware.graphics.composer@2.1-service: 0.2% user + 0.7% kernel
10-31 10:40:26.691  1785  1800 E ActivityManager:   0.8% 2383/adbd: 0.1% user + 0.7% kernel / faults: 11196 minor
10-31 10:40:26.691  1785  1800 E ActivityManager:   0.8% 1537/android.hardware.sensors@1.0-service: 0.1% user + 0.6% kernel
10-31 10:40:26.691  1785  1800 E ActivityManager:   0.6% 621/kswapd0: 0% user + 0.6% kernel
10-31 10:40:26.691  1785  1800 E ActivityManager:   0.3% 1563/kworker/u5:0: 0% user + 0.3% kernel
10-31 10:40:26.691  1785  1800 E ActivityManager:   0.3% 4644/com.google.android.gm: 0% user + 0.2% kernel / faults: 726 minor 26 major
10-31 10:40:26.691  1785  1800 E ActivityManager:   0.2% 1570/kworker/u5:2: 0% user + 0.2% kernel
10-31 10:40:26.691  1785  1800 E ActivityManager:   0.1% 2002/com.android.phone: 0% user + 0.1% kernel / faults: 9 minor
10-31 10:40:26.691  1785  1800 E ActivityManager:   0% 1//init: 0% user + 0% kernel
10-31 10:40:26.691  1785  1800 E ActivityManager:   0% 7/rcu_preempt: 0% user + 0% kernel
10-31 10:40:26.691  1785  1800 E ActivityManager:   0% 921/kworker/u4:3: 0% user + 0% kernel
10-31 10:40:26.691  1785  1800 E ActivityManager:   0% 1565/dmcrypt_write: 0% user + 0% kernel
10-31 10:40:26.691  1785  1800 E ActivityManager:   0% 1649/wificond: 0% user + 0% kernel
10-31 10:40:26.691  1785  1800 E ActivityManager:   0% 1895/wpa_supplicant: 0% user + 0% kernel
10-31 10:40:26.691  1785  1800 E ActivityManager:   0% 2422/com.google.android.setupwizard: 0% user + 0% kernel
10-31 10:40:26.691  1785  1800 E ActivityManager:   0% 3842/com.google.android.gms.persistent: 0% user + 0% kernel / faults: 1 minor
10-31 10:40:26.691  1785  1800 E ActivityManager:  +0% 4726/crash_dump32: 0% user + 0% kernel
10-31 10:40:26.691  1785  1800 E ActivityManager:  +0% 4728/com.google.android.gm: 0% user + 0% kernel
10-31 10:40:26.691  1785  1800 E ActivityManager: 100% TOTAL: 71% user + 9.7% kernel + 18% iowait + 0.2% softirq
10-31 10:40:26.691  1785  1800 E ActivityManager: CPU usage from 774504ms to 774504ms ago (1970-01-01 03:00:00.000 to 1970-01-01 03:00:00.000) with 0% awake:
10-31 10:40:26.691  1785  1800 E ActivityManager: 0% TOTAL: 0% user + 0% kernel
10-31 10:40:27.046  1785  1800 I ActivityManager: Killing 4644:com.google.android.gm/u0a61 (adj 0): bg anr
10-31 10:40:27.115  1785  1802 I ActivityManager: Start proc 4730:com.google.android.gm/u0a61 for broadcast com.google.android.gm/com.android.email.timezone.TimeZoneDataBaseUpgradeReceiver
10-31 10:40:27.228  1785  2115 W ActivityManager: Slow operation: 98ms so far, now at attachApplicationLocked: immediately after bindApplication
10-31 10:40:27.228  1785  2115 W ActivityManager: Slow operation: 98ms so far, now at attachApplicationLocked: after updateLruProcessLocked
10-31 10:40:27.231  1785  2115 W ActivityManager: Slow operation: 101ms so far, now at attachApplicationLocked: after mServices.attachApplicationLocked
10-31 10:40:27.235  1785  2115 W ActivityManager: Slow operation: 105ms so far, now at attachApplicationLocked: after sendPendingBroadcastsLocked
10-31 10:40:38.817  1785  1804 W BatteryExternalStatsWorker: modem info is invalid: ModemActivityInfo{ mTimestamp=0 mSleepTimeMs=0 mIdleTimeMs=0 mTxTimeMs[]=[0, 0, 0, 0, 0] mRxTimeMs=0 mEnergyUsed=0}
10-31 10:40:43.022  1785  1799 W Looper  : Slow dispatch took 71523ms android.bg h=android.os.Handler c=android.app.-$$Lambda$LoadedApk$ReceiverDispatcher$Args$_BumDX2UKsnxLVrE6UJsJZkotuA@835af4 m=0
10-31 10:40:43.022  1785  1799 W Looper  : Slow delivery took 94262ms android.bg h=android.os.Handler c=android.app.-$$Lambda$LoadedApk$ReceiverDispatcher$Args$_BumDX2UKsnxLVrE6UJsJZkotuA@a5c421d m=0
10-31 10:40:44.454  1785  1804 W BatteryExternalStatsWorker: modem info is invalid: ModemActivityInfo{ mTimestamp=0 mSleepTimeMs=0 mIdleTimeMs=0 mTxTimeMs[]=[0, 0, 0, 0, 0] mRxTimeMs=0 mEnergyUsed=0}
10-31 10:40:51.035  1785  1785 W Looper  : Slow dispatch took 59534ms main h=android.app.ActivityThread$H c=android.app.-$$Lambda$LoadedApk$ReceiverDispatcher$Args$_BumDX2UKsnxLVrE6UJsJZkotuA@748453e m=0
10-31 10:40:51.465  1785  1785 I Telecom : DefaultDialerCache: Refreshing default dialer for user 0: now com.google.android.dialer: DDC.oR@AFE
10-31 10:40:51.465  1785  1785 W Looper  : Slow dispatch took 430ms main h=android.app.ActivityThread$H c=android.app.-$$Lambda$LoadedApk$ReceiverDispatcher$Args$_BumDX2UKsnxLVrE6UJsJZkotuA@ad28f9f m=0
10-31 10:40:52.532  1785  1799 W Looper  : Drained
10-31 10:40:52.734  1785  1785 W Looper  : Slow dispatch took 1269ms main h=com.android.server.media.MediaRouterService$UserHandler c=android.app.-$$Lambda$LoadedApk$ReceiverDispatcher$Args$_BumDX2UKsnxLVrE6UJsJZkotuA@f3ca4b5 m=0
10-31 10:40:53.537  1785  1785 W Looper  : Slow dispatch took 693ms main h=com.android.server.notification.NotificationManagerService$WorkerHandler c=null m=3
10-31 10:40:53.542  1785  1785 W Looper  : Drained
10-31 10:40:59.807  1648  1686 E storaged: getDiskStats failed with result NOT_SUPPORTED and size 0
10-31 10:41:06.069  1785  1802 I ActivityManager: Start proc 4863:com.google.android.onetimeinitializer/u0a16 for broadcast com.google.android.onetimeinitializer/.OneTimeInitializerReceiver
10-31 10:41:11.136  1785  3687 I ActivityManager: Killing 3408:com.android.vending:download_service/u0a36 (adj 906): empty #17
10-31 10:41:11.167  1785  1802 I ActivityManager: Start proc 4884:com.google.android.packageinstaller/u0a26 for broadcast com.google.android.packageinstaller/com.android.packageinstaller.TemporaryFileManager
10-31 10:41:11.193  1785  2731 D ConnectivityService: ConnectivityService NetworkRequestInfo binderDied(NetworkRequest [ TRACK_DEFAULT id=14, [ Capabilities: INTERNET&NOT_RESTRICTED&TRUSTED Unwanted:  Uid: 10036] ], android.os.BinderProxy@1ff3968)
10-31 10:41:11.194  1785  1873 D ConnectivityService: releasing NetworkRequest [ TRACK_DEFAULT id=14, [ Capabilities: INTERNET&NOT_RESTRICTED&TRUSTED Unwanted:  Uid: 10036] ] (release request)
10-31 10:41:14.780  1785  3687 I ActivityManager: Killing 3744:com.google.android.gms.ui/u0a13 (adj 906): empty #17
10-31 10:41:14.830  1785  1802 W ActivityManager: Slow operation: 51ms so far, now at startProcess: done updating battery stats
10-31 10:41:14.830  1785  1802 W ActivityManager: Slow operation: 53ms so far, now at startProcess: building log message
10-31 10:41:14.830  1785  1802 I ActivityManager: Start proc 4902:com.google.android.partnersetup/u0a6 for broadcast com.google.android.partnersetup/.GooglePartnerSetup
10-31 10:41:14.830  1785  1802 W ActivityManager: Slow operation: 54ms so far, now at startProcess: starting to update pids map
10-31 10:41:14.830  1785  1802 W ActivityManager: Slow operation: 54ms so far, now at startProcess: done updating pids map
10-31 10:41:14.911  1785  1785 W Looper  : Slow dispatch took 9221ms main h=com.android.server.notification.NotificationManagerService$WorkerHandler c=null m=3
10-31 10:41:17.507  1785  1785 W Looper  : Slow delivery took 9215ms main h=com.android.server.notification.NotificationManagerService$WorkerHandler c=null m=3
10-31 10:41:17.507  1785  1785 W Looper  : Slow dispatch took 2596ms main h=com.android.server.notification.NotificationManagerService$WorkerHandler c=null m=3
10-31 10:41:22.839  1785  1785 W Looper  : Drained
10-31 10:41:23.234  1785  1796 W ActivityManager: Unable to start service Intent { cmp=com.google.android.gm/com.android.email.service.AttachmentService } U=0: not found
10-31 10:41:27.535  1785  1796 I ActivityManager: Killing 3551:com.google.android.apps.maps/u0a62 (adj 906): empty #17
10-31 10:41:28.598  1785  1814 I ActivityManager: Force stopping com.google.android.googlequicksearchbox appid=10029 user=0: pkg removed
10-31 10:41:28.687  1785  1802 I ActivityManager: Start proc 4942:com.google.android.googlequicksearchbox:search/u0a29 for broadcast com.google.android.googlequicksearchbox/com.google.android.apps.gsa.broadcastreceiver.external.PixelLauncherBroadcastReceiver
10-31 10:41:31.159  1785  1785 W Looper  : Slow dispatch took 2530ms main h=android.app.ActivityThread$H c=android.app.-$$Lambda$LoadedApk$ReceiverDispatcher$Args$_BumDX2UKsnxLVrE6UJsJZkotuA@efcc462 m=0
10-31 10:41:31.159  1785  1785 W Looper  : Slow delivery took 2544ms main h=android.app.ActivityThread$H c=android.app.-$$Lambda$LoadedApk$ReceiverDispatcher$Args$_BumDX2UKsnxLVrE6UJsJZkotuA@b41a9f3 m=0
10-31 10:41:31.173  1785  1802 I ActivityManager: Start proc 4967:com.android.keychain/1000 for service com.android.keychain/.KeyChainService
10-31 10:41:32.076  1785  1785 W Looper  : Slow dispatch took 868ms main h=android.app.ActivityThread$H c=android.app.-$$Lambda$LoadedApk$ReceiverDispatcher$Args$_BumDX2UKsnxLVrE6UJsJZkotuA@3ccf929 m=0
10-31 10:41:32.794  1785  1785 W Looper  : Slow dispatch took 716ms main h=android.app.ActivityThread$H c=android.app.-$$Lambda$LoadedApk$ReceiverDispatcher$Args$_BumDX2UKsnxLVrE6UJsJZkotuA@766646b m=0
10-31 10:41:32.900  1785  1785 W Looper  : Slow dispatch took 107ms main h=android.os.Handler c=android.app.-$$Lambda$LoadedApk$ReceiverDispatcher$Args$_BumDX2UKsnxLVrE6UJsJZkotuA@ef38bc8 m=0
10-31 10:41:33.899  1785  1785 W Looper  : Slow dispatch took 953ms main h=android.app.ActivityThread$H c=android.app.-$$Lambda$LoadedApk$ReceiverDispatcher$Args$_BumDX2UKsnxLVrE6UJsJZkotuA@397e99 m=0
10-31 10:41:33.930  1785  1785 I Telecom : DefaultDialerCache: Refreshing default dialer for user 0: now com.google.android.dialer: DDC.oR@AFc
10-31 10:41:34.110  1785  1785 W Looper  : Slow dispatch took 179ms main h=android.app.ActivityThread$H c=android.app.-$$Lambda$LoadedApk$ReceiverDispatcher$Args$_BumDX2UKsnxLVrE6UJsJZkotuA@b4cfa40 m=0
10-31 10:41:34.211  1785  1785 W Looper  : Slow dispatch took 100ms main h=android.app.ActivityThread$H c=android.app.-$$Lambda$LoadedApk$ReceiverDispatcher$Args$_BumDX2UKsnxLVrE6UJsJZkotuA@1863d79 m=0
10-31 10:41:34.224  1785  1785 I Telecom : DefaultDialerCache: Refreshing default dialer for user 0: now com.google.android.dialer: DDC.oR@AFg
10-31 10:41:34.225  1785  1785 V SettingsProvider: Notifying for 0: content://settings/global/Phenotype_boot_count
10-31 10:41:34.418  1785  1785 W Looper  : Slow dispatch took 193ms main h=com.android.server.notification.NotificationManagerService$WorkerHandler c=com.android.server.notification.NotificationManagerService$15@76e375d m=0
10-31 10:41:35.748  1785  2485 I ActivityManager: Killing 3959:com.google.android.apps.messaging:rcs/u0a74 (adj 906): empty #17
10-31 10:41:38.645  1785  1800 W BroadcastQueue: Timeout of broadcast BroadcastRecord{d227e0a u0 com.google.android.apps.gsa.smartspace.ENABLE_UPDATE} - receiver=android.os.BinderProxy@dba18d2, started 10002ms ago
10-31 10:41:38.645  1785  1800 W BroadcastQueue: Receiver during timeout of BroadcastRecord{d227e0a u0 com.google.android.apps.gsa.smartspace.ENABLE_UPDATE} : ResolveInfo{38bda3 com.google.android.googlequicksearchbox/com.google.android.apps.gsa.broadcastreceiver.external.PixelLauncherBroadcastReceiver m=0x108000}
10-31 10:41:42.242  1785  1785 W Looper  : Slow dispatch took 7823ms main h=com.android.server.notification.NotificationManagerService$WorkerHandler c=null m=3
10-31 10:41:44.574  1785  1785 W Looper  : Drained
10-31 10:41:46.250  1785  1799 W Looper  : Slow dispatch took 17632ms android.bg h=android.os.Handler c=android.app.-$$Lambda$LoadedApk$ReceiverDispatcher$Args$_BumDX2UKsnxLVrE6UJsJZkotuA@c5f4d85 m=0
10-31 10:41:46.251  1785  1800 E ActivityManager: ANR in com.google.android.googlequicksearchbox:search
10-31 10:41:46.251  1785  1800 E ActivityManager: PID: 4942
10-31 10:41:46.251  1785  1800 E ActivityManager: Reason: Broadcast of Intent { act=com.google.android.apps.gsa.smartspace.ENABLE_UPDATE flg=0x10000010 pkg=com.google.android.googlequicksearchbox cmp=com.google.android.googlequicksearchbox/com.google.android.apps.gsa.broadcastreceiver.external.PixelLauncherBroadcastReceiver }
10-31 10:41:46.251  1785  1800 E ActivityManager: Load: 0.0 / 0.0 / 0.0
10-31 10:41:46.251  1785  1800 E ActivityManager: CPU usage from 77574ms to 0ms ago (2019-10-31 10:40:26.672 to 2019-10-31 10:41:44.247):
10-31 10:41:46.251  1785  1800 E ActivityManager:   8.1% 1634/surfaceflinger: 4.7% user + 3.4% kernel / faults: 266 minor
10-31 10:41:46.251  1785  1800 E ActivityManager:   6.9% 3910/host.exp.exponent: 4.6% user + 2.2% kernel / faults: 36 minor 4 major
10-31 10:41:46.251  1785  1800 E ActivityManager:   5.6% 1785/system_server: 3.3% user + 2.2% kernel / faults: 14931 minor 271 major
10-31 10:41:46.251  1785  1800 E ActivityManager:   5.5% 2015/com.android.systemui: 1.5% user + 4% kernel / faults: 506 minor 9 major
10-31 10:41:46.251  1785  1800 E ActivityManager:   1.5% 3842/com.google.android.gms.persistent: 1% user + 0.5% kernel / faults: 4679 minor 71 major
10-31 10:41:46.251  1785  1800 E ActivityManager:   1.1% 1537/android.hardware.sensors@1.0-service: 0.1% user + 1% kernel / faults: 38 minor
10-31 10:41:46.251  1785  1800 E ActivityManager:   1.1% 1664/android.hardware.graphics.composer@2.1-service: 0% user + 1.1% kernel / faults: 94 minor 2 major
10-31 10:41:46.251  1785  1800 E ActivityManager:   0.6% 2441/com.google.android.gms: 0.4% user + 0.2% kernel / faults: 2665 minor 54 major
10-31 10:41:46.251  1785  1800 E ActivityManager:   0.6% 1569/kworker/u5:1: 0% user + 0.6% kernel
10-31 10:41:46.251  1785  1800 E ActivityManager:   0.7% 1570/kworker/u5:2: 0% user + 0.7% kernel
10-31 10:41:46.251  1785  1800 E ActivityManager:   0.5% 2383/adbd: 0% user + 0.5% kernel / faults: 50166 minor
10-31 10:41:46.251  1785  1800 E ActivityManager:   0.3% 4207/kworker/u4:1: 0% user + 0.3% kernel
10-31 10:41:46.251  1785  1800 E ActivityManager:   0.2% 2002/com.android.phone: 0.1% user + 0% kernel / faults: 325 minor 17 major
10-31 10:41:46.251  1785  1800 E ActivityManager:   0.1% 2400/com.google.process.gservices: 0% user + 0.1% kernel / faults: 217 minor 4 major
10-31 10:41:46.251  1785  1800 E ActivityManager:   0.1% 2517/com.google.android.apps.nexuslauncher: 0% user + 0% kernel / faults: 1358 minor 25 major
10-31 10:41:46.251  1785  1800 E ActivityManager:   0% 1655/media.codec: 0% user + 0% kernel / faults: 2582 minor 4 major
10-31 10:41:46.251  1785  1800 E ActivityManager:   0.1% 621/kswapd0: 0% user + 0.1% kernel
10-31 10:41:46.251  1785  1800 E ActivityManager:   0% 1468/logd: 0% user + 0% kernel / faults: 11 minor 1 major
10-31 10:41:46.251  1785  1800 E ActivityManager:   0% 1635/zygote: 0% user + 0% kernel / faults: 900 minor
10-31 10:41:46.251  1785  1800 E ActivityManager:   0% 1//init: 0% user + 0% kernel
10-31 10:41:46.251  1785  1800 E ActivityManager:   0% 2962/com.android.vending: 0% user + 0% kernel / faults: 39 minor 26 major
10-31 10:41:46.251  1785  1800 E ActivityManager:   0% 3/ksoftirqd/0: 0% user + 0% kernel
10-31 10:41:46.251  1785  1800 E ActivityManager:   0% 7/rcu_preempt: 0% user + 0% kernel
10-31 10:41:46.251  1785  1800 E ActivityManager:   0% 1626/jbd2/dm-0-8: 0% user + 0% kernel
10-31 10:41:46.251  1785  1800 E ActivityManager:   0% 2593/com.google.process.gapps: 0% user + 0% kernel / faults: 65 minor 3 major
10-31 10:41:46.251  1785  1800 E ActivityManager:   0% 1642/media.extractor: 0% user + 0% kernel / faults: 1102 minor 1 major
10-31 10:41:46.251  1785  1800 E ActivityManager:   0% 1565/dmcrypt_write: 0% user + 0% kernel
10-31 10:41:46.251  1785  1800 E ActivityManager:   0% 1649/wificond: 0% user + 0% kernel / faults: 1 minor
10-31 10:41:46.251  1785  1800 E ActivityManager:   0% 1660/tombstoned: 0% user + 0% kernel / faults: 1 major
10-31 10:41:46.251  1785  1800 E ActivityManager:   0% 4090/com.google.android.apps.messaging: 0% user + 0% kernel / faults: 115 minor 10 major
10-31 10:41:46.251  1785  1800 E ActivityManager:   0% 4497/android.process.acore: 0% user + 0% kernel / faults: 99 minor 6 major
10-31 10:41:46.251  1785  1800 E ActivityManager:   0% 1469/servicemanager: 0% user + 0% kernel
10-31 10:41:46.251  1785  1800 E ActivityManager:   0% 1643/media.metrics: 0% user + 0% kernel / faults: 19 minor
10-31 10:41:46.251  1785  1800 E ActivityManager:   0% 12/ksoftirqd/1: 0% user + 0% kernel
10-31 10:41:46.251  1785  1800 E ActivityManager:   0% 921/kworker/u4:3: 0% user + 0% kernel
10-31 10:41:46.251  1785  1800 E ActivityManager:   0% 1533/android.hardware.gnss@1.0-service: 0% user + 0% kernel
10-31 10:41:46.251  1785  1800 E ActivityManager:   0% 1538/android.hardware.wifi@1.0-service: 0% user + 0% kernel
10-31 10:41:46.251  1785  1800 E ActivityManager:   0% 1541/audioserver: 0% user + 0% kernel / faults: 48 minor
10-31 10:41:46.251  1785  1800 E ActivityManager:   0% 1542/lmkd: 0% user + 0% kernel
10-31 10:41:46.251  1785  1800 E ActivityManager:   0% 1563/kworker/u5:0: 0% user + 0% kernel
10-31 10:41:46.251  1785  1800 E ActivityManager:   0% 1576/kworker/0:1H: 0% user + 0% kernel
10-31 10:41:46.251  1785  1800 E ActivityManager:   0% 1645/netd: 0% user + 0% kernel / faults: 32 minor
10-31 10:41:46.251  1785  1800 E ActivityManager:   0% 1647/statsd: 0% user + 0% kernel / faults: 3 minor 3 major
10-31 10:41:46.251  1785  1800 E ActivityManager:   0% 1657/rild: 0% user + 0% kernel
10-31 10:41:46.251  1785  1800 E ActivityManager:   0% 1663/android.hardware.biometrics.fingerprint@2.1-service: 0% user + 0% kernel
10-31 10:41:46.251  1785  1800 E ActivityManager:   0% 1896/com.google.android.inputmethod.latin: 0% user + 0% kernel / faults: 10 minor 17 major
10-31 10:41:46.251  1785  1800 E ActivityManager:   0% 2422/com.google.android.setupwizard: 0% user + 0% kernel
10-31 10:41:46.251  1785  1800 E ActivityManager:   0% 3262/com.android.providers.calendar: 0% user + 0% kernel
10-31 10:41:46.251  1785  1800 E ActivityManager:   0% 4571/com.android.defcontainer: 0% user + 0% kernel / faults: 109 minor
10-31 10:41:46.251  1785  1800 E ActivityManager:   0% 4664/kworker/1:1: 0% user + 0% kernel
10-31 10:41:46.251  1785  1800 E ActivityManager:  +0% 4730/com.google.android.gm: 0% user + 0% kernel
10-31 10:41:46.251  1785  1800 E ActivityManager:  +0% 4863/com.google.android.onetimeinitializer: 0% user + 0% kernel
10-31 10:41:46.251  1785  1800 E ActivityManager:  +0% 4884/com.google.android.packageinstaller: 0% user + 0% kernel
10-31 10:41:46.251  1785  1800 E ActivityManager:  +0% 4902/com.google.android.partnersetup: 0% user + 0% kernel
10-31 10:41:46.251  1785  1800 E ActivityManager:  +0% 4942/com.google.android.googlequicksearchbox:search: 0% user + 0% kernel
10-31 10:41:46.251  1785  1800 E ActivityManager:  +0% 4967/com.android.k
10-31 10:41:46.253  1785  1800 I ActivityManager: Killing 4942:com.google.android.googlequicksearchbox:search/u0a29 (adj 0): bg anr
10-31 10:41:46.298  1785  3613 I ActivityManager: Killing 2517:com.google.android.apps.nexuslauncher/u0a21 (adj 100): depends on provider com.google.android.googlequicksearchbox/com.google.android.apps.gsa.staticplugins.publiccontent.GsaPublicContentProvider in dying proc com.google.android.googlequicksearchbox:search (adj 0)
10-31 10:41:46.348  1785  3458 D NotificationListeners: Removing active service ComponentInfo{com.google.android.apps.nexuslauncher/com.android.launcher3.notification.NotificationListener}
10-31 10:41:46.349  1785  1785 V NotificationListeners: notification listener connection lost: ComponentInfo{com.google.android.apps.nexuslauncher/com.android.launcher3.notification.NotificationListener}
10-31 10:41:46.349  1785  3841 I WindowManager: WIN DEATH: Window{79ee38 u0 com.google.android.apps.nexuslauncher/com.google.android.apps.nexuslauncher.NexusLauncherActivity}
10-31 10:41:46.351  1785  3458 W ActivityManager: Scheduling restart of crashed service com.google.android.apps.nexuslauncher/com.android.launcher3.notification.NotificationListener in 1000ms
10-31 10:41:46.351  1785  3458 W ActivityManager: Scheduling restart of crashed service com.google.android.apps.nexuslauncher/com.android.quickstep.TouchInteractionService in 11000ms
10-31 10:41:46.485  1785  1801 W Looper  : Slow dispatch took 134ms android.ui h=com.android.server.am.ActivityManagerService$UiHandler c=null m=53
10-31 10:41:46.488  1785  1808 W ActivityManager: setHasOverlayUi called on unknown pid: 2517
10-31 10:41:47.367  1785  1802 I ActivityManager: Start proc 5018:com.google.android.apps.nexuslauncher/u0a21 for service com.google.android.apps.nexuslauncher/com.android.launcher3.notification.NotificationListener
10-31 10:41:48.921  1785  1802 I ActivityManager: Start proc 5032:com.google.android.googlequicksearchbox:search/u0a29 for service com.google.android.googlequicksearchbox/com.firebase.jobdispatcher.GooglePlayReceiver
10-31 10:41:49.297  1785  2484 I ActivityManager: Killing 4090:com.google.android.apps.messaging/u0a74 (adj 906): empty #17
10-31 10:41:49.344  1785  3529 D ConnectivityService: ConnectivityService NetworkRequestInfo binderDied(NetworkRequest [ TRACK_DEFAULT id=16, [ Capabilities: INTERNET&NOT_RESTRICTED&TRUSTED Unwanted:  Uid: 10074] ], android.os.BinderProxy@7c6d57e)
10-31 10:41:49.344  1785  1796 D ConnectivityService: ConnectivityService NetworkRequestInfo binderDied(NetworkRequest [ LISTEN id=17, [ Capabilities: INTERNET&NOT_RESTRICTED&TRUSTED Unwanted:  Uid: 10074] ], android.os.BinderProxy@2297adf)
10-31 10:41:49.350  1785  1873 D ConnectivityService: releasing NetworkRequest [ TRACK_DEFAULT id=16, [ Capabilities: INTERNET&NOT_RESTRICTED&TRUSTED Unwanted:  Uid: 10074] ] (release request)
10-31 10:41:50.073  1785  1802 I ActivityManager: Start proc 5055:com.google.process.gapps/u0a40 for broadcast com.google.android.syncadapters.contacts/.ContactsSyncAdapterBroadcastReceiver
10-31 10:41:50.310  1785  2728 I ActivityManager: Killing 3004:android.process.media/u0a12 (adj 906): empty #17
10-31 10:41:50.804  1785  1785 W Looper  : Slow dispatch took 248ms main h=com.android.server.accessibility.AccessibilityManagerService$MainHandler c=com.android.server.accessibility.-$$Lambda$AccessibilityManagerService$RFkfb_W9wnTTs_gy8Dg3k2uQOYQ@8b0bb89 m=0
10-31 10:41:52.370  1785  1802 I ActivityManager: Start proc 5092:com.google.android.googlequicksearchbox:interactor/u0a29 for service com.google.android.googlequicksearchbox/com.google.android.voiceinteraction.GsaVoiceInteractionService
10-31 10:41:53.251  1785  1785 W Looper  : Slow dispatch took 303ms main h=android.app.ActivityThread$H c=android.app.LoadedApk$ServiceDispatcher$RunConnection@635d911 m=0
10-31 10:41:53.252  1785  1785 W Looper  : Slow delivery took 293ms main h=android.app.ActivityThread$H c=android.app.LoadedApk$ServiceDispatcher$RunConnection@136ca76 m=0
10-31 10:41:53.260  1785  1785 W Looper  : Drained
10-31 10:41:53.936  5092  5092 W KeyphraseEnrollmentInfo: No enrollment application supports the given keyphrase/locale: 'Ok Google'/en_US
10-31 10:41:53.936  5092  5092 W KeyphraseEnrollmentInfo: No enrollment application supports the given keyphrase/locale: 'Ok Google'/en_US
10-31 10:41:54.232  5092  5092 W KeyphraseEnrollmentInfo: No enrollment application supports the given keyphrase/locale: 'X Google'/en_US
10-31 10:41:54.232  5092  5092 W KeyphraseEnrollmentInfo: No enrollment application supports the given keyphrase/locale: 'X Google'/en_US
10-31 10:41:55.441  1785  1802 I ActivityManager: Start proc 5148:com.google.android.videos/u0a60 for broadcast com.google.android.videos/.service.pinning.TransferService$Receiver
10-31 10:41:59.239  1785  1785 W Looper  : Slow dispatch took 5147ms main h=com.android.server.notification.NotificationManagerService$WorkerHandler c=null m=3
10-31 10:41:59.810  1648  1686 E storaged: getDiskStats failed with result NOT_SUPPORTED and size 0
10-31 10:42:01.444  1785  1785 W Looper  : Slow delivery took 5138ms main h=com.android.server.notification.NotificationManagerService$WorkerHandler c=null m=3
10-31 10:42:01.444  1785  1785 W Looper  : Slow dispatch took 2205ms main h=com.android.server.notification.NotificationManagerService$WorkerHandler c=null m=3
10-31 10:42:01.680  1785  1785 W Looper  : Slow dispatch took 212ms main h=android.database.sqlite.SQLiteConnectionPool$IdleConnectionHandler c=null m=1
10-31 10:42:02.118  1785  1863 W ActivityManager: Slow operation: 539ms so far, now at getContentProviderImpl: incProviderCountLocked
10-31 10:42:02.118  1785  1863 W ActivityManager: Slow operation: 539ms so far, now at getContentProviderImpl: before updateLruProcess
10-31 10:42:02.118  1785  1863 W ActivityManager: Slow operation: 539ms so far, now at getContentProviderImpl: after updateLruProcess
